16:03:45 Looking for alm\*.p in d:\newsie\on_in_co\APLIC
Compiling alm\actualiza-cissac.p
Nombre de Base de Datos cissac desconocida. (855)
Nombre de Base de Datos cissac desconocida. (855)
Tabla desconocida o ambigua almcinv (725)
** d:\newsie\on_in_co\APLIC\alm\actualiza-cissac.p No se entiende línea 14. (196)
Compiling alm\actualizaalmacen.p
Compiling alm\aj-ing.p
** Nombre de campo o variable desconocido - s-codcia. (201)
** d:\newsie\on_in_co\APLIC\alm\aj-ing.p No se entiende línea 3. (196)
Compiling alm\aj-sal.p
** Nombre de campo o variable desconocido - s-codcia. (201)
** d:\newsie\on_in_co\APLIC\alm\aj-sal.p No se entiende línea 3. (196)
Compiling alm\almacen-library.p
Compiling alm\ALMACPR1 - copia.P
Compiling alm\almacpr1.P
Compiling alm\ALMACPR2.P
Compiling alm\ALMACPRE.P
Compiling alm\ALMACSTK - copia.P
Compiling alm\almacstk.P
Compiling alm\ALMCGSTK.P
Compiling alm\ALMDCSTK - copia.P
Compiling alm\almdcstk.P
Compiling alm\ALMDGSTK.P
Compiling alm\AlmStock.p
Compiling alm\barras.p
Compiling alm\barras1.p
** Imposible entender la continuación de -- "each almmmatg". (247)
** d:\newsie\on_in_co\APLIC\alm\barras1.p Línea 2--Instr.FOR, DO, REPEAT, o EDITING incorrectas. (194)
Compiling alm\barras2.p
Compiling alm\borrainconsistencia.p
Compiling alm\calc-costo-promedio - copia (2).p
Compiling alm\calc-costo-promedio - copia.p
Compiling alm\calc-costo-promedio.p
Compiling alm\CAMBIA.P
Compiling alm\cantidadxsemana.p
Compiling alm\carga-cissac-a.p
Nombre de Base de Datos cissac desconocida. (855)
Nombre de Base de Datos cissac desconocida. (855)
Tabla desconocida o ambigua almmmatg (725)
** d:\newsie\on_in_co\APLIC\alm\carga-cissac-a.p No se entiende línea 99. (196)
Compiling alm\carga-cissac-b.p
Nombre de Base de Datos cissac desconocida. (855)
Nombre de Base de Datos cissac desconocida. (855)
Tabla desconocida o ambigua almmmatg (725)
** d:\newsie\on_in_co\APLIC\alm\carga-cissac-b.p No se entiende línea 102. (196)
Compiling alm\carga-cissac.p
Nombre de Base de Datos cissac desconocida. (855)
Nombre de Base de Datos cissac desconocida. (855)
Tabla desconocida o ambigua almmmatg (725)
** d:\newsie\on_in_co\APLIC\alm\carga-cissac.p No se entiende línea 26. (196)
Compiling alm\compras-valorizadas.p
** factor es ambiguo entre Almdmov.Factor y Almmmatg.FactorPadre. (72)
** d:\newsie\on_in_co\APLIC\alm\compras-valorizadas.p No se entiende línea 14. (196)
Compiling alm\Copia de genera-otr.p
Compiling alm\Copia de genera-str.p
Compiling alm\ctorepos.p
Compiling alm\d-exialmrep.p
Compiling alm\D-vtaprv.p
WARNING: modificador diferente a AT, TO, BGCOLOR, DCOLOR, FGCOLOR, FONT, o VIEW-AS TEXT para la constante " PERIODO DE VENTA :  " fue ignorado. (3077)
WARNING: modificador diferente a AT, TO, BGCOLOR, DCOLOR, FGCOLOR, FONT, o VIEW-AS TEXT para la constante "  DIAS " fue ignorado. (3077)
Compiling alm\D-vtaprv2.p
WARNING: modificador diferente a AT, TO, BGCOLOR, DCOLOR, FGCOLOR, FONT, o VIEW-AS TEXT para la constante " PERIODO DE VENTA :  " fue ignorado. (3077)
WARNING: modificador diferente a AT, TO, BGCOLOR, DCOLOR, FGCOLOR, FONT, o VIEW-AS TEXT para la constante "  DIAS " fue ignorado. (3077)
Compiling alm\D-vtaprv3.p
WARNING: modificador diferente a AT, TO, BGCOLOR, DCOLOR, FGCOLOR, FONT, o VIEW-AS TEXT para la constante " PERIODO DE VENTA :  " fue ignorado. (3077)
WARNING: modificador diferente a AT, TO, BGCOLOR, DCOLOR, FGCOLOR, FONT, o VIEW-AS TEXT para la constante "  DIAS " fue ignorado. (3077)
Compiling alm\D-vtaprv4.p
WARNING: modificador diferente a AT, TO, BGCOLOR, DCOLOR, FGCOLOR, FONT, o VIEW-AS TEXT para la constante " PERIODO DE VENTA :  " fue ignorado. (3077)
WARNING: modificador diferente a AT, TO, BGCOLOR, DCOLOR, FGCOLOR, FONT, o VIEW-AS TEXT para la constante "  DIAS " fue ignorado. (3077)
Compiling alm\Desasignacion codigos.p
Compiling alm\diana.p
Compiling alm\f-flgrut.p
Compiling alm\genera-otr-ventas.p
Compiling alm\genera-otr.p
Compiling alm\genera-ra-por-ran.p
Compiling alm\genera-str.p
Compiling alm\GLOBAL.P
Compiling alm\Global1.p
Compiling alm\ing-trf-vir-del.p
Compiling alm\ing-trf-vir.p
Compiling alm\MENUALMA.p
Compiling alm\menualmxd.p
Compiling alm\ordencompraentransito.p
Compiling alm\p-articulo-en-transito.p
Compiling alm\p-bgring.p
Compiling alm\p-carga-cissac.p
Compiling alm\p-catcontiacissac.p
Compiling alm\p-ciealm-01.p
Compiling alm\p-ciealm.p
Compiling alm\p-codbrr-inv.p
Compiling alm\p-codbrr.p
Compiling alm\P-CONGER.P
Compiling alm\p-control-ing-por-transf.p
Compiling alm\p-estad.p
Compiling alm\p-genera-ing-dev-cli-v2.p
Compiling alm\p-genera-ing-dev-cli.p
Compiling alm\p-genera-ing-dev-otr-v2.p
* AVISO- palabra TRANSACTION dentro de una transacción actual. (214)
Compiling alm\p-genera-ing-dev-otr.p
* AVISO- palabra TRANSACTION dentro de una transacción actual. (214)
Compiling alm\p-genera-ingtransf-otr-v2.p
Compiling alm\p-genera-ingtransf-otr.p
Compiling alm\p-genera-ra-por-incidencia.p
Compiling alm\p-inicio-01.p
Compiling alm\p-inicio-02.p
Compiling alm\p-inicio.p
Compiling alm\p-logmmatg-cissac-a.p
Compiling alm\p-logmmatg-cissac.p
Compiling alm\p-master-ingresos-dev-otr.p
Compiling alm\p-migra-catalg-a-cissac.p
Compiling alm\p-minmax-mate.p
Compiling alm\p-pedrepaut.p
Compiling alm\p-pik-asigna-tarea.p
Compiling alm\p-rep018.p
Compiling alm\p-rep022.p
Compiling alm\p-repo-savar.p
Compiling alm\p-repo01.p
Compiling alm\p-repo02.p
Compiling alm\p-repo12.p
Compiling alm\P-STKA01.P
Compiling alm\p-stock-marbetes.p
Compiling alm\p-tmp_invconsolidado.p
Compiling alm\p-tmp_invconteo.p
Compiling alm\p-tope-pedido.p
Compiling alm\pactualizareposicion.p
Compiling alm\pedidoreposicionentransito.p
Compiling alm\pkitxencarte.p
Compiling alm\print.p
Compiling alm\priny.p
Compiling alm\prueba.p
Compiling alm\qctopromedio.p
Compiling alm\r-fam.p
Compiling alm\r-impconv.p
WARNING: modificador diferente a AT, TO, BGCOLOR, DCOLOR, FGCOLOR, FONT, o VIEW-AS TEXT para la constante " NUEVO R.U.C 20100038146 " fue ignorado. (3077)
WARNING: modificador diferente a AT, TO, BGCOLOR, DCOLOR, FGCOLOR, FONT, o VIEW-AS TEXT para la constante " G/R  " fue ignorado. (3077)
Compiling alm\r-impfmt-1.P
Compiling alm\R-IMPFMT.P
Compiling alm\r-impgui-v2.p
WARNING: modificador diferente a AT, TO, BGCOLOR, DCOLOR, FGCOLOR, FONT, o VIEW-AS TEXT para la constante " Nro. Req. " fue ignorado. (3077)
WARNING: modificador diferente a AT, TO, BGCOLOR, DCOLOR, FGCOLOR, FONT, o VIEW-AS TEXT para la constante " G/R  " fue ignorado. (3077)
Compiling alm\R-impgui.p
WARNING: modificador diferente a AT, TO, BGCOLOR, DCOLOR, FGCOLOR, FONT, o VIEW-AS TEXT para la constante " Nro. Req. " fue ignorado. (3077)
WARNING: modificador diferente a AT, TO, BGCOLOR, DCOLOR, FGCOLOR, FONT, o VIEW-AS TEXT para la constante " G/R  " fue ignorado. (3077)
Compiling alm\r-impliscon.p
Compiling alm\R-IMPMUE.P
WARNING: modificador diferente a AT, TO, BGCOLOR, DCOLOR, FGCOLOR, FONT, o VIEW-AS TEXT para la constante " N.I.T. 20100038146 " fue ignorado. (3077)
Compiling alm\r-impmue2.p
WARNING: modificador diferente a AT, TO, BGCOLOR, DCOLOR, FGCOLOR, FONT, o VIEW-AS TEXT para la constante " 8 Muestras  " fue ignorado. (3077)
WARNING: modificador diferente a AT, TO, BGCOLOR, DCOLOR, FGCOLOR, FONT, o VIEW-AS TEXT para la constante " G/R  " fue ignorado. (3077)
Compiling alm\r-impreq.p
Compiling alm\r-imprut.p
** Falta un FOR, FIND ó CREATE para la tabla con NumOrd en el bloque actual. (232)
** d:\newsie\on_in_co\APLIC\alm\r-imprut.p No se entiende línea 101. (196)
Compiling alm\R-MODVAL.P
WARNING: modificador diferente a AT, TO, BGCOLOR, DCOLOR, FGCOLOR, FONT, o VIEW-AS TEXT para la constante " CODIGO  CANTIDAD    UND.          DESCRIPCION                MARCA      VALOR VENTA  DSCT1 DSCT2 DSCT3 I.G.V.  VALOR S/.  P.NETO      " fue ignorado. (3077)
Compiling alm\recal-unix.p
El bloque de código correspondiente ya terminó o falta. (3593)
** d:\newsie\on_in_co\APLIC\alm\recal-unix.p No se entiende línea 252. (196)
Compiling alm\ruben001.p
Compiling alm\ruben002.p
** codigo es ambiguo entre almtabla.Codigo y Almmmatg.CodigoPadre. (72)
** d:\newsie\on_in_co\APLIC\alm\ruben002.p No se entiende línea 33. (196)
Compiling alm\ruben003.p
Compiling alm\ruben004.p
Compiling alm\ruben005.p
Compiling alm\ruben005b.p
Compiling alm\ruben006.p
Compiling alm\ruben007.p
Compiling alm\sal-trf-vir-del.p
Compiling alm\sal-trf-vir.p
Compiling alm\saldo-inicial.p
Compiling alm\stock10003814.p
Compiling alm\stockvaloriproveedor-articulo.p
Compiling alm\stockvaloriproveedor.p
Compiling alm\stockvaloriproveedor3.p
Nombre de Base de Datos test desconocida. (855)
** d:\newsie\on_in_co\APLIC\alm\stockvaloriproveedor3.p No se entiende línea 20. (196)
Compiling alm\stockxalmacen-ate.p
Compiling alm\stockxalmacen-lima.p
Compiling alm\stockxalmacen.p
Compiling alm\stockxalmacen2.p
Compiling alm\sunat001.p
Compiling alm\sunat002.p
Compiling alm\sunat002a.p
Compiling alm\sunat003.p
Compiling alm\susana01.p
Compiling alm\susana03.p
Compiling alm\susana04.p
Compiling alm\susana05.p
Compiling alm\TIPDOC.P
Compiling alm\TMPACT1.P
Nombre de Base de Datos THGERENC desconocida. (855)
Nombre de Base de Datos THGERENC desconocida. (855)
Tabla desconocida o ambigua TMPROD98 (725)
** d:\newsie\on_in_co\APLIC\alm\TMPACT1.P No se entiende línea 1. (196)
Compiling alm\VERALM.P
Compiling alm\x-kardex.p
Imposible entender instrucción SELF-NAME. (3583)
** d:\newsie\on_in_co\APLIC\alm\x-kardex.p No se entiende línea 1. (196)
Compiling alm\_PRN.P
16:04:35 Looking for alm\*.w in d:\newsie\on_in_co\APLIC
Compiling alm\b-abc.w
Compiling alm\b-abcd.w
Compiling alm\B-ACTALM.W
Compiling alm\b-actualiza-minmax-bloque-v4.w
Compiling alm\b-actualiza-minmax-bloque-v41.w
Compiling alm\b-actualiza-minmax-bloque.w
Compiling alm\b-ajting.w
Compiling alm\b-ajtsal.w
Compiling alm\b-almacen-01.w
Compiling alm\b-almacen-principal.w
Compiling alm\b-almacen-secundario.w
Compiling alm\b-almacen-ventas-mat.w
Compiling alm\b-almacen-ventas-res.w
Compiling alm\b-almacenes.w
Compiling alm\B-ALMCEN.W
Compiling alm\b-almckit.w
Compiling alm\b-almcmov-02.w
Compiling alm\b-almcmov-02a.w
Compiling alm\b-almcrecl.w
Compiling alm\b-almdespcompra.w
Compiling alm\b-almdkit.w
Compiling alm\b-almdmov-01.w
Compiling alm\b-almdrecl.w
Compiling alm\b-almmmatg-minmax-v3.w
Compiling alm\b-almmmatg-minmax-v4.w
Compiling alm\b-almmmatg-minmax-v41.w
Compiling alm\b-almrep-2.w
Compiling alm\b-almrep.w
Compiling alm\B-APESTK.W
Compiling alm\b-aprcat-almacenes.w
Compiling alm\b-aprcat.w
Compiling alm\b-aprob-abastec-cab - copia.w
Compiling alm\b-aprob-abastec-cab.w
Compiling alm\b-aprob-abastec-d - copia.w
Compiling alm\b-aprob-abastec-d-ro.w
Compiling alm\b-aprob-abastec-d.w
Compiling alm\b-aprob-abastec-det - copia.w
Compiling alm\b-aprob-abastec-det.w
Compiling alm\b-aprob-abastec-v2.w
Compiling alm\b-aprob-abastec-v21.w
Compiling alm\b-aprob-abastec-v3.w
Compiling alm\b-aprob-abastec.w
Compiling alm\b-aprpedrep-01.w
Compiling alm\b-aprpedrep-a.w
Compiling alm\b-aprpedrep-av2.w
Compiling alm\b-aprpedrep-v2.w
Compiling alm\b-aprpedrep-v21 - copia.w
Compiling alm\b-aprpedrep-v21.w
Compiling alm\b-aprpedrep.w
Compiling alm\b-aprpedrep2.w
Compiling alm\b-aprpedrepb-v2.w
Compiling alm\B-ARTALM.W
Compiling alm\b-artalm02.w
Compiling alm\b-artalmv2.w
Compiling alm\b-artalmv3.w
Compiling alm\b-asig-por-cc.w
Compiling alm\b-asigna-articulos.w
Compiling alm\b-asigna-min-max-v3.w
Compiling alm\b-asigna-min-max-v4.w
Compiling alm\b-asigna-min-max.w
Compiling alm\b-asigna-min-maxv2.w
Compiling alm\b-asigna-min-maxv21.w
Compiling alm\b-asigna-min-maxv22.w
Compiling alm\b-asigna-res-zg.w
Compiling alm\b-asigna-res-zgv4.w
Compiling alm\B-ASTCBD.W
Compiling alm\b-atributosc.w
Compiling alm\b-atributosd.w
Compiling alm\B-AUTMOV.W
Compiling alm\b-carga-categoria-cbd.w
Compiling alm\B-CATCON.W
Compiling alm\b-catcontab.w
Compiling alm\b-categoria-cbd.w
Compiling alm\b-catmat-rpt.w
Compiling alm\b-catmat.w
Compiling alm\b-catmatb.w
Compiling alm\b-catmatvip.w
Compiling alm\b-catvta.w
Compiling alm\b-catvta2.w
Compiling alm\b-cbcfgalm-.w
Compiling alm\b-ccdoc-1.w
Compiling alm\b-ccdoc.w
Compiling alm\b-cfg-homologar-ubicaciones.w
Compiling alm\b-cgasol.w
Compiling alm\b-chk-ing-dev-otr-v2.w
Compiling alm\b-chk-ing-dev-otr.w
Compiling alm\b-chk-ing-tra-otr-v2.w
Compiling alm\b-chk-ing-tra-otr.w
Compiling alm\b-chk-ingreso-dev-cli.w
Compiling alm\b-chk-ingreso-dev-otr.w
Compiling alm\b-chk-ingtra-otr-man.w
Compiling alm\b-chk-otr-inc-cab-v2.w
Compiling alm\b-chk-otr-inc-cab.w
Compiling alm\b-chk-otr-inc-det.w
Compiling alm\b-chqingotr-v2.w
Compiling alm\b-chqingotr.w
Compiling alm\b-chqocn.w
Compiling alm\b-chqtrf.w
Compiling alm\b-cierre-chk-ing-tra-otr.w
Compiling alm\b-cierre-chk-ingreso-dev-cli.w
Compiling alm\b-cincidencia.w
Compiling alm\b-cmpautparam.w
Compiling alm\B-CONALM.W
Compiling alm\b-confg-incidencia.w
Compiling alm\b-coning.w
Compiling alm\B-CONINV.W
Nombre de Base de Datos THGERENC desconocida. (855)
Nombre de Base de Datos THGERENC desconocida. (855)
Nombre de tabla desconocido o ambiguo TLGCINV0 (545)
** d:\newsie\on_in_co\APLIC\alm\B-CONINV.W No se entiende línea 49. (196)
Compiling alm\B-CONMOV.W
Compiling alm\b-conpedrep2.w
Compiling alm\b-cons01.w
Compiling alm\b-consal.w
Compiling alm\b-conscntdocum.w
Compiling alm\b-consul-incid-cab.w
Compiling alm\b-consul-incid-det.w
Compiling alm\b-consulta-stock-v2.w
Compiling alm\b-consulta-stock.w
Compiling alm\b-contdif.w
Compiling alm\B-CONTEO.W
Compiling alm\b-conteomanual-savar.w
** Nombre de tabla AlmDIn desconocido. (200)
** d:\newsie\on_in_co\APLIC\alm\b-conteomanual-savar.w No se entiende línea 805. (196)
Compiling alm\b-conteomanual-surq.w
** Nombre de tabla AlmDIn desconocido. (200)
** d:\newsie\on_in_co\APLIC\alm\b-conteomanual-surq.w No se entiende línea 805. (196)
Compiling alm\b-conteomanual-t.w
** Nombre de tabla AlmDIn desconocido. (200)
** d:\newsie\on_in_co\APLIC\alm\b-conteomanual-t.w No se entiende línea 797. (196)
Compiling alm\b-conteomanual.w
Compiling alm\b-conteomanual0.w
** Nombre de tabla AlmDIn desconocido. (200)
** d:\newsie\on_in_co\APLIC\alm\b-conteomanual0.w No se entiende línea 822. (196)
Compiling alm\b-conteomanual1.w
** Nombre de tabla AlmDIn desconocido. (200)
** d:\newsie\on_in_co\APLIC\alm\b-conteomanual1.w No se entiende línea 858. (196)
Compiling alm\b-conteomanual_2.w
** Nombre de tabla AlmDIn desconocido. (200)
** d:\newsie\on_in_co\APLIC\alm\b-conteomanual_2.w No se entiende línea 805. (196)
Compiling alm\B-CONVER - copia.W
Compiling alm\B-CONVER.W
Compiling alm\B-CORRIN.W
Compiling alm\B-CORRSA.W
Compiling alm\B-CORRTR.W
Compiling alm\b-crcdoc-v2.w
Compiling alm\b-crcdoc.w
Compiling alm\b-crepman.w
Compiling alm\b-dcdo-v2.w
Compiling alm\b-dcdo.w
Compiling alm\b-dcdo02-I.w
Compiling alm\b-dcdo02.w
Compiling alm\b-desmos.w
Compiling alm\b-desofi.w
Compiling alm\b-det-sal-almacen.w
Compiling alm\b-detbultos.w
Compiling alm\b-detpages.w
Compiling alm\b-detpages02.w
No se encontró codmat en frame br_table. (3567)
** d:\newsie\on_in_co\APLIC\alm\b-detpages02.w No se entiende línea 650. (196)
No se encontró codmat en frame br_table. (3567)
** d:\newsie\on_in_co\APLIC\alm\b-detpages02.w No se entiende línea 656. (196)
Compiling alm\B-DEVCMP.W
Compiling alm\b-di-rutac-01.w
Compiling alm\b-dincidencia.w
Compiling alm\B-DISALM.W
Compiling alm\b-drepman.w
Compiling alm\b-drepo.w
Compiling alm\b-ean14.w
Compiling alm\b-ecommerce-transf-artic.w
Compiling alm\b-ecommerce-transf-cub.w
Compiling alm\b-ecommerce-transf-nocub.w
Compiling alm\b-ecommerce-transf-nocubdet.w
Compiling alm\b-excctabl.w
Compiling alm\b-excdtabl.w
Compiling alm\B-famili.w
Compiling alm\b-gncob.w
Compiling alm\b-hojaruta.w
Compiling alm\b-hojruta.w
Compiling alm\b-impcodsap-.w
** Nombre de campo o variable desconocido - x-nroord. (201)
** d:\newsie\on_in_co\APLIC\alm\codigoxbultos02.i No se entiende línea 93. (196)
Compiling alm\b-impetiqutilex - copia.w
Compiling alm\b-impetiqutilex.w
Compiling alm\b-improtulos.w
Compiling alm\b-improtulos02.w
Compiling alm\b-indprov.w
Compiling alm\b-indprovc.w
Compiling alm\B-INGALM.W
Compiling alm\b-ingconteo-savar.w
Compiling alm\b-ingconteo-surq.w
Compiling alm\b-ingconteo-t.w
Compiling alm\b-ingconteo.w
Compiling alm\b-ingkit.w
Compiling alm\B-INGRES.W
Compiling alm\b-ingreso-transfer.w
Compiling alm\B-INGRSO.W
Compiling alm\b-ingxubi.w
Compiling alm\b-ingxubi01.w
Compiling alm\b-invdet.w
Compiling alm\b-inventariadores.w
Compiling alm\b-invfis.w
Compiling alm\b-kitremate.w
** Llave_c1 es ambiguo entre interface_pg.llave_c1 y LogVtaTabla.Llave_c1. (72)
** d:\newsie\on_in_co\APLIC\alm\b-kitremate.w No se entiende línea 647. (196)
Compiling alm\b-lgdreq.w
Compiling alm\b-lineas.w
Compiling alm\b-listaartxubi.w
Compiling alm\b-listado-pda.w
Compiling alm\b-listado-savar.w
Compiling alm\b-listado-t.w
Compiling alm\b-listado-t2.w
Compiling alm\b-listado.w
Compiling alm\b-log-di-rutac.w
Compiling alm\b-log-di-rutad.w
ADVERTENCIA: Programa d:\newsie\on_in_co\src\adm\method\record.i, Línea 165 es un estatuto de expresión que es evaluado como constante. (12115)
Compiling alm\b-log-di-rutadg.w
ADVERTENCIA: Programa d:\newsie\on_in_co\src\adm\method\record.i, Línea 165 es un estatuto de expresión que es evaluado como constante. (12115)
Compiling alm\b-log-di-rutag.w
ADVERTENCIA: Programa d:\newsie\on_in_co\src\adm\method\record.i, Línea 165 es un estatuto de expresión que es evaluado como constante. (12115)
Compiling alm\b-logcat.w
Nombre de Base de Datos REPLOG desconocida. (855)
** Nombre de tabla logtabla desconocido. (200)
** d:\newsie\on_in_co\APLIC\alm\b-logcat.w No se entiende línea 444. (196)
Compiling alm\b-matalm-v2.w
Compiling alm\B-MATALM.W
Compiling alm\b-matalm01.w
Compiling alm\b-matalmzona.w
Compiling alm\B-MATALM_Limitado.w
Compiling alm\b-matequ.w
Compiling alm\b-matg-attr-p.w
Compiling alm\b-maxmingral.w
Compiling alm\B-MODI20.W
Compiling alm\B-MODI21.W
Compiling alm\B-MODSAL.W
Compiling alm\b-motdev-01.w
Compiling alm\b-motivo-recl-man.w
Compiling alm\b-motreposicion.w
Compiling alm\b-mov-ing-almacen.w
Compiling alm\b-mov-sal-almacen.w
Compiling alm\b-muestra.w
Compiling alm\b-ordcmppen.w
Compiling alm\b-ordcmppend.w
Compiling alm\b-packs-ec.w
Compiling alm\b-packs-ecomerce-dtl.w
Compiling alm\b-pages.w
Compiling alm\b-patributosc.w
Compiling alm\b-patributosd.w
Compiling alm\B-PEDPAT.W
Compiling alm\b-pedrepaut-01.w
Compiling alm\b-pedrepaut-v3.w
Compiling alm\b-pedrepaut.w
Compiling alm\b-pedrepautv4.w
ADVERTENCIA: La frase EXCEPT de la instrucción BUFFER-COPY solo cumple con los campos en el buffer de origen. Ignorando  'StkComprometido'. (5378)
ADVERTENCIA: La frase EXCEPT de la instrucción BUFFER-COPY solo cumple con los campos en el buffer de origen. Ignorando  'StkActCbd'. (5378)
Compiling alm\b-pedrepautv5.w
Compiling alm\b-pedrepautv51.w
** Nombre de campo o variable desconocido - FILL-IN-PorStkMax. (201)
** d:\newsie\on_in_co\APLIC\alm\i-reposicionautomaticav51.i No se entiende línea 233. (196)
Compiling alm\B-PENREP.W
Compiling alm\B-PENSO1.W
Compiling alm\B-PENSOL.W
Compiling alm\b-pik-picador-libre.w
Compiling alm\b-pik-picador-ocup-det.w
Compiling alm\b-pik-picador-ocupado.w
Compiling alm\b-preco1.w
Compiling alm\b-precom.w
Compiling alm\b-prov.w
Compiling alm\b-proyvta.w
Compiling alm\b-proyxmat.w
Compiling alm\b-prueba.w
** Nombre de campo o variable desconocido - s-CodCia. (201)
** d:\newsie\on_in_co\APLIC\alm\b-prueba.w No se entiende línea 490. (196)
Compiling alm\b-ra-generacion-tienda.w
Compiling alm\b-ra-generacion.w
Compiling alm\b-ran-import.w
Compiling alm\B-RCPDET.W
Compiling alm\B-RCPTRF.W
Compiling alm\b-rdcdo-v2.w
Compiling alm\b-rdcdo.w
Compiling alm\b-reclasif-kits-deta.w
Compiling alm\b-reclasif-kits-ingr.w
Compiling alm\b-reclasif-kits-reclasf.w
Compiling alm\b-reclasificacion-01.w
Compiling alm\b-reclasificacion-02.w
Compiling alm\b-reclasificacion-03.w
Compiling alm\b-reclasificacion-04.w
Compiling alm\b-reclasificacion-autom-kits-det.w
Compiling alm\b-reclasificacion-autom-kits-ing.w
Compiling alm\b-reclasificacion-autom-kits-recl.w
Compiling alm\b-reclasificacion-autom.w
Compiling alm\b-reclasificacion-inversa-entra.w
Compiling alm\b-reclasificacion-inversa-sale.w
Compiling alm\b-reclman-ing.w
Compiling alm\B-RECONT.W
Compiling alm\b-reconteo-3er-conteo.w
Compiling alm\b-reconteo-a.w
Compiling alm\b-reconteo-savar.w
Compiling alm\b-reconteo-t.w
Compiling alm\b-reconteo.w
Compiling alm\b-rectrf.w
Compiling alm\b-reg-pickeadores.w
Compiling alm\b-regcodsap.w
Compiling alm\B-REPAUT.W
Compiling alm\b-repautomdetail.w
Compiling alm\b-repautomheader.w
Compiling alm\b-repautparam.w
Compiling alm\B-REPOSI.W
Compiling alm\b-reppen.w
Compiling alm\b-req-cambio-fecha-mov-alm-.w
Compiling alm\B-REQALM.W
Compiling alm\B-REQPAT.W
Compiling alm\b-res-grupo-repos.w
Compiling alm\b-rut001a-old.w
Compiling alm\b-rut001a.w
Compiling alm\b-rut001b.w
Compiling alm\b-rut001bc.w
Compiling alm\b-rut001c.w
Compiling alm\b-rut001cc.w
Compiling alm\b-rut002a-01.w
Compiling alm\b-rut002a.w
Compiling alm\b-rut002b.w
Compiling alm\b-rut002c.w
Compiling alm\b-rut002d.w
Compiling alm\b-rut002e.w
Compiling alm\b-rut004.w
** Más de un índice para Di-RutaGRI OF DI-RutaC. (446)
** d:\newsie\on_in_co\src\adm\method\record.i No se entiende línea 165. (196)
Compiling alm\b-rut005.w
Compiling alm\b-rut006.w
Compiling alm\b-rut007.w
Compiling alm\b-rutac-01.w
Compiling alm\b-rutac.w
Compiling alm\b-sacpick.w
Compiling alm\B-SALIDA.W
Compiling alm\b-sloting-dev-clie.w
Compiling alm\b-sloting-dev-otr.w
Compiling alm\b-sloting-oc-cab - copia.w
Compiling alm\b-sloting-oc-cab.w
Compiling alm\b-sloting-oc-det.w
Compiling alm\b-sloting-otr-cab - copia (2).w
Compiling alm\b-sloting-otr-cab - copia.w
Compiling alm\b-sloting-otr-cab.w
Compiling alm\b-ssfam.w
Compiling alm\b-stkalm-v2.w
Compiling alm\b-stkalm.w
Compiling alm\b-stkminxcamp.w
Compiling alm\B-STKTAI.W
Nombre de Base de Datos THGERENC desconocida. (855)
Nombre de Base de Datos THGERENC desconocida. (855)
Nombre de tabla desconocido o ambiguo TLGCINV0 (545)
** d:\newsie\on_in_co\APLIC\alm\B-STKTAI.W No se entiende línea 49. (196)
Compiling alm\b-subcat-web-cons.w
Compiling alm\b-subcat-web-p.w
Compiling alm\b-subcat-web.w
Compiling alm\B-SUBFAM.W
Compiling alm\b-suborden-al-1er-piso-dtl.w
Compiling alm\b-suborden-al-1er-piso.w
Compiling alm\b-suborden-obser-detail.w
Compiling alm\b-suborden-observada.w
Compiling alm\b-suborden-recepcion.w
** Nombre de campo o variable desconocido - x-articulo-ICBPER. (201)
** d:\newsie\on_in_co\APLIC\vta2\graba-totales-cotizacion-cred.i No se entiende línea 118. (198)
Compiling alm\b-supervisor-picking.w
Compiling alm\b-supinv.w
Compiling alm\B-TABLAS.W
Compiling alm\b-table-.w
Compiling alm\B-TBLUND.W
Compiling alm\b-tcfami.w
Compiling alm\B-TFAMI.W
WARNING: modificador diferente a AT, TO, BGCOLOR, DCOLOR, FGCOLOR, FONT, o VIEW-AS TEXT para la constante " MAESTRO DE FAMILIAS Y SUB-FAMILIAS " fue ignorado. (3077)
WARNING: modificador diferente a AT, TO, BGCOLOR, DCOLOR, FGCOLOR, FONT, o VIEW-AS TEXT para la constante " Pagina  :  " fue ignorado. (3077)
WARNING: modificador diferente a AT, TO, BGCOLOR, DCOLOR, FGCOLOR, FONT, o VIEW-AS TEXT para la constante " Fecha  : " fue ignorado. (3077)
WARNING: modificador diferente a AT, TO, BGCOLOR, DCOLOR, FGCOLOR, FONT, o VIEW-AS TEXT para la constante " Hora   : " fue ignorado. (3077)
Compiling alm\B-TMPCMP.W
Compiling alm\B-TMPCMPB.W
Compiling alm\B-tmpcons.w
Compiling alm\b-tmpfam.w
Compiling alm\b-tmpimat.w
Compiling alm\B-TMPIN1.W
Compiling alm\B-TMPIN1B.W
Compiling alm\B-TMPIN2.W
Compiling alm\B-TMPIN2B.W
Compiling alm\b-tmpintr.w
Compiling alm\b-tmpintrb.w
Compiling alm\B-TMPREP.W
Compiling alm\b-tmprepot.w
Compiling alm\b-tmprut.w
Compiling alm\b-tmpsal-copia.w
Compiling alm\B-TMPSAL.W
Compiling alm\B-TMPSALB.W
Compiling alm\B-TMPTRF.W
Compiling alm\b-tmp_invconteo.w
Tabla desconocida o ambigua tmp_invconteo (725)
** d:\newsie\on_in_co\APLIC\alm\b-tmp_invconteo.w No se entiende línea 187. (196)
Compiling alm\b-tmp_invreconteo.w
Tabla desconocida o ambigua tmp_invreconteo (725)
** d:\newsie\on_in_co\APLIC\alm\b-tmp_invreconteo.w No se entiende línea 187. (196)
Compiling alm\b-tope-pedido.w
Compiling alm\b-trferr.w
Compiling alm\B-TRFING.W
Compiling alm\b-trfsal-01.w
Compiling alm\B-TRFSAL.W
Compiling alm\B-UBIFIS.W
Compiling alm\b-ubizon.w
Compiling alm\B-UNIDAD.W
Compiling alm\B-USERS.W
Compiling alm\b-usralm-noclf.w
Compiling alm\B-USRALM.W
Compiling alm\b-usralmmov-s.w
Compiling alm\b-usralmmov.w
Compiling alm\b-vehic.w
Compiling alm\B-VERCOS.W
Compiling alm\b-vtadfammat-01.w
Compiling alm\b-wclf-cero.w
Compiling alm\b-wclf-dos.w
Compiling alm\b-wclf-uno.w
Compiling alm\b-zonag.w
Compiling alm\b-zonagc.w
Compiling alm\b-zonagvsalm.w
Compiling alm\b-zonagvslinea-v2.w
Compiling alm\b-zonagvslinea.w
Compiling alm\b-zonas-01.w
Compiling alm\b-zonas-avance-v2-pda.w
Compiling alm\b-zonas-avance-v2.w
Compiling alm\b-zonas-avance.w
Compiling alm\b-zonas.w
Compiling alm\b-zonificacion.w
Compiling alm\balmacen.w
Compiling alm\balmautmov.w
Compiling alm\balmmmate.w
Compiling alm\balmmoving01.w
Compiling alm\balmmovsal01.w
Compiling alm\balmutilex.w
Compiling alm\bcabusointerno.w
** Nombre de campo o variable desconocido - CCo. (201)
** d:\newsie\on_in_co\APLIC\alm\bcabusointerno.w No se entiende línea 173. (196)
Compiling alm\bcaprobusointerno.w
Compiling alm\bcaprobusointernologist.w
Compiling alm\bcaprobusointernologistv2.w
Compiling alm\bcaprobusointernologistv21.w
Compiling alm\bcaprobusointernov2.w
Compiling alm\bcaprobusointernov21.w
Compiling alm\bcompraautomatica.w
Compiling alm\bconsreposmerca-v2.w
Compiling alm\bconsreposmerca.w
Compiling alm\bconsultaotr.w
Compiling alm\bconsultaotrcalm.w
Compiling alm\bdaprobusointerno.w
Compiling alm\bdetareposmerca-v2.w
Compiling alm\bdetareposmerca.w
Compiling alm\bdetmovalm.w
Compiling alm\bdiviutilex.w
Compiling alm\borrarlo - w-pack-ecomerce.w
Compiling alm\bpedidodetransferencia.w
Compiling alm\bporcrepoxlineacnc.w
Compiling alm\brepdiviutilex.w
Compiling alm\brepoautochiclayo.w
Compiling alm\btrackreposmerca.w
Compiling alm\buserxaplicxgrupo.w
Compiling alm\buserxaplicxgrupolin.w
Compiling alm\buserxaplicxgruposlin.w
Compiling alm\busointerno.w
Compiling alm\busuariosusointerno.w
Compiling alm\c-almcmov-01.w
Compiling alm\c-almtdocm-01.w
Compiling alm\C-ASGREP.W
Compiling alm\C-ASIGNA.W
Compiling alm\c-ccomultiple.w
Compiling alm\c-cons01.w
Compiling alm\c-ingentransito.w
Compiling alm\c-sectores.w
Compiling alm\cb-cfgalm.w
Compiling alm\cb-cfgalma.w
Compiling alm\cb-cfgalmb.w
Compiling alm\Copia (2) de wreposicionautomaticav5.w
Compiling alm\Copia (2) de wreposicionautomaticav51.w
Compiling alm\Copia de b-aprob-abastec-v3.w
Compiling alm\Copia de b-aprpedrep-av2.w
Compiling alm\Copia de b-artalmv3.w
Compiling alm\Copia de b-asigna-min-max.w
Compiling alm\Copia de b-consulta-stock.w
Compiling alm\Copia de b-pedrepaut-v3.w
Compiling alm\Copia de b-pedrepautv5.w
ADVERTENCIA: La frase EXCEPT de la instrucción BUFFER-COPY solo cumple con los campos en el buffer de origen. Ignorando  'StkComprometido'. (5378)
ADVERTENCIA: La frase EXCEPT de la instrucción BUFFER-COPY solo cumple con los campos en el buffer de origen. Ignorando  'StkActCbd'. (5378)
Compiling alm\Copia de b-pedrepautv51.w
Compiling alm\copia de b-subfam.w
Compiling alm\Copia de bcompraautomatica.w
Compiling alm\Copia de bconsreposmerca.w
Compiling alm\Copia de qusointerno.w
** Nombre de campo o variable desconocido - CodDiv. (201)
** d:\newsie\on_in_co\src\adm\method\record.i No se entiende línea 129. (196)
Compiling alm\Copia de tusointerno.w
Compiling alm\Copia de V-CATMAT.W
Compiling alm\Copia de v-reclasificacion-01.w
Compiling alm\Copia de vordendetransferencia.w
Compiling alm\Copia de vusointerno.w
Compiling alm\Copia de w-reg-incidencia.w
Compiling alm\copia de W-TFAMI.W
Compiling alm\Copia de wcompraautomatica-v2.w
Compiling alm\Copia de wreposicionautomatica-v3.w
Compiling alm\Copia de wreposicionautomaticav2.w
Compiling alm\Copia de wreposicionautomaticav5.w
Compiling alm\Copia de wreposicionautomaticav51.w
Compiling alm\Copia de wusointerno.w
Compiling alm\copia-b-pedrepaut-v3.w
Compiling alm\D-ACTMAT.W
Compiling alm\d-almacen-despacho.w
Compiling alm\d-almacen.w
Compiling alm\D-ALMEXI.W
Compiling alm\D-almzon.w
Compiling alm\D-ANADOCVAL.w
Compiling alm\D-ANADOY.W
Compiling alm\D-anadoy2.w
WARNING: modificador diferente a AT, TO, BGCOLOR, DCOLOR, FGCOLOR, FONT, o VIEW-AS TEXT para la constante " Pag.  :  " fue ignorado. (3077)
WARNING: modificador diferente a AT, TO, BGCOLOR, DCOLOR, FGCOLOR, FONT, o VIEW-AS TEXT para la constante " Desde :  " fue ignorado. (3077)
WARNING: modificador diferente a AT, TO, BGCOLOR, DCOLOR, FGCOLOR, FONT, o VIEW-AS TEXT para la constante " Fecha :  " fue ignorado. (3077)
Compiling alm\d-aprob-abastec-col.w
Compiling alm\d-aprob-abastec-det.w
Compiling alm\d-aprob-abastec-item.w
Compiling alm\d-aprob-mot-anul.w
Compiling alm\d-asigna-articulos-v2.w
Compiling alm\d-asigna-articulos.w
Compiling alm\d-asigna-min-max.w
Compiling alm\d-asigna-res-zg.w
Compiling alm\d-asigna-subordenes.w
Compiling alm\D-carmen.w
Compiling alm\D-CATART.W
Compiling alm\D-CATMAT.W
Compiling alm\D-CATPRV.W
WARNING: modificador diferente a AT, TO, BGCOLOR, DCOLOR, FGCOLOR, FONT, o VIEW-AS TEXT para la constante " Pag.  :  " fue ignorado. (3077)
WARNING: modificador diferente a AT, TO, BGCOLOR, DCOLOR, FGCOLOR, FONT, o VIEW-AS TEXT para la constante " Fecha :  " fue ignorado. (3077)
WARNING: modificador diferente a AT, TO, BGCOLOR, DCOLOR, FGCOLOR, FONT, o VIEW-AS TEXT para la constante " Pag.  :  " fue ignorado. (3077)
WARNING: modificador diferente a AT, TO, BGCOLOR, DCOLOR, FGCOLOR, FONT, o VIEW-AS TEXT para la constante " Fecha :  " fue ignorado. (3077)
Compiling alm\D-CFGINV.W
Compiling alm\d-ciealm-01.w
Compiling alm\d-ciealm.w
Compiling alm\d-cierre-chk-ing-tra-otr.w
Compiling alm\d-cierre-chk-ingreso-dev-cli.w
Compiling alm\D-CLAVE.W
Compiling alm\D-CLAVE01.w
Compiling alm\d-cmpautparam.w
Compiling alm\D-consig.w
Compiling alm\d-consulta-subordenes.w
Compiling alm\d-crossdocking-v2.w
Compiling alm\d-crossdocking.w
Compiling alm\D-cstneto.w
Compiling alm\D-ctopromedio.w
Compiling alm\D-DETMOV.W
Compiling alm\D-DETMOVv2.w
Compiling alm\D-difaut.w
Compiling alm\D-difaut2.w
Compiling alm\D-DIFINV.W
WARNING: modificador diferente a AT, TO, BGCOLOR, DCOLOR, FGCOLOR, FONT, o VIEW-AS TEXT para la constante " DIFERENCIA DE INVENTARIOS " fue ignorado. (3077)
Compiling alm\D-difinvnue.w
WARNING: modificador diferente a AT, TO, BGCOLOR, DCOLOR, FGCOLOR, FONT, o VIEW-AS TEXT para la constante " DIFERENCIA DE INVENTARIOS " fue ignorado. (3077)
WARNING: modificador diferente a AT, TO, BGCOLOR, DCOLOR, FGCOLOR, FONT, o VIEW-AS TEXT para la constante " DIFERENCIA DE INVENTARIOS " fue ignorado. (3077)
WARNING: modificador diferente a AT, TO, BGCOLOR, DCOLOR, FGCOLOR, FONT, o VIEW-AS TEXT para la constante " DIFERENCIA DE INVENTARIOS " fue ignorado. (3077)
WARNING: modificador diferente a AT, TO, BGCOLOR, DCOLOR, FGCOLOR, FONT, o VIEW-AS TEXT para la constante " DIFERENCIA DE INVENTARIOS " fue ignorado. (3077)
WARNING: modificador diferente a AT, TO, BGCOLOR, DCOLOR, FGCOLOR, FONT, o VIEW-AS TEXT para la constante " DIFERENCIA DE INVENTARIOS " fue ignorado. (3077)
Compiling alm\D-DOCEMI-01.W
Compiling alm\D-DOCEMI.W
Compiling alm\D-docemipto.w
Compiling alm\D-EALMVA.W
Compiling alm\D-EALMVF.W
Compiling alm\D-EGENVA.W
Compiling alm\D-EGENVF.W
Compiling alm\D-ESTPRV.w
Compiling alm\D-EXIALM.W
Compiling alm\D-exialm2.w
Compiling alm\D-exialm3.w
Compiling alm\d-exialm4.w
Compiling alm\d-exialm4a.w
Compiling alm\d-exialm4b-v2.w
Compiling alm\d-exialm4b-v21.w
Compiling alm\d-exialm4b.w
Compiling alm\d-exialm4c.w
Compiling alm\d-exialm4d.w
Compiling alm\d-exiconge.w
Compiling alm\d-exicongealm.w
Compiling alm\D-EXIGEN.W
Compiling alm\D-EXISTE.W
Compiling alm\D-existe2.w
Compiling alm\d-expcat.w
Compiling alm\d-famili.w
Compiling alm\d-familias.w
Compiling alm\d-fifommate.w
Compiling alm\D-INGALM.W
Compiling alm\d-ingalmxd.w
Compiling alm\d-inv001.w
Compiling alm\d-inv002.w
Compiling alm\d-inv003.w
Compiling alm\d-inv004.w
Compiling alm\d-inv005.w
Compiling alm\d-inv006.w
Compiling alm\d-inv007.w
Compiling alm\d-inv008.w
Compiling alm\d-inv009.w
Compiling alm\d-inv009b.w
Compiling alm\d-inv009c.w
Compiling alm\d-inv009d.w
Compiling alm\d-inv999.w
Compiling alm\d-invfis.w
Compiling alm\d-invpag-t.w
Compiling alm\d-invpag.w
Compiling alm\d-invval-2.w
Compiling alm\D-invval.w
Compiling alm\D-KARALM.W
Compiling alm\D-karalm2.w
Compiling alm\d-karcsg.w
Compiling alm\D-kardex - copia.w
Compiling alm\d-kardex-laser.w
Compiling alm\D-kardex-sunat.w
Compiling alm\D-kardex.w
Compiling alm\D-kardex2-01.w
Compiling alm\D-kardex2.w
Compiling alm\D-kardex2a.w
Compiling alm\d-kardexv2.w
Compiling alm\D-KARGEN.W
Compiling alm\D-KARGENE.W
Compiling alm\D-KARGENX.W
Compiling alm\D-LETRAS.W
Nombre de Base de Datos reporte desconocida. (855)
Tabla desconocida o ambigua w-report (725)
** d:\newsie\on_in_co\APLIC\alm\D-LETRAS.W No se entiende línea 559. (196)
Compiling alm\d-liqcom-2.w
Compiling alm\D-LIQCOM.w
Compiling alm\d-liscat-1.w
Compiling alm\D-liscat.w
Compiling alm\D-marbet.w
Compiling alm\d-marcas-nom.w
Compiling alm\d-marcas.w
Compiling alm\D-MARFAM.W
Compiling alm\D-MATALM.W
Compiling alm\d-mot-anu-otr.w
Compiling alm\d-motdev.w
Compiling alm\D-MOVALM.W
Compiling alm\d-movpro-1.w
Compiling alm\D-movpro.w
WARNING: modificador diferente a AT, TO, BGCOLOR, DCOLOR, FGCOLOR, FONT, o VIEW-AS TEXT para la constante " Pag.  :  " fue ignorado. (3077)
WARNING: modificador diferente a AT, TO, BGCOLOR, DCOLOR, FGCOLOR, FONT, o VIEW-AS TEXT para la constante " Desde :  " fue ignorado. (3077)
WARNING: modificador diferente a AT, TO, BGCOLOR, DCOLOR, FGCOLOR, FONT, o VIEW-AS TEXT para la constante " Fecha :  " fue ignorado. (3077)
Compiling alm\d-muestra.w
Compiling alm\d-no-transferidos.w
Compiling alm\D-PENREP.W
Compiling alm\d-pik-asigna-personal.w
Compiling alm\d-pik-reasigna-personal.w
Compiling alm\d-reaalm.w
Compiling alm\D-RECALC.W
Compiling alm\D-RECALM.W
Compiling alm\d-reclasificacion-01.w
Compiling alm\D-recstkalm.w
Compiling alm\d-reg-pickeadores.w
Compiling alm\D-RegCtoCia.w
Compiling alm\D-regstkalm.w
Compiling alm\D-regstkcia.w
Compiling alm\d-repalm.w
Compiling alm\D-REPAUT.W
Compiling alm\d-repautparam.w
Compiling alm\D-RepMer.w
Compiling alm\D-RepMer2.w
Compiling alm\d-reposicion-resum-compra.w
Compiling alm\d-reposicion-resum-desp.w
Compiling alm\D-reprut.w
Compiling alm\D-ReqMer.w
Compiling alm\D-ReqMerA.w
Compiling alm\D-rescmp.w
Compiling alm\D-RESDOC.W
Compiling alm\D-RESDOC02.w
Compiling alm\D-resmov.w
Compiling alm\d-resmov01.w
Compiling alm\d-resum-compra-marca.w
Compiling alm\d-rut002.w
Compiling alm\d-rut002a-01.w
Compiling alm\d-rut002a-1.w
Compiling alm\d-rut002a.w
Compiling alm\d-rut006-2.w
Compiling alm\d-rut006.w
Compiling alm\D-SMART.W
Compiling alm\d-stk001.w
Compiling alm\d-stk002.w
Compiling alm\d-stk003.w
Compiling alm\d-stk003a.w
Compiling alm\d-stk003b.w
Compiling alm\d-stk004.w
Compiling alm\d-stk004v2.w
Compiling alm\d-stk005.w
Compiling alm\d-stk006.w
Compiling alm\d-stk007.w
Compiling alm\d-stk008.w
Compiling alm\d-stk008a.w
Compiling alm\d-stkalm-v2.w
Compiling alm\d-stkalm.w
Compiling alm\D-STKCER.W
Compiling alm\D-stkco1.w
WARNING: modificador diferente a AT, TO, BGCOLOR, DCOLOR, FGCOLOR, FONT, o VIEW-AS TEXT para la constante " STOCK CONSOLIDADO " fue ignorado. (3077)
Compiling alm\D-STKCON.W
WARNING: modificador diferente a AT, TO, BGCOLOR, DCOLOR, FGCOLOR, FONT, o VIEW-AS TEXT para la constante " STOCK CONSOLIDADO " fue ignorado. (3077)
Compiling alm\d-stkcon2.w
Compiling alm\D-STKMIN.W
Compiling alm\d-stkminxcamp.w
Compiling alm\D-stkneg.w
Compiling alm\D-STKREP.W
Compiling alm\D-stocks.w
WARNING: modificador diferente a AT, TO, BGCOLOR, DCOLOR, FGCOLOR, FONT, o VIEW-AS TEXT para la constante " MATERIALES CON STOCK EN CERO  " fue ignorado. (3077)
WARNING: modificador diferente a AT, TO, BGCOLOR, DCOLOR, FGCOLOR, FONT, o VIEW-AS TEXT para la constante " Pag.  :  " fue ignorado. (3077)
WARNING: modificador diferente a AT, TO, BGCOLOR, DCOLOR, FGCOLOR, FONT, o VIEW-AS TEXT para la constante " Fecha :  " fue ignorado. (3077)
WARNING: modificador diferente a AT, TO, BGCOLOR, DCOLOR, FGCOLOR, FONT, o VIEW-AS TEXT para la constante " Hora  : " fue ignorado. (3077)
WARNING: modificador diferente a AT, TO, BGCOLOR, DCOLOR, FGCOLOR, FONT, o VIEW-AS TEXT para la constante " MATERIALES CON STOCK BAJO EL MINIMO " fue ignorado. (3077)
WARNING: modificador diferente a AT, TO, BGCOLOR, DCOLOR, FGCOLOR, FONT, o VIEW-AS TEXT para la constante " Pag.  :  " fue ignorado. (3077)
WARNING: modificador diferente a AT, TO, BGCOLOR, DCOLOR, FGCOLOR, FONT, o VIEW-AS TEXT para la constante " Fecha :  " fue ignorado. (3077)
WARNING: modificador diferente a AT, TO, BGCOLOR, DCOLOR, FGCOLOR, FONT, o VIEW-AS TEXT para la constante " Hora  : " fue ignorado. (3077)
WARNING: modificador diferente a AT, TO, BGCOLOR, DCOLOR, FGCOLOR, FONT, o VIEW-AS TEXT para la constante " MATERIALES CON STOCK NEGATIVO  " fue ignorado. (3077)
WARNING: modificador diferente a AT, TO, BGCOLOR, DCOLOR, FGCOLOR, FONT, o VIEW-AS TEXT para la constante " Pag.  :  " fue ignorado. (3077)
WARNING: modificador diferente a AT, TO, BGCOLOR, DCOLOR, FGCOLOR, FONT, o VIEW-AS TEXT para la constante " Fecha :  " fue ignorado. (3077)
WARNING: modificador diferente a AT, TO, BGCOLOR, DCOLOR, FGCOLOR, FONT, o VIEW-AS TEXT para la constante " Hora  : " fue ignorado. (3077)
WARNING: modificador diferente a AT, TO, BGCOLOR, DCOLOR, FGCOLOR, FONT, o VIEW-AS TEXT para la constante " MATERIALES CON STOCK BAJO REPOSICICON  " fue ignorado. (3077)
WARNING: modificador diferente a AT, TO, BGCOLOR, DCOLOR, FGCOLOR, FONT, o VIEW-AS TEXT para la constante " Pag.  :  " fue ignorado. (3077)
WARNING: modificador diferente a AT, TO, BGCOLOR, DCOLOR, FGCOLOR, FONT, o VIEW-AS TEXT para la constante " Fecha :  " fue ignorado. (3077)
WARNING: modificador diferente a AT, TO, BGCOLOR, DCOLOR, FGCOLOR, FONT, o VIEW-AS TEXT para la constante " Hora  : " fue ignorado. (3077)
Compiling alm\d-subfamilias.w
Compiling alm\d-tfamilias.w
Compiling alm\d-tipimp.w
Compiling alm\D-TMAINV.W
Compiling alm\D-tmainv2.w
WARNING: modificador diferente a AT, TO, BGCOLOR, DCOLOR, FGCOLOR, FONT, o VIEW-AS TEXT para la constante " Pag.  :  " fue ignorado. (3077)
WARNING: modificador diferente a AT, TO, BGCOLOR, DCOLOR, FGCOLOR, FONT, o VIEW-AS TEXT para la constante " Fecha :  " fue ignorado. (3077)
WARNING: modificador diferente a AT, TO, BGCOLOR, DCOLOR, FGCOLOR, FONT, o VIEW-AS TEXT para la constante " Hora  : " fue ignorado. (3077)
Compiling alm\d-tomainv-pda.w
Compiling alm\d-tomainv.w
Compiling alm\d-tomainv1.w
Compiling alm\d-tomainvb.w
Compiling alm\d-tomainvtotal copia.w
Compiling alm\d-tomainvtotal.w
Compiling alm\d-tomainvtotal2.w
Compiling alm\d-tomainvtotal_savar.w
Compiling alm\d-tomainvtotal_savar2.w
Compiling alm\d-tomainvxfecha.w
Compiling alm\d-tradat.w
Compiling alm\D-tranrec-2.w
Compiling alm\D-tranrec-3.w
Compiling alm\d-tranrec-3v2.w
Compiling alm\D-tranrec.w
Compiling alm\d-trfsal-01.w
Compiling alm\d-tsectores.w
Compiling alm\d-tsubfamilias.w
Compiling alm\d-zonas.w
Compiling alm\dalmacen.w
Compiling alm\dalmacen_cl.w
Compiling alm\dalmmmate.w
Compiling alm\dalmmmate_cl.w
Compiling alm\daprobusointernov2.w
Compiling alm\f-brepautparam.w
Compiling alm\f-frame-.w
Compiling alm\f-repautparam.w
Compiling alm\h-rut002a.w
Compiling alm\h-rut002b.w
Compiling alm\Inventariadores.w
Compiling alm\l-almcmov-01.w
Compiling alm\l-almtdocm-01.w
Compiling alm\L-ASGREP.W
Compiling alm\L-ASIGNA.W
Compiling alm\l-ccomultiple.w
Compiling alm\L-CONMOV.W
Compiling alm\L-TMOVM.W
Compiling alm\MAINMENU.W
Compiling alm\MAINMENU2.W
Compiling alm\q-alcmo1.w
Compiling alm\q-alcmov-01.w
Compiling alm\q-alcmov-2.w
Compiling alm\Q-ALCMOV.W
Compiling alm\Q-ALCMOVB.W
Compiling alm\q-alctrf-1.w
Compiling alm\q-alctrf.w
Compiling alm\q-almcfg.w
Compiling alm\q-almcfggn.w
Compiling alm\q-almcmov-01.w
Compiling alm\q-almcrepo-uno.w
Compiling alm\q-almtdocm-01.w
Compiling alm\q-almtdocm-02.w
Compiling alm\q-almtg1.w
Compiling alm\q-almtmovm-01.w
Compiling alm\q-catmat-p.w
Compiling alm\Q-CATMAT.W
Compiling alm\q-catvta.w
Compiling alm\q-contmanual.w
Compiling alm\q-crepo.w
Compiling alm\Q-DEVCMP.W
Compiling alm\q-devcsgp.W
Compiling alm\q-dincidencia.w
Compiling alm\q-dirutac-old.w
Compiling alm\q-dirutac.w
Compiling alm\q-dirutac4.w
Compiling alm\q-general.w
Compiling alm\q-hojrut.w
Compiling alm\Q-INCONS.W
Compiling alm\q-ingcmp-2.w
Compiling alm\Q-INGCMP.W
Compiling alm\q-ingcsg.w
Compiling alm\q-ingkit.w
Compiling alm\q-ingre1.w
Compiling alm\Q-INGRES.W
Compiling alm\q-ingresrec.w
Compiling alm\q-invcfg.w
Compiling alm\q-lgcreq.w
Compiling alm\q-licencias.w
Compiling alm\Q-MATALM.W
Compiling alm\Q-MODI20.W
Compiling alm\Q-MODI21.W
Compiling alm\Q-MODSAL.W
Compiling alm\q-mov-ing-almacen.w
Compiling alm\q-mov-sal-almacen - copia.w
Compiling alm\q-mov-sal-almacen.w
Compiling alm\q-movalm.w
Compiling alm\Q-MOVING.W
Compiling alm\q-movingkit.w
Compiling alm\Q-MOVSAL.W
Compiling alm\q-movsalkit.w
Compiling alm\q-movsaltrf.w
Compiling alm\Q-MOVTRA.W
Compiling alm\q-mrgmmatg.w
Compiling alm\q-packs-ec.w
Compiling alm\q-packs-ecomerce.w
Compiling alm\Q-PENREP.W
Compiling alm\Q-REPOSI.W
Compiling alm\Q-REQALM.W
Compiling alm\Q-RUTAS.W
Compiling alm\q-salida-01.w
Compiling alm\q-salida-almacen.w
Compiling alm\q-salida-v2.w
Compiling alm\Q-SALIDA.W
Compiling alm\q-salidarec.w
Compiling alm\q-salkit.w
** d:\newsie\on_in_co\APLIC\alm\q-salkit.w Linea 92.  ':' seguido de un espacio en blanco termina la instrucción. (199)
Compiling alm\Q-TABLAS.W
Compiling alm\q-talmcmov.w
Compiling alm\q-talmtdocm-01.w
Compiling alm\q-talmtdocm-02.w
Compiling alm\q-talmtdocm.w
Compiling alm\q-tproxmat.w
Compiling alm\Q-TRANSF.W
Compiling alm\Q-TRFING.W
Compiling alm\q-trfsal-01.w
Compiling alm\Q-TRFSAL.W
Compiling alm\q-vehic.w
Compiling alm\q-vtacfammat-01.w
Compiling alm\q-vtapmatg.w
Compiling alm\qmovingreso01.w
Compiling alm\qpedidodetransferencia.w
Compiling alm\qtmovingreso01.w
Compiling alm\qtmovsalida01.w
Compiling alm\qtransfxotr-v2.w
Compiling alm\qtransfxotr.w
Compiling alm\qtransfxreposicion.w
Compiling alm\qusointerno-v2.w
Compiling alm\qusointerno.w
Compiling alm\r-almxdivi.w
Compiling alm\r-artxubicainv.w
Compiling alm\r-calcula-valor-ajustar-pda.w
Compiling alm\r-calcula-valor-ajustar.w
Compiling alm\r-conmov.w
Compiling alm\r-detmat999.w
Compiling alm\r-impbrr.w
Compiling alm\r-impcatexpo.w
Compiling alm\r-impcatvta.w
Compiling alm\r-impcodsap.w
Compiling alm\r-impetiq-a4.w
Compiling alm\r-impetiq-a5.w
Compiling alm\r-impetiq.w
Compiling alm\r-impetiqbultos.w
** Nombre de campo o variable desconocido - x-desma2. (201)
** d:\newsie\on_in_co\APLIC\alm\codigoxbultos.i No se entiende línea 149. (196)
Compiling alm\r-impetiqcli.w
Compiling alm\r-impetiqinv.w
Compiling alm\r-impetiqseries.w
Compiling alm\r-impetiqsur - copia.w
Compiling alm\r-impetiqsur-chiclayo - copia.w
Compiling alm\r-impetiqsur-chiclayo ojo.w
Compiling alm\r-impetiqsur-chiclayo-copia.w
Compiling alm\r-impetiqsur-chiclayo.w
Compiling alm\r-impetiqsur.w
** Nombre de campo o variable desconocido - x-fila1. (201)
** d:\newsie\on_in_co\APLIC\alm\eti-gondolas02-01.i No se entiende línea 113. (196)
Compiling alm\r-impetiqsur0.w
** Nombre de campo o variable desconocido - cNotita. (201)
** d:\newsie\on_in_co\APLIC\alm\eti-gondolas02.i No se entiende línea 123. (196)
Compiling alm\r-imphjcont-1.w
Compiling alm\r-imphjcont-savar.w
Compiling alm\r-imphjcont-t.w
Compiling alm\r-imphjcont-utilex.w
Compiling alm\r-imphjcont.w
Compiling alm\r-imphjrec-1.w
Compiling alm\r-imphjrec-savar.w
Compiling alm\r-imphjrec-surq.w
Compiling alm\r-imphjrec-t.w
Compiling alm\r-imphjrec-t2.w
Compiling alm\r-imphjrec.w
Compiling alm\r-implistainv.w
Compiling alm\r-implistainv01.w
Compiling alm\r-implistarec-bak.w
Compiling alm\r-implistarec-pda.w
Compiling alm\r-implistarec.w
Compiling alm\r-implistarec01.w
Compiling alm\r-kardex-logistico-excel.w
Compiling alm\r-kardex-vs-inventario.w
Compiling alm\r-movxalmc.w
Compiling alm\R-notinv.w
WARNING: modificador diferente a AT, TO, BGCOLOR, DCOLOR, FGCOLOR, FONT, o VIEW-AS TEXT para la constante " PRODUCTOS NO INVENTARIADOS " fue ignorado. (3077)
Compiling alm\r-reimprime-mov.w
Compiling alm\r-rep-art-logimp.w
Compiling alm\r-rep001.w
Compiling alm\r-rep002.w
Compiling alm\r-rep003.w
Compiling alm\r-rep003a.w
Compiling alm\r-rep004.w
Compiling alm\r-rep005.w
Compiling alm\r-rep006.w
Compiling alm\r-rep007.w
Compiling alm\r-rep008.W
Compiling alm\r-rep008a.w
** Nombre de campo o variable desconocido - FchCbd. (201)
** d:\newsie\on_in_co\APLIC\ALM\i-AlmEntradaSalida.i No se entiende línea 102. (196)
Compiling alm\r-rep008sc.w
Compiling alm\r-rep009.W
Compiling alm\r-rep010.w
Compiling alm\r-rep011.W
Compiling alm\r-rep012.w
Compiling alm\r-rep013.w
Compiling alm\r-rep014.w
Compiling alm\r-rep015.w
Compiling alm\r-rep016.w
Compiling alm\r-rep017.w
Nombre de Base de Datos cissac desconocida. (855)
Tabla desconocida o ambigua AlmStkge (725)
** d:\newsie\on_in_co\APLIC\alm\r-rep017.w No se entiende línea 409. (196)
Compiling alm\r-rep018 (2).w
Compiling alm\r-rep018.w
Compiling alm\r-rep018a.w
Compiling alm\r-rep018b.w
Compiling alm\r-rep019.w
Compiling alm\r-rep020.w
Compiling alm\r-rep021.w
Compiling alm\r-rep022.w
Nombre de Base de Datos CISSAC desconocida. (855)
Nombre de Base de Datos CISSAC desconocida. (855)
Tabla desconocida o ambigua almmmatg (725)
** d:\newsie\on_in_co\APLIC\alm\r-rep022.i No se entiende línea 67. (196)
Compiling alm\r-rep023.w
** "key-name" no encontrado. (293)
** d:\newsie\on_in_co\APLIC\alm\r-rep023.w No se entiende línea 347. (193)
** Imposible entender la continuación de -- "GET-KEY-VALUE". (247)
** Instrucción incorrecta. (254)
** d:\newsie\on_in_co\APLIC\alm\r-rep023.w No se entiende línea 347. (198)
Compiling alm\r-rep024.w
Compiling alm\r-rep025.w
Compiling alm\r-rep026.w
Compiling alm\r-rep027.w
Compiling alm\r-repcntdoc.w
Compiling alm\r-repcntdocum.w
Compiling alm\r-resmov.w
Compiling alm\r-rut001.w
Compiling alm\r-rut002.w
Compiling alm\r-rut003.w
Compiling alm\r-rut004.w
Compiling alm\r-rut004a.w
Compiling alm\r-rut005.w
Compiling alm\r-rut006.w
Compiling alm\r-rut007.w
Compiling alm\r-rut008.w
Compiling alm\r-rut009.w
Compiling alm\r-tmp_invconsolidado.w
Tabla desconocida o ambigua tmp_invconteo (725)
** d:\newsie\on_in_co\APLIC\alm\r-tmp_invconsolidado.w No se entiende línea 296. (196)
Compiling alm\r-tope-pedido.w
Compiling alm\r-trasladaconteo-surq.w
Compiling alm\t-catmatvip.w
Compiling alm\t-drepo.old.w
Compiling alm\t-drepo.w
Compiling alm\t-ing-solovalor.w
Compiling alm\t-ingkit.w
Compiling alm\t-ingres-resv-02.w
Compiling alm\t-ingreso-transfer.w
Compiling alm\t-lgdreq.w
Compiling alm\t-reclasificacion-01.w
Compiling alm\t-reclasificacion-02.w
Compiling alm\t-reclasificacion-02a.w
Compiling alm\t-reclasificacion-03.w
Compiling alm\t-reclasificacion-04.w
Compiling alm\t-reclasificacion-04a.w
Compiling alm\t-reclasificacion-04bak.w
Compiling alm\t-reclasificacion-autom - copia.w
Compiling alm\t-reclasificacion-autom.w
Compiling alm\t-reclman-ing.w
Compiling alm\t-reclman-sal-02.w
Compiling alm\t-reclman-sal.w
Compiling alm\t-reg-incidencia.w
Compiling alm\t-rut006-2.w
Compiling alm\t-rut006.w
Compiling alm\t-salida-transfer.w
Compiling alm\t-salkit.w
Compiling alm\t-stkminxcamp.w
Compiling alm\t-transfutilex.w
Compiling alm\t-trfing-03.w
Compiling alm\t-trfsal-01.w
Compiling alm\t-trfsal-01bak.w
Compiling alm\t-trfsal-02.w
Compiling alm\t-xxx.w
Compiling alm\tordendetransfautom.w
Compiling alm\tpedidodetransferencia.w
Compiling alm\treposicionutilex.w
Compiling alm\tsalidausointerno.w
Compiling alm\ttransfxotr.w
Compiling alm\tusointerno.w
Compiling alm\utilex-empaques.w
Compiling alm\v-abc.w
Compiling alm\V-ALCMOV.W
Compiling alm\V-ALMCB2.W
Compiling alm\V-ALMCBD.W
Compiling alm\V-ALMCEN.W
Compiling alm\v-almcfg.w
Compiling alm\v-almcfggn.w
Compiling alm\v-almcmov-01.w
Compiling alm\v-almcmov-02.w
Compiling alm\v-almtdocm-01.w
Compiling alm\v-almtg1.w
Compiling alm\v-almtg1v2.w
Compiling alm\v-almtmovm.w
Compiling alm\v-aprob-abastec-v2.w
Compiling alm\v-aprpedrep-v2.w
Compiling alm\V-CATMAT - copia.W
Compiling alm\v-catmat-2.w
Compiling alm\v-catmat-cons.w
Compiling alm\v-catmat-p - copia (2).w
Compiling alm\v-catmat-p - copia.w
Compiling alm\v-catmat-p.w
Compiling alm\v-catmat-web-cons.w
Compiling alm\v-catmat-web-p.w
Compiling alm\v-catmat-web.w
Compiling alm\V-CATMAT.W
Compiling alm\v-catmat1.w
Compiling alm\v-catmat2.w
Compiling alm\v-catmat3.w
Compiling alm\v-catmat4.w
Compiling alm\v-catmatv3.w
Compiling alm\v-catvta.w
Tabla desconocida o ambigua gn-pro (725)
** d:\newsie\on_in_co\APLIC\alm\v-catvta.w No se entiende línea 409. (196)
Compiling alm\v-codpadre.w
Compiling alm\v-conteomanual.w
Compiling alm\v-crepo.w
Compiling alm\V-DEVCMP.W
Compiling alm\v-devcsgp.W
Compiling alm\v-equiestad-01-cons.w
Compiling alm\v-equiestad-01.w
Compiling alm\v-equiestad-cons.w
Compiling alm\v-equiestad.w
Compiling alm\v-hojrut.w
Compiling alm\V-INCONS.W
Compiling alm\v-ingcmp-2-back.w
Compiling alm\v-ingcmp-2.w
Compiling alm\V-INGCMP.W
Tabla desconocida o ambigua Almace (725)
** d:\newsie\on_in_co\APLIC\lib\lock-wait.i No se entiende línea 81. (196)
Compiling alm\V-INGCMPB.W
Compiling alm\v-ingcsg.w
Compiling alm\v-ingre1.w
Compiling alm\v-ingres-resv-02.w
Compiling alm\V-INGRES.W
Compiling alm\V-INGRESB.W
Compiling alm\v-ingreso-transfer.w
Compiling alm\v-ingresrec.w
Compiling alm\v-ingsalkit.w
Compiling alm\v-invcfg-a.w
Compiling alm\v-invcfg-b.w
Compiling alm\v-invcfg-u.w
Compiling alm\v-invcfg.w
Compiling alm\v-invcfgf.w
Compiling alm\v-lgcreq.w
Compiling alm\V-MATALM.W
Compiling alm\v-matg-attr-p.w
Compiling alm\v-matg-attr.w
Compiling alm\V-MODI20.W
Compiling alm\V-MODIXX.W
Compiling alm\V-MODSAL.W
Compiling alm\V-MOVING.W
Compiling alm\V-MOVMTO.W
Compiling alm\V-MOVSAL.W
Compiling alm\V-MOVTRA.W
Compiling alm\v-mrgmmatg.w
Compiling alm\v-packs-ec.w
Compiling alm\v-packs-ecomerce-dtl-upd.w
Compiling alm\v-packs-ecomerce-dtl.w
Compiling alm\v-packs-ecomerce.w
Compiling alm\v-proyxmat-2.w
Compiling alm\v-proyxmat-3.w
Compiling alm\v-proyxmat.w
Compiling alm\v-reclasificacion-01.w
Compiling alm\v-reclasificacion-02.w
Compiling alm\v-reclasificacion-03.w
Compiling alm\v-reclasificacion-04.w
Compiling alm\v-reclasificacion-autom - copia.w
Tabla desconocida o ambigua ITEM (725)
** d:\newsie\on_in_co\APLIC\alm\v-reclasificacion-autom - copia.w No se entiende línea 426. (196)
Compiling alm\v-reclasificacion-autom.w
Compiling alm\v-reclman.w
Compiling alm\v-repo-quiebre-stock.w
Compiling alm\V-REPOSI.W
Compiling alm\V-REQALM.W
Compiling alm\v-rut001-old.w
Compiling alm\v-rut002.w
Compiling alm\v-rut004.w
** Más de un índice para Di-RutaGRI OF DI-RutaC. (446)
** d:\newsie\on_in_co\APLIC\alm\v-rut004.w No se entiende línea 711. (196)
Compiling alm\V-RUTAS.W
Compiling alm\v-salida-copia.w
Compiling alm\v-salida-transfer - copia.w
Compiling alm\v-salida-transfer-v2 - copia.w
Compiling alm\v-salida-transfer-v2.w
Compiling alm\v-salida-transfer.w
Compiling alm\v-salida-v2.w
Compiling alm\V-SALIDA.W
Compiling alm\V-SALIDAB.W
Compiling alm\v-stkminxcamp.w
Compiling alm\V-TABLAS.W
Compiling alm\v-talmcmov-01.w
Compiling alm\v-talmcmov-02.w
Compiling alm\V-TRANSF.W
Compiling alm\v-transfutilex.w
Compiling alm\v-trfing-03.w
Compiling alm\v-trfing-1.w
Compiling alm\V-TRFING.W
Compiling alm\V-TRFINGB.W
Compiling alm\v-trfsal-01.w
Compiling alm\v-trfsal-02.w
Compiling alm\v-trfsal-03 - copia (2).w
Compiling alm\v-trfsal-03 - copia.w
Compiling alm\v-trfsal-03.w
Compiling alm\V-TRFSAL.W
Compiling alm\V-TRFSALB.W
Compiling alm\v-vehic-bak.w
Compiling alm\v-vehic.w
Compiling alm\v-vtacfammat-01.w
Compiling alm\v-vtapmatg.w
Compiling alm\valmacen.w
Compiling alm\vingresoporcompra.w
Compiling alm\vingresousointerno.w
Compiling alm\vmovingreso01.w
Compiling alm\vordendetransfautom.w
Compiling alm\vordendetransferencia-v2.w
Compiling alm\vordendetransferencia.w
Compiling alm\vpedidodetransferencia.w
Compiling alm\vsalidausointerno.w
Compiling alm\vsalidausointernov2.w
Compiling alm\vsalidausointernov21.w
Compiling alm\vtransfxotr.w
Compiling alm\vtransfxreposicion.w
Compiling alm\vusointerno-v2.w
Compiling alm\vusointerno.w
Compiling alm\w-abc.w
Compiling alm\w-act-cata-gral.w
Compiling alm\W-ACTALM.W
Compiling alm\w-actinvalm-savar.w
Nombre de Base de Datos cissac desconocida. (855)
Nombre de Base de Datos cissac desconocida. (855)
Tabla desconocida o ambigua almcinv (725)
** d:\newsie\on_in_co\APLIC\alm\w-actinvalm-savar.w No se entiende línea 379. (196)
Compiling alm\w-actinvalm.w
Nombre de Base de Datos cissac desconocida. (855)
Nombre de Base de Datos cissac desconocida. (855)
Tabla desconocida o ambigua almcinv (725)
** d:\newsie\on_in_co\APLIC\alm\w-actinvalm.w No se entiende línea 380. (196)
Compiling alm\w-actinvalm02.w
Nombre de Base de Datos cissac desconocida. (855)
Nombre de Base de Datos cissac desconocida. (855)
Tabla desconocida o ambigua almcinv (725)
** d:\newsie\on_in_co\APLIC\alm\w-actinvalm02.w No se entiende línea 382. (196)
Compiling alm\w-actualiza-minmax-bloque-v4.w
Compiling alm\w-actualiza-minmax-bloque-v41.w
Compiling alm\w-actualiza-minmax-bloque.w
Compiling alm\w-actualizastkminxcamp.w
Compiling alm\w-ajtinv-01.w
Compiling alm\w-ajtinv-01a-copia.w
Compiling alm\w-ajtinv-01a.w
Compiling alm\w-ajtinv-01u.w
Compiling alm\w-ajtinv-a.w
Compiling alm\w-ajtinv-b.w
Compiling alm\w-ajtinv.w
Compiling alm\w-almacen-ventas.w
Compiling alm\W-ALMCBD.W
Compiling alm\W-ALMCEN.W
Compiling alm\W-almcenBACK.w
Compiling alm\w-almcfg.w
Compiling alm\w-almcfggn.w
Compiling alm\w-almcmov-01.w
Compiling alm\w-almcmov-01v2.w
Compiling alm\w-almcmov-02.w
Compiling alm\w-almcmov-fchdoc.w
Compiling alm\w-almrep.w
Compiling alm\W-ANADOC.W
Compiling alm\W-ANADOX.W
Compiling alm\W-APESTK.W
Compiling alm\w-aprcat.w
Compiling alm\w-aprob-abastec-cd.w
Compiling alm\w-aprob-abastec-tienda.w
Compiling alm\w-aprob-abastec-v2.w
Compiling alm\w-aprob-abastec-v21.w
Compiling alm\w-aprob-abastec-v3.w
Compiling alm\w-aprob-abastec.w
Compiling alm\w-aprob-incidencia.w
Compiling alm\w-aprpedrep-01.w
Compiling alm\w-aprpedrep-v2.w
Compiling alm\w-aprpedrep-v21.w
Compiling alm\w-aprpedrep.w
Compiling alm\w-artdesacstock.w
Compiling alm\w-artsnubi.w
Compiling alm\w-artubicacion.w
Nombre de Base de Datos cissac desconocida. (855)
Nombre de Base de Datos cissac desconocida. (855)
Tabla desconocida o ambigua almdinv (725)
** d:\newsie\on_in_co\APLIC\alm\w-artubicacion.w No se entiende línea 329. (196)
Compiling alm\w-asig-por-cc.w
Compiling alm\w-asigna-min-max-v3.w
Compiling alm\w-asigna-min-max-v4.w
Compiling alm\w-asigna-min-max-v41.w
Compiling alm\w-asigna-min-max.w
Compiling alm\w-asigna-min-maxv2.w
Compiling alm\w-asigna-min-maxv21.w
Compiling alm\w-asigna-min-maxv22.w
Compiling alm\w-asigna-subordenes-v2.w
Compiling alm\w-asigna-subordenes.w
Compiling alm\W-ASTCBD.W
** Factor es ambiguo entre Almmmatg.FactorPadre y Almdmov.Factor. (72)
** d:\newsie\on_in_co\APLIC\alm\W-ASTCBD.W No se entiende línea 1240. (196)
Compiling alm\w-atributos.w
Compiling alm\W-AUTMOV.W
Compiling alm\w-blanqueo-zonas.w
Compiling alm\w-carga-cat-excel.w
Compiling alm\w-carga-masiva-articulos - copia (2).w
Compiling alm\w-carga-masiva-articulos - copia.w
Compiling alm\w-carga-masiva-articulos .w
Compiling alm\w-carga-masiva-articulos.w
Compiling alm\w-carga-rep-campana.w
Compiling alm\w-cargar-pesos-volumenes.w
Compiling alm\w-catcon.w
Compiling alm\w-catcontab.w
Compiling alm\w-categoria-cbd.w
Compiling alm\w-catmat-2.w
Compiling alm\W-CATMAT-CONS.W
Compiling alm\w-catmat-p.W
Compiling alm\W-CATMAT.W
Compiling alm\W-catmat2.w
Compiling alm\w-catmatv2.w
Compiling alm\w-catmatv21.w
Compiling alm\w-catmatv3.w
Compiling alm\w-catmatvip.w
Compiling alm\w-catvta.w
Compiling alm\w-catvta02.w
Compiling alm\w-cbcfgalm.w
Compiling alm\w-cbd001.w
Compiling alm\w-ccdoc-1.w
Compiling alm\w-ccdoc.w
Compiling alm\w-cfg-homologar-ubicaciones.w
Compiling alm\w-cfgdespcompra.w
Compiling alm\w-cgasol.w
Compiling alm\w-chk-ing-tra-otr-v2.w
Compiling alm\w-chk-ing-tra-otr.w
Compiling alm\w-chk-ingreso-dev-cli.w
Compiling alm\w-chk-ingreso-dev-otr-v2.w
Compiling alm\w-chk-ingreso-dev-otr.w
Compiling alm\w-chk-ingtra-otr-man.w
Compiling alm\w-chk-otr-inc-v2.w
Compiling alm\w-chk-otr-inc.w
Compiling alm\w-chqingotr-v2.w
Compiling alm\w-chqingotr.w
Compiling alm\w-chqocn.w
Compiling alm\w-chqtrf.w
Compiling alm\w-ciealm-01.w
Compiling alm\w-ciealm.w
Compiling alm\w-cierre-turno-picking-v2.w
Compiling alm\w-cierre-turno-picking.w
Compiling alm\W-CIERRE.W
Compiling alm\w-cmpautparam.w
Compiling alm\w-codbrr.w
Compiling alm\w-codbrr_rosa.w
Compiling alm\W-CON100.W
Nombre de Base de Datos THGERENC desconocida. (855)
Tabla desconocida o ambigua TlgCinv0 (725)
** d:\newsie\on_in_co\APLIC\alm\W-CON100.W No se entiende línea 409. (196)
Compiling alm\w-confg-incidencia.w
Compiling alm\W-CONINV.W
Compiling alm\W-CONMOV.W
Compiling alm\w-conpedrep.w
Compiling alm\w-conpedrepv2.w
Compiling alm\w-conscntdocum.w
Compiling alm\W-CONSTK.W
Compiling alm\W-CONSTK02.w
Compiling alm\w-constkv2.w
Compiling alm\w-constkv3.w
Compiling alm\W-CONSU2.W
Compiling alm\w-consul-01.w
Compiling alm\w-consul-incidencia.w
Compiling alm\W-CONSUL.W
Compiling alm\w-consulta-stock-v2.w
Compiling alm\w-consulta-stock.w
Compiling alm\w-consulta-subordenes.w
Compiling alm\w-contdif.w
Compiling alm\W-CONTEO.W
Compiling alm\w-conteomanual-savar.w
Compiling alm\w-conteomanual-surq.w
Compiling alm\w-conteomanual-t.w
Compiling alm\w-conteomanual.w
Compiling alm\w-conteomanual1.w
Compiling alm\w-conteomanual_2.w
Compiling alm\w-control-picking-borrar.w
** "PikTareas de PikSacadores"--Indice de tabla 1 debe ser campo en tabla 2. (230)
** d:\newsie\on_in_co\APLIC\alm\w-control-picking-borrar.w No se entiende línea 383. (196)
Compiling alm\w-control-picking-v2.w
Compiling alm\w-control-picking.w
Compiling alm\W-CONVER.W
Compiling alm\W-CORRDO.W
Compiling alm\w-crcdoc-v2.w
Compiling alm\w-crcdoc.w
Compiling alm\w-crepo.w
Compiling alm\w-dato-transportista-transferencias.w
Compiling alm\w-dcdo-v2.w
Compiling alm\w-dcdo.w
Compiling alm\w-dcdoc02-I.w
Compiling alm\w-dcdoc02.w
Compiling alm\W-demizo.w
Compiling alm\W-desmos.w
Compiling alm\W-desofi.w
Compiling alm\w-detbultos.w
Compiling alm\W-DEVCMP.W
Compiling alm\w-devcsgp.W
Compiling alm\W-DOCEMI.W
Compiling alm\w-ean13-14-rpt.w
Compiling alm\w-ean13-14.w
Compiling alm\w-ean13-14b.w
Compiling alm\w-ean14.w
Compiling alm\w-ecommerce-transf-aut.w
Compiling alm\w-exctabla.w
Compiling alm\w-expmov.w
Compiling alm\w-exptrf.w
Compiling alm\w-gncob.w
Compiling alm\w-historico-stocks.w
Compiling alm\w-hojrut.w
Compiling alm\w-homologar-ubicaciones.w
Compiling alm\w-impcodsap.w
Compiling alm\w-impetiqutilex.w
Compiling alm\w-impkits.w
Compiling alm\w-impmov.w
Compiling alm\w-imprime-etiqueta - copia.w
Compiling alm\w-imprime-etiqueta.w
Compiling alm\w-imprime-pesos-medidas.w
Compiling alm\w-improtulos.w
Compiling alm\w-imp_precio_gondolas.w
Compiling alm\W-INCONS.W
Compiling alm\w-indprov.w
Compiling alm\w-ingcmp-2.W
Compiling alm\W-INGCMP.W
Compiling alm\W-INGCMPB.W
Compiling alm\w-ingconteo-savar.w
Compiling alm\w-ingconteo-surq.w
Compiling alm\w-ingconteo-t.w
Compiling alm\w-ingconteo.w
Compiling alm\W-INGCSG.W
Compiling alm\W-ingre1.w
Compiling alm\w-ingreconteomanual-savar.w
Compiling alm\w-ingreconteomanual-t.w
Compiling alm\w-ingreconteomanual.w
Compiling alm\w-ingres-resv-02.w
Compiling alm\w-ingres-resv.w
Compiling alm\W-INGRES.W
Compiling alm\W-INGRESB.W
Compiling alm\w-ingreso-transfer.w
Compiling alm\w-ingreso-zona-manual.w
Compiling alm\W-INGRESREC.w
Compiling alm\w-ingsalkit.w
Compiling alm\w-ingxubi.w
Compiling alm\w-ingxubi01.w
Compiling alm\W-invdet.w
Compiling alm\w-invdoc.w
Compiling alm\W-invfis.w
Compiling alm\w-invsurq.w
Compiling alm\w-kitremate.w
Compiling alm\w-kits.w
Compiling alm\w-lgcreq.w
Compiling alm\w-licencias.w
Compiling alm\w-lineamod.w
Compiling alm\w-lineas.w
Compiling alm\w-lissupinv.w
Compiling alm\w-listaartxubi.w
Compiling alm\w-listainv-pda.w
Compiling alm\w-listainv-savar.w
Compiling alm\w-listainv-t.w
Compiling alm\w-listainv-t2.w
Compiling alm\w-listainv.w
Compiling alm\w-log-sloting.w
Compiling alm\w-logcat.w
Compiling alm\W-marcas.w
Compiling alm\w-mat-a-recl.w
Compiling alm\w-matalm-v2.w
Compiling alm\W-MATALM.W
Compiling alm\w-matalm01.w
Compiling alm\W-MATALMZON-borrar.W
Compiling alm\W-MATALMZON.W
Compiling alm\W-MATALM_Limitado.w
Compiling alm\w-matequ.w
Compiling alm\w-maxmingral.w
Compiling alm\w-migra-catalg-a-cissac.w
Nombre de Base de Datos CISSAC desconocida. (855)
Tabla desconocida o ambigua Almmmatg (725)
** d:\newsie\on_in_co\APLIC\alm\w-migra-catalg-a-cissac.w No se entiende línea 494. (196)
Nombre de Base de Datos CISSAC desconocida. (855)
Tabla desconocida o ambigua Almmmatg (725)
** d:\newsie\on_in_co\APLIC\alm\w-migra-catalg-a-cissac.w No se entiende línea 501. (196)
Compiling alm\w-minmax-mate.w
Compiling alm\W-MODI20.W
Compiling alm\W-MODSAL.W
Compiling alm\w-mot-anul-otr.w
Compiling alm\w-motdev-01.w
Compiling alm\w-motivo-recl-man.w
Compiling alm\w-motreposicion.w
Compiling alm\W-MOVING.W
Compiling alm\W-MOVSAL.W
Compiling alm\W-MOVTRA.W
Compiling alm\w-ordcmppen.w
Compiling alm\w-packs-ec.w
Compiling alm\w-packs-ecomerce.w
Compiling alm\w-pagprov.w
WARNING: modificador diferente a AT, TO, BGCOLOR, DCOLOR, FGCOLOR, FONT, o VIEW-AS TEXT para la constante " Pag.  :  " fue ignorado. (3077)
WARNING: modificador diferente a AT, TO, BGCOLOR, DCOLOR, FGCOLOR, FONT, o VIEW-AS TEXT para la constante " Fecha :  " fue ignorado. (3077)
Compiling alm\W-pdespa.w
WARNING: modificador diferente a AT, TO, BGCOLOR, DCOLOR, FGCOLOR, FONT, o VIEW-AS TEXT para la constante " Pagina :  " fue ignorado. (3077)
WARNING: modificador diferente a AT, TO, BGCOLOR, DCOLOR, FGCOLOR, FONT, o VIEW-AS TEXT para la constante " Fecha  : " fue ignorado. (3077)
WARNING: modificador diferente a AT, TO, BGCOLOR, DCOLOR, FGCOLOR, FONT, o VIEW-AS TEXT para la constante " Hora   : " fue ignorado. (3077)
Compiling alm\W-pdistr.w
WARNING: modificador diferente a AT, TO, BGCOLOR, DCOLOR, FGCOLOR, FONT, o VIEW-AS TEXT para la constante " Pagina :  " fue ignorado. (3077)
WARNING: modificador diferente a AT, TO, BGCOLOR, DCOLOR, FGCOLOR, FONT, o VIEW-AS TEXT para la constante " Fecha  : " fue ignorado. (3077)
WARNING: modificador diferente a AT, TO, BGCOLOR, DCOLOR, FGCOLOR, FONT, o VIEW-AS TEXT para la constante " Hora   : " fue ignorado. (3077)
Compiling alm\W-PEDPAT.W
Compiling alm\w-pedrepaut-01.w
Compiling alm\w-pedrepaut.w
Compiling alm\W-PENREP.W
Compiling alm\W-PENSOL.W
Compiling alm\w-pik-asignacion.w
Compiling alm\w-pik-picadores.w
Compiling alm\w-plantillas.w
Compiling alm\w-pre-inv-cerrar-conteo-alm.w
Compiling alm\w-pre-inv-config-alm.w
Compiling alm\w-pre-inv-conteo-alm.w
Compiling alm\w-pre-inv-diferencias-alm.w
Compiling alm\w-pre-inv-reconteo-alm.w
Compiling alm\w-precom.w
Compiling alm\w-proyvta.w
Compiling alm\w-proyxmat.w
Compiling alm\w-prueba.w
Compiling alm\w-quiebres-stock.w
Compiling alm\w-ra-generacion-tienda.w
Compiling alm\w-ra-generacion.w
Compiling alm\w-ran-import.w
Compiling alm\W-RCPTRF.W
Compiling alm\w-rdcdo-v2.w
Compiling alm\w-rdcdo.w
Compiling alm\w-reclasif-kits-autom-v2.w
Compiling alm\w-reclasif-kits-autom.w
Compiling alm\w-reclasifica-pack-hjio-a-padre.w
Compiling alm\w-reclasificacion-01.w
Compiling alm\w-reclasificacion-02.w
Compiling alm\w-reclasificacion-03.w
Compiling alm\w-reclasificacion-04.w
Compiling alm\w-reclasificacion-autom-kits.w
Compiling alm\w-reclasificacion-autom.w
Compiling alm\w-reclasificacion-inversa-kits.w
Compiling alm\w-reclman.w
Compiling alm\W-RECONT.W
Compiling alm\w-reconteo-3er-conteo.w
Compiling alm\w-reconteo-a.w
Compiling alm\w-reconteo-savar.w
Compiling alm\w-reconteo-t.w
Compiling alm\w-reconteo.w
Compiling alm\w-reconteototal-t.w
Compiling alm\w-reconteototal.w
Compiling alm\w-rectrf.w
Compiling alm\w-reg-incidencia - copia.w
Compiling alm\w-reg-incidencia.w
Compiling alm\w-reg-pickeadores.w
Compiling alm\w-regcodsap.w
Compiling alm\w-remate-01.w
Compiling alm\w-repautparam.w
Compiling alm\w-repo-quiebre-stock.w
Compiling alm\W-REPOSI.W
Compiling alm\w-reppen.w
Compiling alm\w-req-cambio-fecha-mov-alm.w
Compiling alm\W-REQALM.W
Compiling alm\W-REQPAT.W
Compiling alm\W-RESDOC.W
Compiling alm\W-RESPRO.W
Compiling alm\w-rpt-articulo-seleccionable.w
Compiling alm\w-rpt-pendientesxdespachar.w
Compiling alm\w-rsm-mov-alm-v2.w
Compiling alm\w-rsm-mov-alm.w
Compiling alm\w-rut001-old.w
Compiling alm\w-rut002-01.w
Compiling alm\w-rut002.w
Compiling alm\w-rut003.w
Compiling alm\w-rut004.w
Compiling alm\w-rut005.w
Compiling alm\w-rut006.w
Compiling alm\w-rut008.w
Compiling alm\W-RUTAS.W
Compiling alm\w-sacpick.w
Compiling alm\w-salida-resv-copia.w
Compiling alm\w-salida-resv.w
Compiling alm\w-salida-transfer-v2.w
Compiling alm\w-salida-transfer.w
Compiling alm\w-salida-v2.w
Compiling alm\W-SALIDA.W
Compiling alm\W-SALIDAB.W
Compiling alm\W-SALIDAREC.w
Compiling alm\w-skuxcdxsem.w
Compiling alm\w-sloting-consulta.w
Compiling alm\w-sloting-dev-clie.w
Compiling alm\w-sloting-dev-otr.w
Compiling alm\w-sloting-oc.w
Compiling alm\w-sloting-otr.w
Compiling alm\W-STKA01.W
Nombre de Base de Datos PROSTAN desconocida. (855)
Nombre de Base de Datos PROSTAN desconocida. (855)
Tabla desconocida o ambigua ALMMMATE (725)
** d:\newsie\on_in_co\APLIC\alm\W-STKA01.W No se entiende línea 308. (196)
Compiling alm\W-STKTAI.W
Compiling alm\w-stock-marbetes.w
Compiling alm\w-stock-minimo-maximo.w
Compiling alm\w-stockxdiv.w
Compiling alm\w-suborden-al-1er-piso.w
Compiling alm\w-suborden-obser-detail.w
Compiling alm\w-suborden-recepciones.w
Compiling alm\w-supervisor-picking.w
Compiling alm\w-supinv.w
Compiling alm\W-TABLAS.W
Compiling alm\W-tcfami.w
Compiling alm\W-TFAMI.W
Compiling alm\w-tipimp.w
Compiling alm\w-tmp_invconteo.w
Compiling alm\w-tmp_invreconteo.w
Compiling alm\w-tope-pedido.w
Compiling alm\W-TRANSF.W
Compiling alm\w-transfutilex.w
Compiling alm\w-transportista-guia-transferencia.w
Compiling alm\w-trferr.w
Compiling alm\w-trfing-03.w
Compiling alm\w-trfing-1.w
Compiling alm\W-TRFING.W
Compiling alm\W-TRFINGB.W
Compiling alm\w-trfsal-01.w
Compiling alm\w-trfsal-02.w
Compiling alm\w-trfsal-03.w
Compiling alm\W-TRFSAL.W
Compiling alm\W-TRFSALB.W
Compiling alm\W-TRFSPRO.W
Compiling alm\W-UBIFIS.W
Compiling alm\W-UNIDAD.W
Compiling alm\w-usralm-noclf.w
Compiling alm\w-usralm-v2.w
Compiling alm\W-USRALM.W
Compiling alm\w-vehic-bak.w
Compiling alm\w-vehic.w
Compiling alm\W-VERCOS.W
WARNING: modificador diferente a AT, TO, BGCOLOR, DCOLOR, FGCOLOR, FONT, o VIEW-AS TEXT para la constante " VERIFICACION DE COSTOS " fue ignorado. (3077)
Compiling alm\w-vtacfammat-01.w
Compiling alm\w-wclasificacion.w
Compiling alm\w-win.w
Compiling alm\w-zona-geografica.w
Compiling alm\w-zonag-v2.w
Compiling alm\w-zonag-v3.w
Compiling alm\w-zonag.w
Compiling alm\w-zonas-01.w
Compiling alm\w-zonas-avance-v2-pda.w
Compiling alm\w-zonas-avance-v2.w
Compiling alm\w-zonas-avance.w
Compiling alm\w-zonas.w
Compiling alm\w-zonificacion-articulos-pda.w
Compiling alm\w-zonificacion-articulos.w
Compiling alm\w-zonificacion.w
Compiling alm\wajustavalores.w
Compiling alm\walmacen-almmmate.w
Compiling alm\walmacen.w
Compiling alm\walmutilex.w
Compiling alm\waprobusointerno.w
Compiling alm\waprobusointernologist.w
Compiling alm\waprobusointernologistv2.w
Compiling alm\waprobusointernologistv21.w
Compiling alm\waprobusointernov2.w
Compiling alm\waprobusointernov21.w
Compiling alm\wchqrepaut.w
Compiling alm\wcompraautomatica-v2 - copia.w
Compiling alm\wcompraautomatica-v2.w
Compiling alm\wcompraautomatica-v21.w
Tabla desconocida o ambigua Ventas_Detalle (725)
** d:\newsie\on_in_co\APLIC\alm\wcompraautomatica-v21.w No se entiende línea 1623. (196)
Compiling alm\wcompraautomatica.w
Compiling alm\wconsreposmerca-v2.w
Compiling alm\wconsreposmerca.w
Compiling alm\wconsultaotr.w
Compiling alm\wdiviutilex.w
Compiling alm\wimportingtransf.w
Compiling alm\wingresoporcompra.w
Compiling alm\wingresousointerno.w
Compiling alm\wmodmovalm.w
Compiling alm\wordendetransfautom.w
Compiling alm\wordendetransferencia-v2.w
Compiling alm\wordendetransferencia.w
Compiling alm\wpedidodetransferencia.w
Compiling alm\wporcrepoxlineacnc.w
Compiling alm\wrepoautochiclayo-v2.w
Compiling alm\wrepoautochiclayo.w
Compiling alm\wrepoplantilla.w
Tabla desconocida o ambigua Ventas_Detalle (725)
** d:\newsie\on_in_co\APLIC\alm\wrepoplantilla.w No se entiende línea 456. (196)
Compiling alm\wrepoplantillaimport.w
Compiling alm\wrepoplantillautilex-01.w
Compiling alm\wrepoplantillautilex.w
Compiling alm\wreposicionautomatica-v3.w
Compiling alm\wreposicionautomatica.w
Campo coincide con múltiples campos en Almacen. (3509)
** d:\newsie\on_in_co\APLIC\alm\wreposicionautomatica.w No se entiende línea 552. (196)
Compiling alm\wreposicionautomaticav2.w
Compiling alm\wreposicionautomaticav4.w
Compiling alm\wreposicionautomaticav5.w
Compiling alm\wreposicionautomaticav51.w
Compiling alm\wreposicionutilex.w
Compiling alm\wrotenv.w
Compiling alm\wsalidausointerno.w
Compiling alm\wsalidausointernov2.w
Compiling alm\wsalidausointernov21.w
Compiling alm\wtransfxotr.w
Compiling alm\wtransfxreposicion.w
Compiling alm\wuservslineacompras.w
Compiling alm\wusointerno-v2.w
Compiling alm\wusointerno.w
Compiling alm\wusuariosusointerno.w
16:13:26 Looking for ccb\*.p in d:\newsie\on_in_co\APLIC
Compiling ccb\act-fecha-ret.p
Compiling ccb\actualiza-renovacion.p
Compiling ccb\BOLCONTA.P
Compiling ccb\boleta_auxiliar.p
Compiling ccb\calcula-saldo-comprobantes.p
Compiling ccb\CAMBIO.P
Compiling ccb\Canc_bch.p
Compiling ccb\CANC_PED.P
Compiling ccb\canc_ped12.p
Compiling ccb\carga-letras-cissac.p
Compiling ccb\ccbboldep.p
Compiling ccb\ccbboldep4.p
Compiling ccb\ccbboldep5.p
Compiling ccb\cjeaprob-01.p
Compiling ccb\cjeaprob-02.p
Compiling ccb\CJEAPROB.P
Compiling ccb\CJECLPV.P
Compiling ccb\control-cierre-caja.p
Compiling ccb\control-prepercepcion-abonos.p
Compiling ccb\control-prepercepcion-cargos.p
Compiling ccb\control-prepercepcion-final.p
Compiling ccb\Copia (2) de r-tick500.p
Compiling ccb\Copia de cjeaprob-01.p
Compiling ccb\Copia de p-eeccgeneral.p
Compiling ccb\Copia de R-BOLE01-1.P
Compiling ccb\Copia de r-fact02-1.P
WARNING: modificador diferente a AT, TO, BGCOLOR, DCOLOR, FGCOLOR, FONT, o VIEW-AS TEXT para la constante " % " fue ignorado. (3077)
Compiling ccb\Copia de r-tick500.p
Compiling ccb\FACCONTA.P
Compiling ccb\genera-prepercepciones.p
Compiling ccb\GLOBAL.P
Compiling ccb\INGCAJA1.P
Compiling ccb\INGCAJA2.P
Compiling ccb\INGCAJAB.P
Compiling ccb\Ingcob1.p
Compiling ccb\letras-cissac.p
Nombre de Base de Datos cissac desconocida. (855)
Nombre de Base de Datos cissac desconocida. (855)
Nombre de tabla desconocido o ambiguo faccpedi (545)
** d:\newsie\on_in_co\APLIC\ccb\letras-cissac.p No se entiende línea 17. (196)
Compiling ccb\libreria-ccb.p
Compiling ccb\MENUCAJA.P
Compiling ccb\p-bgrbd.p
Compiling ccb\p-cliente-master.p
Compiling ccb\p-ctrl-fac-adel.p
Compiling ccb\p-eeccaplicacion.p
Compiling ccb\p-eeccgeneral.p
Compiling ccb\p-eeccsaldo.p
Compiling ccb\p-estado-bd.p
Compiling ccb\p-implc.p
Compiling ccb\p-implc02.p
Compiling ccb\p-implet.p
Compiling ccb\p-inicio-02.p
Compiling ccb\p-rep020.p
Compiling ccb\p-rep021.p
Compiling ccb\p-saldo-actual-cliente.p
Compiling ccb\p-vermtoic.p
Compiling ccb\R-BOLE01-1.P
Compiling ccb\R-BOLE01-1m.P
Compiling ccb\R-BOLE01-2.P
Compiling ccb\R-BOLE01.P
Compiling ccb\R-boleBK.p
Compiling ccb\R-BOVBC1.P
WARNING: modificador diferente a AT, TO, BGCOLOR, DCOLOR, FGCOLOR, FONT, o VIEW-AS TEXT para la constante " TRANSFERENCIA DE BOVEDA A BANCO Nro.  " fue ignorado. (3077)
WARNING: modificador diferente a AT, TO, BGCOLOR, DCOLOR, FGCOLOR, FONT, o VIEW-AS TEXT para la constante " Hecho por : " fue ignorado. (3077)
Compiling ccb\R-BOVBCO.P
WARNING: modificador diferente a AT, TO, BGCOLOR, DCOLOR, FGCOLOR, FONT, o VIEW-AS TEXT para la constante " TRANSFERENCIA DE BOVEDA A BANCO Nro.  " fue ignorado. (3077)
WARNING: modificador diferente a AT, TO, BGCOLOR, DCOLOR, FGCOLOR, FONT, o VIEW-AS TEXT para la constante " Hecho por : " fue ignorado. (3077)
Compiling ccb\R-CJABOV.P
WARNING: modificador diferente a AT, TO, BGCOLOR, DCOLOR, FGCOLOR, FONT, o VIEW-AS TEXT para la constante " TRANSFERENCIA DE DINERO DE CAJA A BOVEDA Nro.  " fue ignorado. (3077)
WARNING: modificador diferente a AT, TO, BGCOLOR, DCOLOR, FGCOLOR, FONT, o VIEW-AS TEXT para la constante " Hecho por : " fue ignorado. (3077)
Compiling ccb\R-CONCLI.P
Compiling ccb\r-docxcob-01.p
Compiling ccb\r-docXcob-res.p
Compiling ccb\r-docXcob.p
Compiling ccb\r-docXcob2.p
Compiling ccb\r-docXcobcissac.p
Nombre de Base de Datos cissac desconocida. (855)
** d:\newsie\on_in_co\APLIC\ccb\r-docXcobcissac.p No se entiende línea 24. (196)
Compiling ccb\r-docXcobr.p
Compiling ccb\r-fact00005.P
WARNING: modificador diferente a AT, TO, BGCOLOR, DCOLOR, FGCOLOR, FONT, o VIEW-AS TEXT para la constante " % " fue ignorado. (3077)
Compiling ccb\R-FACT01-1.P
WARNING: modificador diferente a AT, TO, BGCOLOR, DCOLOR, FGCOLOR, FONT, o VIEW-AS TEXT para la constante " % " fue ignorado. (3077)
Compiling ccb\R-FACT01-Utilex.P
WARNING: modificador diferente a AT, TO, BGCOLOR, DCOLOR, FGCOLOR, FONT, o VIEW-AS TEXT para la constante " % " fue ignorado. (3077)
Compiling ccb\R-FACT01.P
WARNING: modificador diferente a AT, TO, BGCOLOR, DCOLOR, FGCOLOR, FONT, o VIEW-AS TEXT para la constante " % " fue ignorado. (3077)
Compiling ccb\r-fact02-1.P
WARNING: modificador diferente a AT, TO, BGCOLOR, DCOLOR, FGCOLOR, FONT, o VIEW-AS TEXT para la constante "  Monto Cobrado   Importe de la Percepción " fue ignorado. (3077)
WARNING: modificador diferente a AT, TO, BGCOLOR, DCOLOR, FGCOLOR, FONT, o VIEW-AS TEXT para la constante " % " fue ignorado. (3077)
Compiling ccb\r-fact02-1m.P
WARNING: modificador diferente a AT, TO, BGCOLOR, DCOLOR, FGCOLOR, FONT, o VIEW-AS TEXT para la constante " % " fue ignorado. (3077)
Compiling ccb\r-fact02.P
WARNING: modificador diferente a AT, TO, BGCOLOR, DCOLOR, FGCOLOR, FONT, o VIEW-AS TEXT para la constante " % " fue ignorado. (3077)
Compiling ccb\R-factBK.p
Compiling ccb\R-guides.p
Compiling ccb\r-implet-1.p
Compiling ccb\r-implet.p
Compiling ccb\R-IMPNOT.P
Compiling ccb\R-impnot2-1.p
Compiling ccb\R-impnot2.p
WARNING: modificador diferente a AT, TO, BGCOLOR, DCOLOR, FGCOLOR, FONT, o VIEW-AS TEXT para la constante " N.I.T. 20100038146 " fue ignorado. (3077)
WARNING: modificador diferente a AT, TO, BGCOLOR, DCOLOR, FGCOLOR, FONT, o VIEW-AS TEXT para la constante " Observaciones :  " fue ignorado. (3077)
WARNING: modificador diferente a AT, TO, BGCOLOR, DCOLOR, FGCOLOR, FONT, o VIEW-AS TEXT para la constante " % " fue ignorado. (3077)
WARNING: modificador diferente a AT, TO, BGCOLOR, DCOLOR, FGCOLOR, FONT, o VIEW-AS TEXT para la constante " Observaciones :  " fue ignorado. (3077)
WARNING: modificador diferente a AT, TO, BGCOLOR, DCOLOR, FGCOLOR, FONT, o VIEW-AS TEXT para la constante " % " fue ignorado. (3077)
Compiling ccb\R-impnot3-2.p
Compiling ccb\R-impnot3-2a.p
Compiling ccb\r-impnot3.p
WARNING: modificador diferente a AT, TO, BGCOLOR, DCOLOR, FGCOLOR, FONT, o VIEW-AS TEXT para la constante " N.I.T. 20100038146 " fue ignorado. (3077)
WARNING: modificador diferente a AT, TO, BGCOLOR, DCOLOR, FGCOLOR, FONT, o VIEW-AS TEXT para la constante " Observaciones :  " fue ignorado. (3077)
WARNING: modificador diferente a AT, TO, BGCOLOR, DCOLOR, FGCOLOR, FONT, o VIEW-AS TEXT para la constante " % " fue ignorado. (3077)
WARNING: modificador diferente a AT, TO, BGCOLOR, DCOLOR, FGCOLOR, FONT, o VIEW-AS TEXT para la constante " Observaciones :  " fue ignorado. (3077)
WARNING: modificador diferente a AT, TO, BGCOLOR, DCOLOR, FGCOLOR, FONT, o VIEW-AS TEXT para la constante " % " fue ignorado. (3077)
Compiling ccb\r-letform.p
Compiling ccb\r-letform2.p
Compiling ccb\r-letform3.p
Compiling ccb\R-LETRAS.P
**No cabe FILL-IN C-NomCli con AT dentro de FRAME F-HdrCJE. (4027)
Ignorando la información de posición del AT (2054)
Compiling ccb\R-letras2.p
Compiling ccb\R-liqcob.p
WARNING: modificador diferente a AT, TO, BGCOLOR, DCOLOR, FGCOLOR, FONT, o VIEW-AS TEXT para la constante " TOTAL IMPORTE   ----------> " fue ignorado. (3077)
WARNING: modificador diferente a AT, TO, BGCOLOR, DCOLOR, FGCOLOR, FONT, o VIEW-AS TEXT para la constante " No RUC   :  " fue ignorado. (3077)
WARNING: modificador diferente a AT, TO, BGCOLOR, DCOLOR, FGCOLOR, FONT, o VIEW-AS TEXT para la constante " REMITO No:  " fue ignorado. (3077)
WARNING: modificador diferente a AT, TO, BGCOLOR, DCOLOR, FGCOLOR, FONT, o VIEW-AS TEXT para la constante " DIVISION :  " fue ignorado. (3077)
WARNING: modificador diferente a AT, TO, BGCOLOR, DCOLOR, FGCOLOR, FONT, o VIEW-AS TEXT para la constante " FECHA      :  " fue ignorado. (3077)
WARNING: modificador diferente a AT, TO, BGCOLOR, DCOLOR, FGCOLOR, FONT, o VIEW-AS TEXT para la constante " COBRADOR   :  " fue ignorado. (3077)
Compiling ccb\R-motanu.p
Compiling ccb\r-notban.p
Compiling ccb\R-NOTCRE.P
WARNING: modificador diferente a AT, TO, BGCOLOR, DCOLOR, FGCOLOR, FONT, o VIEW-AS TEXT para la constante " DEVOLUCION DE MERCADERIA " fue ignorado. (3077)
WARNING: modificador diferente a AT, TO, BGCOLOR, DCOLOR, FGCOLOR, FONT, o VIEW-AS TEXT para la constante " Imp.Brt:  " fue ignorado. (3077)
WARNING: modificador diferente a AT, TO, BGCOLOR, DCOLOR, FGCOLOR, FONT, o VIEW-AS TEXT para la constante " DSCTO.:  " fue ignorado. (3077)
WARNING: modificador diferente a AT, TO, BGCOLOR, DCOLOR, FGCOLOR, FONT, o VIEW-AS TEXT para la constante "  % " fue ignorado. (3077)
Compiling ccb\R-notcre00005.p
WARNING: modificador diferente a AT, TO, BGCOLOR, DCOLOR, FGCOLOR, FONT, o VIEW-AS TEXT para la constante " DEVOLUCION DE MERCADERIA " fue ignorado. (3077)
Compiling ccb\R-notcre2.p
WARNING: modificador diferente a AT, TO, BGCOLOR, DCOLOR, FGCOLOR, FONT, o VIEW-AS TEXT para la constante " DEVOLUCION DE MERCADERIA " fue ignorado. (3077)
WARNING: modificador diferente a AT, TO, BGCOLOR, DCOLOR, FGCOLOR, FONT, o VIEW-AS TEXT para la constante " % " fue ignorado. (3077)
Compiling ccb\R-notcre3.p
Compiling ccb\R-odeBK.p
Compiling ccb\R-ODES2.P
Compiling ccb\R-ODESP.P
Compiling ccb\R-RECIBO.P
Compiling ccb\R-recibo1.p
WARNING: modificador diferente a AT, TO, BGCOLOR, DCOLOR, FGCOLOR, FONT, o VIEW-AS TEXT para la constante " Fecha : " fue ignorado. (3077)
WARNING: modificador diferente a AT, TO, BGCOLOR, DCOLOR, FGCOLOR, FONT, o VIEW-AS TEXT para la constante " T/C   : " fue ignorado. (3077)
WARNING: modificador diferente a AT, TO, BGCOLOR, DCOLOR, FGCOLOR, FONT, o VIEW-AS TEXT para la constante "   Efectivo           " fue ignorado. (3077)
WARNING: modificador diferente a AT, TO, BGCOLOR, DCOLOR, FGCOLOR, FONT, o VIEW-AS TEXT para la constante "   Cheque             " fue ignorado. (3077)
WARNING: modificador diferente a AT, TO, BGCOLOR, DCOLOR, FGCOLOR, FONT, o VIEW-AS TEXT para la constante "   Cheque Diferido    " fue ignorado. (3077)
WARNING: modificador diferente a AT, TO, BGCOLOR, DCOLOR, FGCOLOR, FONT, o VIEW-AS TEXT para la constante "   Nota de Credito    " fue ignorado. (3077)
WARNING: modificador diferente a AT, TO, BGCOLOR, DCOLOR, FGCOLOR, FONT, o VIEW-AS TEXT para la constante "   Deposito           " fue ignorado. (3077)
WARNING: modificador diferente a AT, TO, BGCOLOR, DCOLOR, FGCOLOR, FONT, o VIEW-AS TEXT para la constante "   Vuelto             " fue ignorado. (3077)
Compiling ccb\R-recibo2.p
WARNING: modificador diferente a AT, TO, BGCOLOR, DCOLOR, FGCOLOR, FONT, o VIEW-AS TEXT para la constante " TOTAL IMPORTE   ----------> " fue ignorado. (3077)
WARNING: modificador diferente a AT, TO, BGCOLOR, DCOLOR, FGCOLOR, FONT, o VIEW-AS TEXT para la constante " Efectivo        " fue ignorado. (3077)
WARNING: modificador diferente a AT, TO, BGCOLOR, DCOLOR, FGCOLOR, FONT, o VIEW-AS TEXT para la constante " Cheque del Dia  " fue ignorado. (3077)
WARNING: modificador diferente a AT, TO, BGCOLOR, DCOLOR, FGCOLOR, FONT, o VIEW-AS TEXT para la constante " Cheque Diferido " fue ignorado. (3077)
WARNING: modificador diferente a AT, TO, BGCOLOR, DCOLOR, FGCOLOR, FONT, o VIEW-AS TEXT para la constante " Nota de Credito " fue ignorado. (3077)
WARNING: modificador diferente a AT, TO, BGCOLOR, DCOLOR, FGCOLOR, FONT, o VIEW-AS TEXT para la constante " Depositos       " fue ignorado. (3077)
WARNING: modificador diferente a AT, TO, BGCOLOR, DCOLOR, FGCOLOR, FONT, o VIEW-AS TEXT para la constante " Anticipo        " fue ignorado. (3077)
WARNING: modificador diferente a AT, TO, BGCOLOR, DCOLOR, FGCOLOR, FONT, o VIEW-AS TEXT para la constante " Comision        " fue ignorado. (3077)
WARNING: modificador diferente a AT, TO, BGCOLOR, DCOLOR, FGCOLOR, FONT, o VIEW-AS TEXT para la constante " Retenciones     " fue ignorado. (3077)
WARNING: modificador diferente a AT, TO, BGCOLOR, DCOLOR, FGCOLOR, FONT, o VIEW-AS TEXT para la constante " Este Documento no tiene Validez sin la Firma y Sello de Caja " fue ignorado. (3077)
WARNING: modificador diferente a AT, TO, BGCOLOR, DCOLOR, FGCOLOR, FONT, o VIEW-AS TEXT para la constante " No RUC   :  " fue ignorado. (3077)
WARNING: modificador diferente a AT, TO, BGCOLOR, DCOLOR, FGCOLOR, FONT, o VIEW-AS TEXT para la constante " RECIBO No:  " fue ignorado. (3077)
WARNING: modificador diferente a AT, TO, BGCOLOR, DCOLOR, FGCOLOR, FONT, o VIEW-AS TEXT para la constante " DIVISION :  " fue ignorado. (3077)
WARNING: modificador diferente a AT, TO, BGCOLOR, DCOLOR, FGCOLOR, FONT, o VIEW-AS TEXT para la constante " CAJERO   :  " fue ignorado. (3077)
Compiling ccb\R-recibo3.p
Compiling ccb\R-RELETR.P
Compiling ccb\R-remesa.p
** Imposible entender la continuación de -- "Por_Dsctos[1]". (247)
** d:\newsie\on_in_co\src\adm\method\browser.i No se entiende línea 2. (198)
** Nombre de campo o variable desconocido - FRAME. (201)
** d:\newsie\on_in_co\src\adm\method\tableio.i No se entiende línea 1407. (196)
Compiling ccb\r-renlet.P
Compiling ccb\r-rep003.p
Compiling ccb\r-rep030.p
Compiling ccb\R-tick01.p
Compiling ccb\r-tick500.p
Compiling ccb\rcanjexletra.P
Compiling ccb\recepcion-letras-anticipadas-stock.p
Compiling ccb\rimpletras.p
Compiling ccb\VER1.P
Compiling ccb\VERCLI.P
Compiling ccb\xyz.p
16:13:57 Looking for ccb\*.w in d:\newsie\on_in_co\APLIC
Compiling ccb\B-ABOCAR.W
Compiling ccb\b-abocar2.w
Compiling ccb\b-ac-correccion.w
Compiling ccb\b-ac-porcentaje.w
Compiling ccb\b-aderec.w
Compiling ccb\B-AGEBCO.W
Compiling ccb\B-AGREGA.W
Compiling ccb\B-AINCJA.W
Compiling ccb\b-anticipos-detalle.w
Compiling ccb\b-anula-ic-anticipo.w
Compiling ccb\b-anulacion-pnc-dif-precio-ind.w
Compiling ccb\b-anu_ic-01.w
Compiling ccb\b-anu_ic-01a.w
Compiling ccb\b-anu_ic-02.w
Compiling ccb\b-anu_ic-02a.w
Compiling ccb\b-anu_ic-03-2.w
Compiling ccb\b-anu_ic-03.w
Compiling ccb\b-anu_ic-03b.w
Compiling ccb\b-anu_ic-04.w
Compiling ccb\B-ANU_IC.W
Compiling ccb\b-aprnco.w
Compiling ccb\b-aprob-rem-bov.w
Compiling ccb\b-aprobacion-pre-notas-de-credito-hdr-tt-tempo.w
Compiling ccb\b-aprobacion-pre-notas-de-credito-hdr.w
Compiling ccb\b-aprobaciones-con-que-pago.w
Compiling ccb\B-ASIGNA.W
Compiling ccb\b-audilc.w
Compiling ccb\b-autbol-02.w
Compiling ccb\b-autbol-v02.w
** Tipos de datos incompatibles en expresión o asignación. (223)
** d:\newsie\on_in_co\APLIC\ccb\b-autbol-v02.w No se entiende línea 163. (196)
Compiling ccb\b-autboldep.w
Compiling ccb\B-BOLADM.W
Compiling ccb\B-BOLD99.W
Compiling ccb\B-BOLDE1.W
Compiling ccb\b-boldep-1.w
Compiling ccb\b-boldep-1a.w
Compiling ccb\b-boldep-1b-copia.w
Compiling ccb\b-boldep-1b.w
Compiling ccb\b-boldep-2.w
Compiling ccb\b-bovbco-11.w
Compiling ccb\b-bovbco-12.w
Compiling ccb\B-BOVBCO.W
WARNING: modificador diferente a AT, TO, BGCOLOR, DCOLOR, FGCOLOR, FONT, o VIEW-AS TEXT para la constante " Hecho por : " fue ignorado. (3077)
Compiling ccb\B-CAJA01.W
Compiling ccb\b-campanas.w
Compiling ccb\b-canc-mayorista-cont-v2 (2).w
** Nombre de campo o variable desconocido - x-articulo-ICBPER. (201)
** d:\newsie\on_in_co\APLIC\vta2\graba-totales-cotizacion-cred.i No se entiende línea 118. (198)
Compiling ccb\b-canc-mayorista-cont-v2.w
** Nombre de campo o variable desconocido - x-articulo-ICBPER. (201)
** d:\newsie\on_in_co\APLIC\vta2\graba-totales-cotizacion-cred.i No se entiende línea 118. (198)
Compiling ccb\b-canc-mayorista-cont-v3.w
** Nombre de campo o variable desconocido - x-articulo-ICBPER. (201)
** d:\newsie\on_in_co\APLIC\vta2\graba-totales-cotizacion-cred.i No se entiende línea 118. (198)
Compiling ccb\b-canc-mayorista-cont.w
** Nombre de campo o variable desconocido - x-articulo-ICBPER. (201)
** d:\newsie\on_in_co\APLIC\vta2\graba-totales-cotizacion-cred.i No se entiende línea 118. (198)
Compiling ccb\B-CANNC.W
Compiling ccb\b-castig.w
Compiling ccb\b-castigado.w
Compiling ccb\b-ccb-pendientes.w
Nombre de tabla desconocido o ambiguo ccb_pendientes (545)
** d:\newsie\on_in_co\APLIC\ccb\b-ccb-pendientes.w No se entiende línea 10. (196)
Compiling ccb\b-ccbcbd-2.w
Compiling ccb\b-ccbcbd-4.w
Compiling ccb\b-ccbcbd-ac.w
Compiling ccb\B-CCBCBD.W
Compiling ccb\b-ccbcfgcbd.w
Compiling ccb\b-ccbtabla-conceptos.w
Compiling ccb\b-cfg-nc-ac.w
Compiling ccb\b-cfg-nc-cr.w
Compiling ccb\b-cfg-nc-edg.w
Compiling ccb\b-cfg-nc-grupo-c.w
Compiling ccb\b-cfg-nc-grupo-d.w
Compiling ccb\b-cfg-nc-ra.w
Compiling ccb\b-cfg-nc-rm.w
Compiling ccb\b-chqdifcbd.w
Compiling ccb\b-ciefacant.w
Compiling ccb\B-CJACB2.W
Compiling ccb\b-cjacbd-01.w
Compiling ccb\b-cjacbd-2-03.w
Compiling ccb\b-cjacbd-2-03a.w
Compiling ccb\b-cjacbd-3.w
Compiling ccb\B-CJACBD.W
Compiling ccb\b-cjapl-3.w
Compiling ccb\B-CJLET1.W
Compiling ccb\B-CJLET2.W
Compiling ccb\b-cjlet3.w
Compiling ccb\B-CLINCR.W
Compiling ccb\b-cobrador.w
Compiling ccb\b-cobrador2.w
Compiling ccb\b-con002-01.w
Compiling ccb\b-con002-01v2.w
Compiling ccb\b-con002-02.w
Compiling ccb\b-con002-02v2.w
Compiling ccb\b-con003.w
Compiling ccb\b-concepto-exclusiones-concepto.w
Compiling ccb\b-concepto-exclusiones.w
Compiling ccb\b-conceptos-nc-dif-precio-ind.w
Compiling ccb\b-confdep-cons.w
Compiling ccb\b-confdep.w
Compiling ccb\b-confg-pl-julio-cab.w
Compiling ccb\b-confg-preletra-cab.w
Compiling ccb\b-confg-preletra-det.w
Compiling ccb\b-confg-preletra.w
Compiling ccb\b-config-aprobacion-pedidos-docs.w
Compiling ccb\b-config-aprobacion-pedidos.w
Compiling ccb\b-configurador-textos.w
Compiling ccb\B-CONSU1.W
Compiling ccb\b-consu1v2.w
Compiling ccb\b-consu2-02.w
Compiling ccb\b-consu2-02v2.w
Compiling ccb\b-consu2-02zzz.w
Compiling ccb\B-CONSU2.W
Compiling ccb\B-CONSU3.W
Compiling ccb\b-consu4.w
Compiling ccb\b-consu5-1.w
Compiling ccb\b-consu5.w
Compiling ccb\b-consul-cct2a.w
Compiling ccb\b-consul-cctv3.w
Compiling ccb\b-consulbd-v02.w
Compiling ccb\b-corrvcmto.w
Compiling ccb\B-CTERMI.W
Compiling ccb\b-cuotas-vta-credito-dtl.w
Compiling ccb\b-cuotas-vta-credito.w
Compiling ccb\B-DCAJA1.W
Compiling ccb\b-dcgoc.w
Compiling ccb\b-dcto-ppago.w
Compiling ccb\B-DEPBCO.W
Compiling ccb\B-DEPBO1.W
Compiling ccb\B-DEPBOV.W
WARNING: modificador diferente a AT, TO, BGCOLOR, DCOLOR, FGCOLOR, FONT, o VIEW-AS TEXT para la constante " Hecho por : " fue ignorado. (3077)
Compiling ccb\b-depxap-02.w
WARNING: modificador diferente a AT, TO, BGCOLOR, DCOLOR, FGCOLOR, FONT, o VIEW-AS TEXT para la constante " RESUMEN DE BOLETAS DE DEPOSITO X APLICAR " fue ignorado. (3077)
Compiling ccb\B-DEPXAP.W
WARNING: modificador diferente a AT, TO, BGCOLOR, DCOLOR, FGCOLOR, FONT, o VIEW-AS TEXT para la constante " RESUMEN DE BOLETAS DE DEPOSITO X APLICAR " fue ignorado. (3077)
Compiling ccb\b-detcob.w
Compiling ccb\b-difcja-sustento-a.w
Compiling ccb\b-difcja-sustento-b - copia.w
Compiling ccb\b-difcja-sustento-b.w
Compiling ccb\b-difcja.w
Compiling ccb\b-dircobr.w
Compiling ccb\b-division-canje.w
Compiling ccb\b-documentos-validos-para-refinanciar.w
Compiling ccb\B-DTERMI.W
Compiling ccb\b-dudoso.w
Compiling ccb\b-dudoso2.w
Compiling ccb\b-estdoc.w
Compiling ccb\b-extorna-nb-aprobada.w
Compiling ccb\b-generacion-nc-dif-precio-ind-detalle.w
Compiling ccb\b-generacion-nc-dif-precio-ind.w
Compiling ccb\b-ingcja-01.w
Compiling ccb\b-ingcja-02.w
Compiling ccb\B-INGCJA.W
Compiling ccb\b-lc-gn-cliel-v2.w
Compiling ccb\b-lc-gn-cliel.w
Compiling ccb\B-LETBCO.W
Compiling ccb\B-LINEAS.W
Compiling ccb\B-LINUSR.W
Compiling ccb\b-liqcob1.w
Compiling ccb\b-listado-pnc-dif-precio-ind-detalle-borrar.w
Compiling ccb\b-listado-pnc-dif-precio-ind-detalle.w
Compiling ccb\b-listado-pnc-dif-precio-ind.w
Compiling ccb\b-migra-saldos-01.w
Compiling ccb\b-motanu.w
Compiling ccb\B-NOTBAN.W
Compiling ccb\B-NOTBAT.W
Compiling ccb\b-notcre-3.w
Compiling ccb\B-NOTCRE.W
Compiling ccb\b-obs-analista-consulta.w
Compiling ccb\b-obs-analista.w
Compiling ccb\b-pedpBK.w
Compiling ccb\b-pedpen-01.w
Compiling ccb\b-pedpen-02.w
Compiling ccb\b-pedpen-02a.w
Compiling ccb\b-pedpen-03-1.w
Compiling ccb\b-pedpen-03-2.w
Compiling ccb\b-pedpen-03.w
Compiling ccb\b-pedpen-04.w
Compiling ccb\B-PEDPEN.W
Compiling ccb\b-pedpenAQ.w
** d:\newsie\on_in_co\APLIC\ccb\b-pedpenAQ.w Linea 1499.  ':' seguido de un espacio en blanco termina la instrucción. (199)
Compiling ccb\b-pendep-01.w
Compiling ccb\b-pendep-02.w
Compiling ccb\B-PENDEP.W
Compiling ccb\b-pendval.w
Compiling ccb\B-PMXCAN.W
Compiling ccb\b-politica-lc-2021.w
Compiling ccb\b-pre-ncredito-dif-precio-individual - copia.w
* AVISO- palabra TRANSACTION dentro de una transacción actual. (214)
Compiling ccb\b-pre-ncredito-dif-precio-individual.w
* AVISO- palabra TRANSACTION dentro de una transacción actual. (214)
Compiling ccb\b-pre-ncredito-dif-precio-referencias-borrar.w
Compiling ccb\b-pre-ncredito-dif-precio-referencias.w
Compiling ccb\b-preletraadelantada.w
Compiling ccb\b-prenco.w
Compiling ccb\B-PRUEBA.W
Compiling ccb\b-rcgoc.w
Compiling ccb\b-recepcion-letras-anticipdas.w
Compiling ccb\b-rembov.w
Compiling ccb\B-RENLET.W
Compiling ccb\b-retenc.w
Compiling ccb\b-retenc2.w
Compiling ccb\B-TABCON.W
Compiling ccb\B-TABLA-.W
Compiling ccb\B-TMPBCO.W
Compiling ccb\b-tmpcj-2.w
Compiling ccb\b-tmpcj-3.w
Compiling ccb\B-TMPCJ1.W
Compiling ccb\B-TMPCJ2.W
Compiling ccb\B-TMPCNC.W
Compiling ccb\B-TMPNOD.W
Compiling ccb\B-TMPNODB.W
Compiling ccb\B-TMPNOT.W
Compiling ccb\b-tmpnot2.w
Compiling ccb\B-TMPNOTB.W
Compiling ccb\B-TMPPRO.W
Compiling ccb\B-TMPREN.W
Compiling ccb\B-TM_BB1.W
Compiling ccb\B-TM_BB2.W
Compiling ccb\B-TRFBCO.W
Compiling ccb\B-TRFBOV.W
Compiling ccb\b-tvvale.w
Compiling ccb\b-usrcjb.w
Compiling ccb\B-VTAMOS.W
Compiling ccb\baprobarncndotros.w
Compiling ccb\baprobarncndotrosv2-borrar.w
Compiling ccb\baprobarncndotrosv2.w
Compiling ccb\bcanjesxletras.w
Compiling ccb\bcanjexaprobar.w
Compiling ccb\bcanjexletra-01.w
Compiling ccb\bcanjexletra-01b.w
Compiling ccb\bcanjexletra-02.w
Compiling ccb\bcanjexpagare.W
Compiling ccb\bcompbpercepcab.w
Compiling ccb\bcompbpercepdet.w
Compiling ccb\bcomprobantesxcliente.w
Compiling ccb\bconsultaletras.w
Compiling ccb\benvletbco.w
Compiling ccb\bletbcocob.w
Compiling ccb\bncmesaredonda.w
Compiling ccb\bncxdevolucion.w
Compiling ccb\bncxhojatrabajo-02.w
Compiling ccb\bncxhojatrabajo.w
** Nombre de campo o variable desconocido - x-articulo-ICBPER. (201)
** d:\newsie\on_in_co\APLIC\vta\graba-totales-abono.i No se entiende línea 89. (198)
Compiling ccb\bnotabancaria.w
Compiling ccb\borrame01.w
Compiling ccb\C-CAJA01.W
Compiling ccb\C-CAJA02.W
Compiling ccb\C-CAJA03.W
Compiling ccb\C-CLINCR.W
Compiling ccb\C-DEPBCO.W
Compiling ccb\C-DOCTIP-02.W
Compiling ccb\c-notcrepen.w
Compiling ccb\canjevalesutilex.w
Compiling ccb\CJCCMENU.W
Compiling ccb\Copia (2) de b-consu2-02.w
Compiling ccb\Copia (2) de W-cjacbd-2-03.w
Compiling ccb\Copia de b-canc-mayorista-cont-v2.w
** Nombre de campo o variable desconocido - x-articulo-ICBPER. (201)
** d:\newsie\on_in_co\APLIC\vta2\graba-totales-cotizacion-cred.i No se entiende línea 118. (198)
Compiling ccb\Copia de b-consu2-02.w
Compiling ccb\Copia de D-ciecja2-01.w
Compiling ccb\Copia de r-difcie.w
Compiling ccb\Copia de t-canjexnc.w
Compiling ccb\Copia de t-genera-preletra.w
Compiling ccb\Copia de v-consul-cctv3.w
Compiling ccb\Copia de w-avicob.w
Compiling ccb\Copia de W-cjacbd-2-03.w
Compiling ccb\D-actchq.w
Compiling ccb\D-AINCJA.W
Compiling ccb\D-AMOVI.W
Nombre de Base de Datos reporte desconocida. (855)
Tabla desconocida o ambigua w-report (725)
** d:\newsie\on_in_co\APLIC\ccb\D-AMOVI.W No se entiende línea 340. (196)
Compiling ccb\D-ANTICIP-01.W
WARNING: modificador diferente a AT, TO, BGCOLOR, DCOLOR, FGCOLOR, FONT, o VIEW-AS TEXT para la constante " R E S U M E N    A N T I C I P O S " fue ignorado. (3077)
WARNING: modificador diferente a AT, TO, BGCOLOR, DCOLOR, FGCOLOR, FONT, o VIEW-AS TEXT para la constante " Pag.  : " fue ignorado. (3077)
WARNING: modificador diferente a AT, TO, BGCOLOR, DCOLOR, FGCOLOR, FONT, o VIEW-AS TEXT para la constante " Desde : " fue ignorado. (3077)
WARNING: modificador diferente a AT, TO, BGCOLOR, DCOLOR, FGCOLOR, FONT, o VIEW-AS TEXT para la constante " Fecha : " fue ignorado. (3077)
Compiling ccb\D-ANTICIP.W
WARNING: modificador diferente a AT, TO, BGCOLOR, DCOLOR, FGCOLOR, FONT, o VIEW-AS TEXT para la constante " R E S U M E N     A N T I C I P O S " fue ignorado. (3077)
WARNING: modificador diferente a AT, TO, BGCOLOR, DCOLOR, FGCOLOR, FONT, o VIEW-AS TEXT para la constante " Pag.  :  " fue ignorado. (3077)
WARNING: modificador diferente a AT, TO, BGCOLOR, DCOLOR, FGCOLOR, FONT, o VIEW-AS TEXT para la constante " Desde :  " fue ignorado. (3077)
WARNING: modificador diferente a AT, TO, BGCOLOR, DCOLOR, FGCOLOR, FONT, o VIEW-AS TEXT para la constante " Fecha :  " fue ignorado. (3077)
Compiling ccb\D-ANTXD2.W
Compiling ccb\D-ANTXDC.W
Compiling ccb\D-antxdc2.w
Compiling ccb\D-antxdc2prueba.w
Compiling ccb\D-antxdc3.w
Compiling ccb\D-ANXCLI.W
Nombre de Base de Datos reporte desconocida. (855)
Tabla desconocida o ambigua w-report (725)
** d:\newsie\on_in_co\APLIC\ccb\D-ANXCLI.W No se entiende línea 358. (196)
Compiling ccb\D-aplinc.w
Compiling ccb\d-autbol.w
Compiling ccb\D-AVCOB.W
** Tabla W-REPORT no existe o no puede ser accedida. (962)
** d:\newsie\on_in_co\APLIC\ccb\D-AVCOB.W No se entiende línea 429. (196)
Compiling ccb\D-AVICOB.W
Compiling ccb\D-CAJA01.W
Compiling ccb\d-canc-mayorista-cont-v2.w
**No cabe FILL-IN Tipo Cambio Venta con COLON-ALIGNED dentro de FRAME f-TpoCmb. (4027)
Ignorando la información de posición del COLON-ALIGNED (2054)
**No cabe FILL-IN Tipo Cambio Compra con COLON-ALIGNED dentro de FRAME f-TpoCmb. (4027)
Ignorando la información de posición del COLON-ALIGNED (2054)
Compiling ccb\d-canc-mayorista-cont.w
**No cabe FILL-IN Tipo Cambio Venta con COLON-ALIGNED dentro de FRAME f-TpoCmb. (4027)
Ignorando la información de posición del COLON-ALIGNED (2054)
**No cabe FILL-IN Tipo Cambio Compra con COLON-ALIGNED dentro de FRAME f-TpoCmb. (4027)
Ignorando la información de posición del COLON-ALIGNED (2054)
Compiling ccb\D-CANC01.W
Compiling ccb\D-CANC02.W
Compiling ccb\D-canc03.w
Compiling ccb\D-canc04.w
** Imposible entender la continuación de -- "*/". (247)
** d:\newsie\on_in_co\APLIC\ccb\D-canc04.w No se entiende línea 7. (198)
** Nombre de campo o variable desconocido - FRAME. (201)
** d:\newsie\on_in_co\src\adm-vm\method\vmviewer.i No se entiende línea 45. (196)
Compiling ccb\D-canc10.w
Compiling ccb\D-CANC11.W
Compiling ccb\D-canc12.w
Compiling ccb\D-canc20.w
Compiling ccb\D-CANC22.W
Compiling ccb\D-canc30.w
Compiling ccb\D-CANC99.W
Compiling ccb\D-CANCB.W
Compiling ccb\D-CANCPR.W
Compiling ccb\d-canjexnc.w
Compiling ccb\d-canped-01.w
Compiling ccb\d-canped-02.w
Compiling ccb\d-canped-02a - copia.w
**No cabe FILL-IN Tipo Cambio Venta con COLON-ALIGNED dentro de FRAME f-TpoCmb. (4027)
Ignorando la información de posición del COLON-ALIGNED (2054)
**No cabe FILL-IN Tipo Cambio Compra con COLON-ALIGNED dentro de FRAME f-TpoCmb. (4027)
Ignorando la información de posición del COLON-ALIGNED (2054)
Compiling ccb\d-canped-02a-bak.w
**No cabe FILL-IN Tipo Cambio Venta con COLON-ALIGNED dentro de FRAME f-TpoCmb. (4027)
Ignorando la información de posición del COLON-ALIGNED (2054)
**No cabe FILL-IN Tipo Cambio Compra con COLON-ALIGNED dentro de FRAME f-TpoCmb. (4027)
Ignorando la información de posición del COLON-ALIGNED (2054)
Compiling ccb\d-canped-02a.w
**No cabe FILL-IN Tipo Cambio Venta con COLON-ALIGNED dentro de FRAME f-TpoCmb. (4027)
Ignorando la información de posición del COLON-ALIGNED (2054)
**No cabe FILL-IN Tipo Cambio Compra con COLON-ALIGNED dentro de FRAME f-TpoCmb. (4027)
Ignorando la información de posición del COLON-ALIGNED (2054)
Compiling ccb\d-canped-02b.w
**No cabe FILL-IN Tipo Cambio Venta con COLON-ALIGNED dentro de FRAME f-TpoCmb. (4027)
Ignorando la información de posición del COLON-ALIGNED (2054)
**No cabe FILL-IN Tipo Cambio Compra con COLON-ALIGNED dentro de FRAME f-TpoCmb. (4027)
Ignorando la información de posición del COLON-ALIGNED (2054)
Compiling ccb\d-carta.w
Compiling ccb\d-carta2a.w
Compiling ccb\d-castig.w
Compiling ccb\D-chcdep.w
Compiling ccb\D-cheque.w
Compiling ccb\D-CHQDE.W
Compiling ccb\d-chqdep.w
Compiling ccb\d-ciecja-utilex-old.w
Compiling ccb\d-ciecja-utilex.w
Compiling ccb\D-CIECJA.W
Compiling ccb\D-ciecja2-01.w
Compiling ccb\D-ciecja2.w
* AVISO- palabra TRANSACTION dentro de una transacción actual. (214)
Compiling ccb\D-CIEDIA.W
Compiling ccb\d-cjlet2.w
Compiling ccb\D-CLIE.W
** Tabla W-Report no existe o no puede ser accedida. (962)
** d:\newsie\on_in_co\APLIC\ccb\D-CLIE.W No se entiende línea 339. (196)
Compiling ccb\D-clie2.w
** Tabla W-Report no existe o no puede ser accedida. (962)
** d:\newsie\on_in_co\APLIC\ccb\D-clie2.w No se entiende línea 389. (196)
Compiling ccb\D-CLINEA.W
Compiling ccb\D-CLIVEN.W
Compiling ccb\D-CONSCL.W
Nombre de Base de Datos reporte desconocida. (855)
Tabla desconocida o ambigua w-report (725)
** d:\newsie\on_in_co\APLIC\ccb\D-CONSCL.W No se entiende línea 348. (196)
Compiling ccb\D-CTACTE.W
Compiling ccb\D-CXCOB.W
Nombre de Base de Datos reporte desconocida. (855)
Tabla desconocida o ambigua w-report (725)
** d:\newsie\on_in_co\APLIC\ccb\D-CXCOB.W No se entiende línea 395. (196)
Compiling ccb\d-deposito-02.w
Compiling ccb\d-deposito.w
Compiling ccb\D-DOCVEN.W
Compiling ccb\d-dudoso.w
Compiling ccb\D-DXCLI.W
Compiling ccb\d-efectivo.w
Compiling ccb\d-estcta-02.w
Compiling ccb\d-estcta.w
Compiling ccb\d-genera-nc-desde-pnc.w
* AVISO- palabra TRANSACTION dentro de una transacción actual. (214)
Compiling ccb\D-GUIAP.W
Compiling ccb\d-inconsistencias-pnc.w
Compiling ccb\D-INGCJA-01.W
Compiling ccb\D-INGCJA.W
Compiling ccb\d-lc-gn-cliel.w
Compiling ccb\D-LETRAS.W
** Tabla W-Report no existe o no puede ser accedida. (962)
** d:\newsie\on_in_co\APLIC\ccb\D-LETRAS.W No se entiende línea 493. (196)
Compiling ccb\D-liqegr.w
Compiling ccb\D-liqing-vta.w
Compiling ccb\D-LIQING.W
Compiling ccb\d-liquidacion-caja.w
Compiling ccb\d-liquidaciones-cct2a.w
Compiling ccb\d-motanu-2.w
Compiling ccb\d-motanu.w
Compiling ccb\d-msgblo.w
Compiling ccb\d-notcre-3.w
Compiling ccb\d-preletraadelantada.w
Compiling ccb\D-PRYCOB.W
Compiling ccb\D-prycob2.w
Compiling ccb\D-PRYDOC.W
Compiling ccb\D-RENOV.W
Compiling ccb\d-rep001.w
**FILL-IN Razon Social no cabrá en FRAME F-REPORTE en PROGRAMA d:\newsie\on_in_co\APLIC\ccb\d-rep001.w. (4028)
** d:\newsie\on_in_co\APLIC\ccb\d-rep001.w No se entiende línea 392. (196)
Compiling ccb\d-repo06.w
Compiling ccb\D-RESLI1.W
Compiling ccb\D-RESLIN.W
Compiling ccb\d-retenc-01.w
Compiling ccb\D-retigv-01.w
Compiling ccb\D-retigv.w
Compiling ccb\d-rndn-a.w
Compiling ccb\d-tvvale.w
Compiling ccb\d-valeresp.w
Compiling ccb\dpidedatos.w
Compiling ccb\f-print-canje-adelantado.w
Compiling ccb\f-print-canje.w
Compiling ccb\f-print-refinanciacion.w
Compiling ccb\gncpendxcliente.w
Compiling ccb\iniziaLIZE.w
Compiling ccb\L-AINCJA.W
Compiling ccb\L-AUTCLI.W
Compiling ccb\L-CAJA01.W
Compiling ccb\L-CAJA02.W
Compiling ccb\L-CAJA03.W
Compiling ccb\l-chcdep-1.w
Compiling ccb\l-chcdep.w
Compiling ccb\l-chqact.w
Compiling ccb\L-CLINCR.W
Compiling ccb\L-DEPBCO.W
Compiling ccb\l-ingcja-01.w
Compiling ccb\L-INGCJA.W
Compiling ccb\L-INGCJX.W
Compiling ccb\L-VENDE-.W
Compiling ccb\lreimpcmpbte-selectivo.w
Compiling ccb\MAINMENU.W
Compiling ccb\probando.w
Compiling ccb\PRUEBA.w
Compiling ccb\Q-ABOCAR.W
Compiling ccb\q-abocar2.w
Compiling ccb\Q-ABOCARB.W
Compiling ccb\Q-AGEBCO.W
Compiling ccb\Q-AGREGA.W
Compiling ccb\q-asigna-2.w
Compiling ccb\Q-ASIGNA.W
Compiling ccb\Q-BOLADM.W
Compiling ccb\q-boldep-01.W
Compiling ccb\Q-BOLDEP.W
Compiling ccb\Q-CAJA01-01.W
Compiling ccb\Q-CAJA01.W
Compiling ccb\Q-CAJAB.W
Compiling ccb\Q-CANNC.W
Compiling ccb\q-ccbtabla.w
Compiling ccb\q-ccgoc.w
Compiling ccb\q-ccgoreg.w
Compiling ccb\q-cfgcja-2.w
Compiling ccb\Q-CFGCJA.W
Compiling ccb\q-CheDif.w
Compiling ccb\Q-CHQDEV.W
Compiling ccb\Q-CJAPL.W
Compiling ccb\q-cjlet-2.w
Compiling ccb\Q-CJLET.W
Compiling ccb\q-con003.w
Compiling ccb\q-consu2-02v2.w
Compiling ccb\q-consul-cctv3.w
Compiling ccb\Q-DEPBCO.W
Compiling ccb\q-docmto-02.w
Compiling ccb\q-docmto-02a.w
Compiling ccb\q-docmto-3.w
Compiling ccb\Q-DOCMTO.W
Compiling ccb\q-gncob.w
Compiling ccb\q-liqcob.w
Compiling ccb\q-liquidacion-caja.w
Compiling ccb\q-notbac.w
Compiling ccb\Q-NOTBAN.W
Compiling ccb\q-notcre-2-1.w
Compiling ccb\q-notcre-4.w
Compiling ccb\Q-NOTCRE.W
Compiling ccb\Q-NOTCREB.W
Compiling ccb\q-pre-ncredito-dif-precio-individual.w
Compiling ccb\q-prenco.w
Compiling ccb\q-remesa-01.w
Compiling ccb\q-remesa.w
Compiling ccb\q-renlet.w
Compiling ccb\Q-retigv.w
Compiling ccb\q-t1.w
Compiling ccb\q-tsatet.w
Tabla desconocida o ambigua State (725)
** d:\newsie\on_in_co\APLIC\ccb\q-tsatet.w No se entiende línea 120. (196)
Compiling ccb\q-valeresp.w
Compiling ccb\q-vencom.w
Compiling ccb\Q-VTAMOS.W
Compiling ccb\qcanjesxletras.w
Compiling ccb\qcanjexletra-extorno.w
Compiling ccb\qcanjexletra-v2.w
Compiling ccb\qcanjexletra.w
Compiling ccb\qconsultaletras.w
Compiling ccb\qncmesaredonda.w
Compiling ccb\qnotacreditodebito-anular.w
Compiling ccb\qnotacreditodebito.w
Compiling ccb\r-anexcc-01.w
Compiling ccb\r-anexcc-02.w
Compiling ccb\r-antxdc2.w
Compiling ccb\r-antxdc3.w
Compiling ccb\r-antxdc4.w
Compiling ccb\r-cargodoc.w
Compiling ccb\r-ccb-pendientes.w
Compiling ccb\r-chqdep-01.w
Compiling ccb\R-CIERRE.W
Compiling ccb\R-cierre2.w
Compiling ccb\r-cierre3-01.w
Compiling ccb\r-cierre3-02.w
Compiling ccb\R-cierre3.w
Compiling ccb\r-cierrecja.w
WARNING: modificador diferente a AT, TO, BGCOLOR, DCOLOR, FGCOLOR, FONT, o VIEW-AS TEXT para la constante " REPORTE CIERRE DE CAJA DEL " fue ignorado. (3077)
Compiling ccb\r-con001.w
Compiling ccb\r-con002.w
Compiling ccb\r-con003.w
Compiling ccb\r-con004.w
Compiling ccb\r-dcaja1-01.w
Compiling ccb\r-dcaja1-02.w
Compiling ccb\r-difcie.w
Compiling ccb\r-docpend.w
Compiling ccb\r-eecc.w
Compiling ccb\r-egresos-devo-efec.w
Compiling ccb\r-egresos-remebov.w
Compiling ccb\r-fchcob2.w
Compiling ccb\r-ingresos-aplic-nc.w
Compiling ccb\r-letxcli.w
Compiling ccb\r-nc0001.w
Compiling ccb\R-PRECIE-01.W
Compiling ccb\R-PRECIE.W
Compiling ccb\r-rep001.w
Compiling ccb\r-rep001a.w
Compiling ccb\r-rep002.w
Compiling ccb\r-rep004.w
Compiling ccb\r-rep005.w
Compiling ccb\r-rep006.w
Compiling ccb\r-rep007.w
Compiling ccb\r-rep008.w
Compiling ccb\r-rep009-02.w
Compiling ccb\r-rep009.w
Compiling ccb\r-rep010.w
Compiling ccb\r-rep011.w
Compiling ccb\r-rep012.w
Compiling ccb\r-rep013.w
Compiling ccb\r-rep014-v2.w
Compiling ccb\r-rep014.w
Compiling ccb\r-rep015.w
Compiling ccb\r-rep016.w
Compiling ccb\r-rep017.w
Compiling ccb\r-rep018.w
Compiling ccb\r-rep019.w
Compiling ccb\r-rep020.w
Nombre de Base de Datos cissac desconocida. (855)
Nombre de Base de Datos cissac desconocida. (855)
Tabla desconocida o ambigua ccbcdocu (725)
** d:\newsie\on_in_co\APLIC\ccb\r-rep020.w No se entiende línea 454. (196)
Compiling ccb\r-rep021.w
Compiling ccb\r-rep022.w
Compiling ccb\r-rep023.w
Compiling ccb\r-rep024.w
Compiling ccb\r-rep025-copia.w
Compiling ccb\r-rep025.w
Compiling ccb\r-rep025v2.w
Compiling ccb\r-rep026.w
Compiling ccb\r-rep027.w
Compiling ccb\r-rep028.w
Compiling ccb\r-rep029.w
Compiling ccb\r-rep30.w
** Nombre de tabla gn-pro desconocido. (200)
** d:\newsie\on_in_co\APLIC\ccb\r-rep30.w No se entiende línea 506. (196)
Compiling ccb\r-retenc.w
Compiling ccb\r-retenc2.w
Compiling ccb\r-valeresp.w
Compiling ccb\r-valuti-01.w
Compiling ccb\rarqueoutilex.w
Compiling ccb\rletsincanje.w
Compiling ccb\t-canc-mayorista-cont-v2.w
Compiling ccb\t-canjexnc.w
Compiling ccb\T-CIEPEN.W
Compiling ccb\T-DCAJA1-01.W
Compiling ccb\t-dcaja1-02.w
Compiling ccb\T-DCAJA1.W
Compiling ccb\T-DEPBCO.W
** d:\newsie\on_in_co\APLIC\ccb\T-DEPBCO.W No se entiende línea 40. (196)
Compiling ccb\t-devbco.w
Compiling ccb\t-gen-preletra-julio.w
Compiling ccb\t-genera-preletra.w
Compiling ccb\t-liqcob1.w
Compiling ccb\t-notcre-3.w
Compiling ccb\t-prenco.w
Compiling ccb\T-VTAMOS.W
Compiling ccb\tcanjevalesutilexc.w
Compiling ccb\tcanjevalesutilexd.w
Compiling ccb\tcanjexletra-01.w
Compiling ccb\tcanjexletra-02.w
Compiling ccb\tcanjexletra-03.w
Compiling ccb\tcanjexpagare02.W
Compiling ccb\tcanjexpagare03.W
Compiling ccb\tdevletbco.w
Compiling ccb\tenvletbco.w
Compiling ccb\tletbcocob.w
Compiling ccb\tletprotestada.w
Compiling ccb\tletraadelantada-02.w
Compiling ccb\tncxdevolucion.w
Compiling ccb\tnotabancaria-v2.w
Compiling ccb\tnotabancaria.w
Compiling ccb\trefixletra-01.w
Compiling ccb\trenovacionletra.w
Compiling ccb\V-ABOCAR.W
Compiling ccb\v-abocar2.w
Compiling ccb\V-ABOCARB.W
Compiling ccb\V-AGEBCO.W
Compiling ccb\v-antrec-01.w
Compiling ccb\v-antrec-v2 - copia.w
Compiling ccb\v-antrec-v2.w
Compiling ccb\v-antrec.w
Compiling ccb\v-asigna-2.w
Compiling ccb\V-ASIGNA.W
Compiling ccb\v-autcli-2.w
Compiling ccb\V-AUTCLI.W
Compiling ccb\v-Avales.w
Compiling ccb\v-avales2.w
Compiling ccb\V-BOLADM.W
Compiling ccb\v-boldep-01.W
Compiling ccb\v-boldep-02.w
Compiling ccb\v-boldep-v02.w
Compiling ccb\v-boldep-v02a.w
Compiling ccb\V-BOLDEP.W
Compiling ccb\v-caja01-01.w
Compiling ccb\V-CAJA01-02.W
Compiling ccb\V-CAJA01.W
Compiling ccb\V-CAJA02.W
Compiling ccb\V-CAJA99.W
Compiling ccb\v-cajaB.w
Compiling ccb\v-canjexnc.w
** Nombre de campo o variable desconocido - x-articulo-ICBPER. (201)
** d:\newsie\on_in_co\APLIC\vta\graba-totales-abono.i No se entiende línea 89. (198)
Compiling ccb\V-CANNC.W
Compiling ccb\v-ccgoc.w
Compiling ccb\v-cfg-nc-ac.w
Compiling ccb\v-cfg-nc-edg.w
Compiling ccb\v-cfgcja-2.w
Compiling ccb\V-CFGCJA.W
Compiling ccb\v-chcdep-1.w
Compiling ccb\v-CheDif.w
Compiling ccb\V-CHQDEV.W
Compiling ccb\v-cjlet-2.w
Compiling ccb\v-cjlet-3.w
Compiling ccb\V-CJLET.W
Compiling ccb\v-CliAva.w
Compiling ccb\V-CLINCR.W
Compiling ccb\v-con002a.w
Compiling ccb\v-config-ic-let.w
Compiling ccb\V-CONSU2.W
Compiling ccb\v-consul-cct2a.w
Compiling ccb\v-consul-cctv3.w
Compiling ccb\V-DATCLI.W
Compiling ccb\v-datcliv2.w
Compiling ccb\V-DATDOC.W
Compiling ccb\v-datos-analista.w
Compiling ccb\V-DEPBCO.W
Compiling ccb\v-detcob.w
Compiling ccb\v-devbco.w
Compiling ccb\v-doccobranza.w
Compiling ccb\v-fmacan-01.w
Compiling ccb\V-FMACAN.W
Compiling ccb\v-fmacan2.w
** d:\newsie\on_in_co\APLIC\ccb\v-fmacan2.w Linea 2.  ':' seguido de un espacio en blanco termina la instrucción. (199)
Compiling ccb\v-gncob.w
Compiling ccb\v-icaja-02.w
Compiling ccb\V-LETBCO.W
Compiling ccb\V-LETPRO.W
Compiling ccb\v-liqcob.w
Compiling ccb\v-notbac.w
Compiling ccb\V-NOTBAN.W
Compiling ccb\V-NOTCAR.W
Compiling ccb\v-notcr1.w
Compiling ccb\v-notcre-2-1.w
Compiling ccb\v-notcre-2.w
Compiling ccb\v-notcre-3.w
Compiling ccb\v-notcre-4.w
** Nombre de campo o variable desconocido - x-articulo-ICBPER. (201)
** d:\newsie\on_in_co\APLIC\vta\graba-totales-abono.i No se entiende línea 89. (198)
Compiling ccb\V-NOTCRE.W
Compiling ccb\V-NOTCREB.W
Compiling ccb\v-obscre.w
Compiling ccb\v-obsvta.w
Compiling ccb\v-pre-ncredito-dif-precio-individual.w
Compiling ccb\v-preletraadelantada.w
Compiling ccb\v-prenco.w
** Nombre de campo o variable desconocido - x-articulo-ICBPER. (201)
** d:\newsie\on_in_co\APLIC\vta2\graba-totales-cotizacion-cred.i No se entiende línea 118. (198)
Compiling ccb\v-remenc-01.w
Compiling ccb\v-remenc.w
Compiling ccb\v-remesa-01.w
Compiling ccb\v-remesa-x.w
Compiling ccb\v-remesa.w
Compiling ccb\v-remesas-01.w
Compiling ccb\V-RENLET.W
Compiling ccb\V-retigv.w
Compiling ccb\v-sencja.w
Compiling ccb\v-tCUSNUM.w
** Nombre de campo o variable desconocido - Cust-Num. (201)
** d:\newsie\on_in_co\APLIC\ccb\v-tCUSNUM.w No se entiende línea 115. (196)
Compiling ccb\V-TOTMOS.W
Compiling ccb\v-tsatet.w
Tabla desconocida o ambigua State (725)
** d:\newsie\on_in_co\APLIC\ccb\v-tsatet.w No se entiende línea 59. (196)
Compiling ccb\v-valeresp.w
Compiling ccb\V-VENCOM.W
Compiling ccb\V-VTAMOS.W
Compiling ccb\vcanjevalesutilex.w
Compiling ccb\vcanjexletra.w
Compiling ccb\vcanjexpagare.W
Compiling ccb\vconsultaletras.w
Compiling ccb\vdevletbco.w
Compiling ccb\venvletbco.w
Compiling ccb\vletprotestada.w
Compiling ccb\vletraadelantada.w
Compiling ccb\vncmesaredonda-02.w
Compiling ccb\vncmesaredonda.w
Compiling ccb\vncndxpncpnd-anular.w
Compiling ccb\vncndxpncpnd-item.w
Compiling ccb\vncndxpncpnd.w
Compiling ccb\vncxdevolucion-tot.w
Compiling ccb\vncxdevolucion.w
Compiling ccb\vnotabancaria-v2.w
Compiling ccb\vnotabancaria.w
** libre_dec es ambiguo entre CcbCMvto.Libre_dec y estrac_bancario.libre_dec. (72)
** d:\newsie\on_in_co\APLIC\ccb\vnotabancaria.w No se entiende línea 977. (196)
Compiling ccb\vnotacreditodebito-borrar.w
Compiling ccb\vnotacreditodebito.w
Compiling ccb\vrefinanciacionletras.w
Compiling ccb\vrenovacionletra.w
Compiling ccb\W-ABOCAR.W
Compiling ccb\w-abocar2.w
Compiling ccb\w-abocar3.w
Compiling ccb\W-ABOCARB.W
Compiling ccb\w-ac-correccion-v2.w
Compiling ccb\w-ac-correccion.w
Compiling ccb\w-ac-porcentaje.w
Compiling ccb\W-AGEBCO.W
Compiling ccb\W-AGREGA.W
Compiling ccb\w-anticipos-aplicaciones.w
Compiling ccb\w-anticipos-aplicaciones_boirrame.w
Compiling ccb\w-antrec-01.w
Compiling ccb\w-antrec-v2.w
Compiling ccb\w-antrec.w
Compiling ccb\w-anuctr.w
Imposible entender instrucción ME-NAME. (3583)
** d:\newsie\on_in_co\APLIC\ccb\w-anuctr.w No se entiende línea 1. (196)
Compiling ccb\w-anula-ic-anticipo.w
Compiling ccb\w-anulacion-pnc-dif-precio-ind.w
Compiling ccb\W-ANU_IC-01.W
Compiling ccb\W-ANU_IC-01a.W
Compiling ccb\W-ANU_IC-02.W
Compiling ccb\W-ANU_IC-02a.W
Compiling ccb\w-anu_ic-03-2.w
Compiling ccb\w-anu_ic-03.w
Compiling ccb\w-anu_ic-04.w
Compiling ccb\W-ANU_IC.W
Compiling ccb\w-aprnco.w
Compiling ccb\w-aprob-rem-bov.w
Compiling ccb\w-aprobacion-nc-otros.w
Compiling ccb\w-aprobacion-pre-notas-de-credito-tt-tempo.w
Compiling ccb\w-aprobacion-pre-notas-de-credito.w
Compiling ccb\w-asigna-2.w
Compiling ccb\W-ASIGNA.W
Compiling ccb\w-audilc.w
Compiling ccb\w-autbol-02.W
Compiling ccb\w-autbol-v02.w
Compiling ccb\w-autboldep.w
Compiling ccb\W-AUTCLI.W
Compiling ccb\w-autlincre.w
Compiling ccb\w-avales-consulta.w
Compiling ccb\w-avales.w
Compiling ccb\w-avicob-v2.w
Compiling ccb\w-avicob.w
Compiling ccb\w-bd-masivos.w
Compiling ccb\W-BOLADM.W
Compiling ccb\W-BOLD99.W
Compiling ccb\W-BOLDE1.W
Compiling ccb\w-boldep-01.w
Compiling ccb\w-boldep-02.w
Compiling ccb\w-boldep-1.w
Compiling ccb\w-boldep-1a.w
Compiling ccb\w-boldep-1b.w
Compiling ccb\w-boldep-2.w
Compiling ccb\w-boldep-v02.w
Compiling ccb\w-boldep-v02a.w
Compiling ccb\W-BOLDEP.W
Compiling ccb\w-bovbco-1.w
Compiling ccb\W-BOVBCO.W
Compiling ccb\W-CAJA99.W
Compiling ccb\w-canc-mayorista-cont-v2.w
Compiling ccb\w-canc-mayorista-cont-v3.w
Compiling ccb\w-canc-mayorista-cont.w
Compiling ccb\w-canc12.w
Compiling ccb\w-canjexnc.w
Compiling ccb\W-CANNC.W
Compiling ccb\W-canpBK.w
Compiling ccb\W-CANPED-01.W
Compiling ccb\W-CANPED-02.W
Compiling ccb\W-CANPED-02a.W
Compiling ccb\w-canped-03-1.w
Compiling ccb\w-canped-03-2.w
Compiling ccb\w-canped-03.w
Compiling ccb\w-canped-04.w
Compiling ccb\W-CANPED.W
Compiling ccb\w-carga-bd-excel.w
Compiling ccb\w-cartanotaria-v2.w
Compiling ccb\w-cartanotaria-v2l.w
Compiling ccb\w-cartanotarial-v2.w
Compiling ccb\w-cartanotarial.w
Compiling ccb\w-cartanotarialw.w
Compiling ccb\w-castig.w
Compiling ccb\w-castigado.w
Compiling ccb\w-cbd001-01.w
Compiling ccb\w-cbd001-01m.w
Compiling ccb\w-cbd001.w
Compiling ccb\w-cbd002.w
Compiling ccb\w-ccbcbd-01a.w
Compiling ccb\w-ccbcbd-01am.w
Compiling ccb\w-ccbcbd-01b.w
Compiling ccb\w-ccbcbd-1.w
Compiling ccb\w-ccbcbd-2.w
Compiling ccb\w-ccbcbd-3.w
Compiling ccb\w-ccbcbd-3a.w
Compiling ccb\W-CCBCBD-3am.w
Compiling ccb\w-ccbcbd-4.w
Compiling ccb\w-ccbcbd-5.w
Compiling ccb\w-ccbcbd-ac.w
Compiling ccb\W-CCBCBD.W
Compiling ccb\w-ccbcfgcbd.w
Compiling ccb\w-ccbtabla-conceptos.w
Compiling ccb\w-cfg-nc-campana.w
Compiling ccb\w-cfgcja-2.w
Compiling ccb\W-CFGCJA.W
Compiling ccb\w-cgocob.w
Compiling ccb\w-chcdep-1.W
Compiling ccb\W-CHCDEP.W
Compiling ccb\W-CheDif.w
Compiling ccb\W-CHQACT.W
Compiling ccb\W-CHQDEV.W
Compiling ccb\w-chqdifcbd.w
Compiling ccb\w-ciefacant.w
Compiling ccb\w-ciesdo-02.w
Compiling ccb\W-CJABOV.W
Compiling ccb\W-CJACB2.W
Compiling ccb\W-CJACB3.W
Compiling ccb\W-cjacbd-2-01.w
Compiling ccb\W-cjacbd-2-02.w
Compiling ccb\W-CJACBD-2-03-dia.w
Compiling ccb\W-cjacbd-2-03.w
Compiling ccb\W-cjacbd-2-03a.w
Compiling ccb\W-cjacbd-2.w
Compiling ccb\w-cjacbd-3-01-dia.w
Compiling ccb\W-cjacbd-3-01.w
Compiling ccb\W-cjacbd-3-01a.w
Compiling ccb\W-cjacbd-3.w
Compiling ccb\W-CJACBD-chalacaso.w
Compiling ccb\W-CJACBD.W
Compiling ccb\w-cjapl-3.w
Compiling ccb\W-CJAPL.W
Compiling ccb\w-cjlet-2.w
Compiling ccb\w-cjlet-3.w
Compiling ccb\W-CJLET.W
Compiling ccb\w-cjlet3.w
Compiling ccb\w-clientes-deudas.w
Compiling ccb\W-CLINCR.W
Compiling ccb\w-cobrador.w
Compiling ccb\w-cobrdir.w
Compiling ccb\w-con-corrvcmto.w
Compiling ccb\w-con001.w
Compiling ccb\w-con001a.w
Compiling ccb\w-con002.w
Compiling ccb\w-con002v2.w
Compiling ccb\w-con003.w
Compiling ccb\w-concepto-exclusiones.w
Compiling ccb\w-confdep-cons.w
Compiling ccb\w-confdep.w
Compiling ccb\w-confg-prelet-julio.w
Compiling ccb\w-confg-preletra.w
Compiling ccb\w-config-aprobacion-pedidos-docs.w
Compiling ccb\w-config-aprobacion-pedidos.w
Compiling ccb\w-config-ic-let.w
Compiling ccb\w-configurador-textos.w
Compiling ccb\w-consolidado-ic.w
** Nombre de tabla gn-pro desconocido. (200)
** d:\newsie\on_in_co\APLIC\ccb\w-consolidado-ic.w No se entiende línea 395. (196)
Compiling ccb\W-CONSUL-02.W
Compiling ccb\W-CONSUL-02v2.-backupW.w
Compiling ccb\W-CONSUL-02v2.W
Compiling ccb\W-CONSUL-02zzz.W
Compiling ccb\w-consul-autlincre.w
Compiling ccb\w-consul-cct2a.w
Compiling ccb\w-consul-cctv3.w
Compiling ccb\W-CONSUL.W
Compiling ccb\w-consulbd-v02.w
Compiling ccb\w-consulta-anticipo-letra.w
Compiling ccb\w-consulta-stock-letras.w
Compiling ccb\w-consuta-egresos-boveda.w
Compiling ccb\w-corrvcmto.w
Compiling ccb\w-cuotas-vta-credito.w
Compiling ccb\w-dcto-ppago.w
Compiling ccb\W-DEPBCO.W
Compiling ccb\w-deptarjcbd.w
Compiling ccb\w-depvalesbd.w
Compiling ccb\W-DEPXAP-02.W
Compiling ccb\W-DEPXAP.W
Compiling ccb\w-detcob.w
Compiling ccb\w-devbco.w
Compiling ccb\w-difcja-consulta.w
Compiling ccb\w-difcja-sustento - copia.w
Compiling ccb\w-difcja-sustento.w
Compiling ccb\w-difcja.w
Compiling ccb\w-docanulados.w
Compiling ccb\w-doccobranza.w
Compiling ccb\w-documentos-validos-para-refinanciar.w
Compiling ccb\w-documtos.w
Compiling ccb\w-dudoso.w
Compiling ccb\w-dudoso2.w
Compiling ccb\w-eecc.w
Compiling ccb\w-estdoc.w
Compiling ccb\w-extorna-nb-aprobada.w
Compiling ccb\w-gen-preletra-julio.w
Compiling ccb\w-genera-preletra-v2.w
Compiling ccb\w-genera-preletra.w
Compiling ccb\w-generacion-nc-dif-precio-ind.w
Compiling ccb\w-generar-nc-masivo-detallado.w
Compiling ccb\w-icaja-02.w
Compiling ccb\W-ICAJA1-01.W
Compiling ccb\W-ICAJA1-02.W
Compiling ccb\W-ICAJA1.W
Compiling ccb\W-ICAJAB.W
Compiling ccb\w-imp-doc-lote.w
Compiling ccb\W-LETBCO.W
Compiling ccb\W-LETPRO.W
Compiling ccb\w-letras-cod-unico.w
Compiling ccb\w-linea-credito-2021.w
Compiling ccb\w-linea-credito-v2.w
Compiling ccb\w-linea-credito.w
Compiling ccb\W-LINEAS.W
Compiling ccb\W-LINUSR.W
Compiling ccb\W-liqcob.w
Compiling ccb\w-listado-pnc-dif-precio-ind.w
Compiling ccb\w-migra-saldos-01.w
Compiling ccb\w-motanu.w
Compiling ccb\W-NOTBAC.W
Compiling ccb\W-NOTBAN.W
Compiling ccb\w-notcre-2-1.w
Compiling ccb\w-notcre-2.w
Compiling ccb\w-notcre-3.w
Compiling ccb\w-notcre-4.w
Compiling ccb\W-NOTCRE.W
Compiling ccb\W-NOTCREB.W
Compiling ccb\W-NOTCREBO.W
Compiling ccb\w-pendBOV.w
Compiling ccb\w-pendTCR.w
Compiling ccb\w-pendval.w
Compiling ccb\W-PMXCAN.W
Compiling ccb\w-politica-lc-2021.w
Compiling ccb\w-pre-ncredito-dif-precio-individual.w
Compiling ccb\w-preletraadelantada.w
Compiling ccb\w-prenco.w
Compiling ccb\w-rebate-01.w
Compiling ccb\w-rebate-02.w
Compiling ccb\w-rebate-03.w
Compiling ccb\w-rebate-03a-v2.w
Compiling ccb\w-rebate-03a.w
Compiling ccb\w-recepcion-letras-anticipadas.w
Compiling ccb\w-regcgoc.w
Compiling ccb\w-rembov.w
Compiling ccb\w-remeBOV.w
Compiling ccb\w-remeCJC.w
Compiling ccb\w-remenc-01.w
Compiling ccb\w-remenc-02.w
Compiling ccb\w-remenc.w
Compiling ccb\w-remesa.w
Compiling ccb\w-remesen.w
Compiling ccb\w-reme_c-01.w
Compiling ccb\w-remi_c-01.w
Compiling ccb\W-RENLET.W
Compiling ccb\w-repleg.w
Compiling ccb\w-retenc.w
Compiling ccb\W-retigv.w
Compiling ccb\w-rpt-eecc-clientes.w
Compiling ccb\W-SALDOC.W
Compiling ccb\w-sencja.w
Compiling ccb\w-sentinel-rcrediticio.w
Compiling ccb\w-state.w
Compiling ccb\W-TABCON.W
Compiling ccb\W-TABSER.W
Compiling ccb\W-TERMIN.W
Compiling ccb\W-TOTLIN.W
**El tamaño especificado en la frase del BROWSE BROWSE-2 no es suficiente. (4023)
Compiling ccb\w-trasdo-02.w
Compiling ccb\w-trasdo-1.w
Compiling ccb\w-trasdo-2.w
Compiling ccb\W-TRFBCO.W
Compiling ccb\W-TRFBOV.W
Compiling ccb\w-usrcjb.w
Compiling ccb\w-valeresp.w
Compiling ccb\w-valresp.w
Compiling ccb\W-VENCOM.W
Compiling ccb\w-win1.w
Compiling ccb\w-wintowin-configuracion.w
Compiling ccb\w.w
Compiling ccb\wactualizalineacred-v2.w
Compiling ccb\wactualizalineacred.w
Compiling ccb\wanexovales01.w
Compiling ccb\waprobarcanjexletra.w
Compiling ccb\waprobarncndotros-div-v2.w
Compiling ccb\waprobarncndotros.w
Compiling ccb\waprobarncndotrosv2.w
Compiling ccb\waprobarncotros-borrar.w
Compiling ccb\waprobarncotros.w
Compiling ccb\waprobarpagare.w
Compiling ccb\wcambiofacturas.w
** Nombre de campo o variable desconocido - x-articulo-ICBPER. (201)
** d:\newsie\on_in_co\APLIC\vta\graba-totales-abono.i No se entiende línea 89. (198)
Compiling ccb\wcanjevalesutilex.w
Compiling ccb\wcanjexletra-01.w
Compiling ccb\wcanjexletra-extorno.w
Compiling ccb\wcanjexletra-v2.w
Compiling ccb\wcanjexletra.w
Compiling ccb\wcanjexpagare.W
Compiling ccb\wcbdcjeletrm.w
Compiling ccb\wcomprobantesdepercepcion.w
Compiling ccb\wcomprobantesxcliente.w
Compiling ccb\wconsultageneraldecanjesxletras.w
Compiling ccb\wconsultaletras.w
Compiling ccb\wdevletbco.w
Compiling ccb\wenvletbco-01.w
Compiling ccb\wenvletbco.w
Compiling ccb\wgenerarncndotros.w
Compiling ccb\wletbcocob.w
Compiling ccb\wletprotestada.w
Compiling ccb\wletraadelantada-v2.w
Compiling ccb\wletraadelantada.w
Compiling ccb\wliqvalesutilex.w
Compiling ccb\wliqvalesutilexv2.w
Compiling ccb\wmigraraopenorange.w
Compiling ccb\wncmesaredonda.w
Compiling ccb\wncndxpncpnd.w
Compiling ccb\wncxdevolucion.w
Compiling ccb\wncxhojatrabajo.w
Compiling ccb\wnotabancaria-v2.w
Compiling ccb\wnotabancaria.w
Compiling ccb\wnotacreditodebito.w
Compiling ccb\wrefinanciacionletras-v2.w
Compiling ccb\wrefinanciacionletras.w
Compiling ccb\wreimpcmpbte-selectivo.w
Compiling ccb\wrenovacionletra-v2.w
Compiling ccb\wrenovacionletra.w
Compiling ccb\xxx.w
16:18:53 Looking for cja\*.p in d:\newsie\on_in_co\APLIC
Compiling cja\cja-library.p
Compiling cja\GLOBAL.P
Compiling cja\p-updast.p
Compiling cja\r-impchq.p
16:18:55 Looking for cja\*.w in d:\newsie\on_in_co\APLIC
Compiling cja\B-PROVPE.W
Compiling cja\b-provpe2.w
** Nombre de campo o variable desconocido - pv-codcia. (201)
** d:\newsie\on_in_co\APLIC\cja\b-provpe2.w No se entiende línea 455. (196)
Compiling cja\B-TABONO.W
Compiling cja\B-TCARGO.W
Compiling cja\B-TRFABO.W
Compiling cja\B-TRFCAR.W
Compiling cja\CJA0000.W
Compiling cja\CJA0001.W
Compiling cja\CJACONCE.W
Compiling cja\CJACONCI.W
Compiling cja\CJACONCM.W
Compiling cja\CJACONS2.W
Compiling cja\CJACONS3.W
Compiling cja\CJACONSU.W
Compiling cja\CJACORRE.W
Compiling cja\CJAGCONC.W
Compiling cja\CJAING.W
Compiling cja\Cjaing001.w
Compiling cja\Cjaing003.w
Compiling cja\CJAING1.W
Compiling cja\CJAMOVE.W
Compiling cja\Cjamove002 - copia.w
Compiling cja\Cjamove002.w
Compiling cja\Cjamove003.w
Compiling cja\Cjamove004.w
Compiling cja\cjamove005.w
Compiling cja\Cjamove058.w
Compiling cja\CJAMOVE1.W
Compiling cja\CJAMOVE2.W
Compiling cja\CJAPRECO.W
Compiling cja\CJAPRESU.W
Compiling cja\CJA_CFG.W
Compiling cja\D-PROVPE.W
Compiling cja\D-PROVPE2.w
Compiling cja\H-DMOV01.W
Compiling cja\H-DMOV02.W
Compiling cja\MAINMENU-1.W
Compiling cja\MAINMENU.W
Compiling cja\Q-CONCE.W
Compiling cja\Q-DOCPRO.W
Compiling cja\Q-PRESU.W
Compiling cja\Q-PROVE.W
Compiling cja\Q-TRANSF.W
Compiling cja\r-cja001.w
Compiling cja\r-cja002.w
Compiling cja\r-rep001.w
Compiling cja\r-rep002.w
Compiling cja\r-rep003.w
Compiling cja\V-TRANSF.W
**No cabe FILL-IN x-haber con AT dentro de FRAME f-cab. (4027)
Ignorando la información de posición del AT (2054)
**No cabe FILL-IN x-haber con AT dentro de FRAME f-cab. (4027)
Ignorando la información de posición del AT (2054)
Compiling cja\V-TRFBCO.W
Compiling cja\w-cobranzas-contraentrega.w
Compiling cja\W-TRANSF.W
Compiling cja\wtelecreditobcp.w
Monto coincide con múltiples campos en tt-CcbCDocu. (3509)
** d:\newsie\on_in_co\APLIC\cja\wtelecreditobcp.w No se entiende línea 238. (196)
16:19:30 Looking for dist\*.p in d:\newsie\on_in_co\APLIC
Compiling dist\chk-librerias.p
Compiling dist\dist-librerias - copia (2).p
Compiling dist\dist-librerias - copia (3).p
Compiling dist\dist-librerias - copia (4).p
Compiling dist\dist-librerias - copia.p
Compiling dist\dist-librerias-old.p
Compiling dist\dist-librerias.p
Compiling dist\dist-validaciones.p
Compiling dist\GLOBAL.P
Compiling dist\Global1.p
Compiling dist\MENUALMA.p
Compiling dist\p-chk-flgsit.p
Compiling dist\p-imprime-rotulo-master.p
Compiling dist\p-rut001-v2.p
Compiling dist\p-rut001.p
Compiling dist\p-rut002.p
Compiling dist\p-transfxppv-v2.p
Compiling dist\p-transfxppv.p
16:19:44 Looking for dist\*.w in d:\newsie\on_in_co\APLIC
Compiling dist\b-anulacion-hr.w
Compiling dist\b-aprob-abast-od.w
Compiling dist\b-aprob-abast-otr.w
Compiling dist\b-aprob-abast-rep.w
Compiling dist\b-barrabultos.w
Compiling dist\b-brevete.w
Compiling dist\b-canalhr-v3.w
Compiling dist\b-canalhr.w
Compiling dist\b-canalhrxdia-v3.w
Compiling dist\b-canalhrxdia.w
Compiling dist\b-cargo-por-devolucion-01.w
Compiling dist\b-cargo-por-devolucion-02.w
Compiling dist\b-cargo-por-devolucion.w
Compiling dist\b-cfg-feriado-cal-log.w
Compiling dist\b-cfg-skuxcd-v3.w
Compiling dist\b-cfg-skuxcd.w
Compiling dist\b-cfgaba-div.w
Compiling dist\b-chk-cons-mesa-libre.w
Compiling dist\b-chk-cons-mesa-ocu.w
Compiling dist\b-chk-cons-tareas.w
Compiling dist\b-chk-mesas.w
Compiling dist\b-cierre-hr-cab.w
Compiling dist\b-cierre-hr-det-d.w
Compiling dist\b-cierre-hr-det-dg.w
Compiling dist\b-cierre-hr-det-dv.w
Compiling dist\b-cierre-hr-det-g.w
Compiling dist\b-config-filly-tallas.w
Compiling dist\b-cpxdia.w
Compiling dist\b-ctrlordenm.w
Compiling dist\b-detalle-checking.w
Compiling dist\b-detalle-despacho.w
Compiling dist\b-detalle-documentario.w
Compiling dist\b-detalle-facturas.w
Compiling dist\b-detalle-guias.w
Compiling dist\b-detalle-picking.w
Compiling dist\b-di-rutad-cons.w
Compiling dist\b-di-rutadg-cons.w
Compiling dist\b-di-rutag-cons.w
Compiling dist\b-divixsede.w
Compiling dist\b-guia001.w
Compiling dist\b-hr-motivo-demora.w
Compiling dist\b-hr-motivo-devo.w
Compiling dist\b-hrzona.w
Compiling dist\b-imprimerotulos.w
Compiling dist\b-ingalm-sec.w
Compiling dist\b-ingdoc.w
Compiling dist\b-mantto-phr-cab-copia-anterior.w
Compiling dist\b-mantto-phr-cab-copia-borrar.w
Compiling dist\b-mantto-phr-cab-distribucion.w
Compiling dist\b-mantto-phr-cab.w
Compiling dist\b-mantto-phr-det-v4-copia-anterior.w
Compiling dist\b-mantto-phr-det-v4.w
Compiling dist\b-mantto-phr-det.w
Compiling dist\b-pre-hoja-ruta.w
Compiling dist\b-pre-hoja-rutac.w
Compiling dist\b-pre-hoja-rutaf.w
Compiling dist\b-pre-hoja-rutai.w
Compiling dist\b-puntos-de-despacho.w
Compiling dist\b-reppick-od.w
Compiling dist\b-reprogr-od-nep.w
Compiling dist\b-reprograma-od-cab - copia.w
** Nombre de campo o variable desconocido - x-articulo-ICBPER. (201)
** d:\newsie\on_in_co\APLIC\vta\graba-totales-abono.i No se entiende línea 89. (198)
Compiling dist\b-reprograma-od-cab.w
Compiling dist\b-reprograma-od-det-2.w
Compiling dist\b-reprograma-od-det.w
Compiling dist\b-reprograma-otr-det-2.w
Compiling dist\b-rut001a-v3.w
Compiling dist\b-rut001a-v31.w
Compiling dist\b-rut001a.w
Compiling dist\b-rut001ac.w
Compiling dist\b-rut001b-v3.w
Compiling dist\b-rut001b-v31.w
Compiling dist\b-rut001b.w
Compiling dist\b-rut001bc.w
Compiling dist\b-rut001c.w
Compiling dist\b-rut005.w
Compiling dist\b-rutac-01.w
Compiling dist\b-rutac-01a.w
Compiling dist\b-rutac-cerrada.w
Compiling dist\b-rutac002-v32.w
Compiling dist\b-rutac002-v4.w
Compiling dist\b-saldoc.w
Compiling dist\b-status-de-pedidos.w
Compiling dist\b-subzonahrc.w
Compiling dist\b-subzonahrd.w
Compiling dist\b-subzonahrxdia-v3.w
Compiling dist\b-subzonahrxdia.w
Compiling dist\b-vehiculo-empresa.w
Compiling dist\b-vehiculo-empresas-.w
Compiling dist\b-vigibultos.w
Compiling dist\b-vigibultosDEV.w
Compiling dist\b-zonahrc.w
Compiling dist\b-zonahrd-v2.w
Compiling dist\b-zonahrd.w
Compiling dist\b-zonahrxdia.w
Compiling dist\bc-consul-pre-hoja-ruta.w
Compiling dist\Copia de b-pre-hoja-rutaf.w
Compiling dist\Copia de b-reprograma-od-cab.w
** Nombre de campo o variable desconocido - x-articulo-ICBPER. (201)
** d:\newsie\on_in_co\APLIC\vta\graba-totales-abono.i No se entiende línea 89. (198)
Compiling dist\Copia de w-pre-hoja-ruta.w
Compiling dist\Copia de w-reprograma-od.w
Compiling dist\Copia de w-rut001-v31.w
Compiling dist\Copia de w-status-de-pedidos.w
Compiling dist\d-chequeador-mesa.w
Compiling dist\d-chequeador-modifica-mesa.w
Compiling dist\d-chequeo-de-observados.w
Compiling dist\d-chequeo-de-ordenes-rotulos.w
Compiling dist\d-chequeo-de-ordenes.w
Compiling dist\d-chk-selecc-mesa.w
Compiling dist\d-cierre-hr-gen - copia.w
Compiling dist\d-cierre-hr-gen.w
Compiling dist\d-cierre-hr-v32.w
Compiling dist\d-cierre-hr-v4.w
Compiling dist\d-consul-001.w
Compiling dist\d-imprime-packinglist.w
Compiling dist\d-ingalm-sec.w
Compiling dist\d-mantto-phr-del.w
Compiling dist\d-mot-anu-hr.w
Compiling dist\d-pre-hr-auto.w
Compiling dist\D-reprogr-od-nep.w
Compiling dist\d-reprograma-od - copia.w
Compiling dist\d-reprograma-od.w
Compiling dist\d-rotulo-bcp-extraordinario.w
Compiling dist\d-rotulo-supermercados.w
Compiling dist\d-rut002a-1.w
Compiling dist\d-rut002a-1a.w
Compiling dist\d-status-de-pedidos.w
Compiling dist\d-tipo-packinglist.w
Compiling dist\D-transportista.w
Compiling dist\d-vigibultosdev.w
Compiling dist\f-cfgaba-div-otr.w
Compiling dist\f-cfgaba-div.w
Compiling dist\f-xxx.w
Compiling dist\q-cfg-cal-log-base.w
Compiling dist\q-cfg-feriado-cal-log.w
Compiling dist\q-di-rutac.w
Compiling dist\q-guia001.w
Compiling dist\r-cargo-por-devolucion.w
Compiling dist\r-cdoc001.w
Compiling dist\r-guia001.w
Compiling dist\r-rep001.w
Compiling dist\r-rep002.w
Compiling dist\r-rep003.w
Compiling dist\r-rep004.w
Compiling dist\r-repguicon.w
Compiling dist\t-reppick-od.w
Compiling dist\v-cfg-cal-log-base.w
Compiling dist\v-cfg-feriado-cal-log.w
Compiling dist\v-pre-hoja-ruta.w
Compiling dist\v-reprograma-od-cab.w
Compiling dist\v-rut001-bak.w
Compiling dist\v-rut001-v2.w
Compiling dist\v-rut001-v3.w
Compiling dist\v-rut001-v31.w
Compiling dist\v-rut001-v32.w
Compiling dist\v-rut001-v4.w
Compiling dist\v-rut001.w
Compiling dist\v-rut001c.w
Compiling dist\v-tracking-operaciones.w
Compiling dist\w-anulacion-hr.w
Compiling dist\w-apertura-hr.w
Compiling dist\w-aprob-abast-od.w
Compiling dist\w-aprob-abast.w
Compiling dist\w-ASN Cross Docking.w
Compiling dist\w-barrabultos.w
Compiling dist\w-brevete-copia.w
Compiling dist\w-brevete.w
Compiling dist\w-cambia-fecha-entrega - copia.w
Compiling dist\w-cambia-fecha-entrega.w
Compiling dist\w-cfg-cal-log-base.w
Compiling dist\w-cfg-cal-logistico-od.w
Compiling dist\w-cfg-cal-logistico-otr.w
Compiling dist\w-cfg-cal-logistico-v2.w
Compiling dist\w-cfg-cal-logistico-v3.w
Compiling dist\w-cfg-cal-logistico.w
Compiling dist\w-cfg-skuxcd.w
Compiling dist\w-cfgaba-div.w
Compiling dist\w-chequeador-mesa.w
Compiling dist\w-chk-asignacion.w
Compiling dist\w-chk-cons-mesa.w
Compiling dist\w-chk-mesas.w
Compiling dist\w-chk-recepcion.w
Compiling dist\w-cierre-hr - copia.w
Compiling dist\w-cierre-hr.w
Compiling dist\w-config-filly-tallas.w
Compiling dist\w-consul-001.w
Compiling dist\w-consul-pre-hoja-ruta.w
Compiling dist\w-cpxdia.w
Compiling dist\w-ctrlordenm.w
Compiling dist\w-ctrlrotulos.w
Compiling dist\w-devoluciones-valorizadas.w
Compiling dist\w-etqta-bulto.w
Compiling dist\w-etqta-chiclayo.w
Compiling dist\w-etqta-codbarra.w
Compiling dist\w-etqta-zonas.w
Compiling dist\w-gabinetes-chiclayo.w
Compiling dist\w-gestion-embalaje.w
Compiling dist\w-gestion-observados.w
Compiling dist\w-gestion-ordenes-terminadas.w
Compiling dist\w-hojaruta-detalle.w
Compiling dist\w-hr-motivo-demora.w
Compiling dist\w-hr-motivo-devo.w
Compiling dist\w-hr-zonas.w
Compiling dist\w-hrzona.w
Compiling dist\w-impresion-LPN-MANUAL.w
Compiling dist\w-impresion-LPN.w
Compiling dist\w-imprimerotulos.w
Compiling dist\w-ingdoc.w
Compiling dist\w-inicio-chequeo.w
Compiling dist\w-liq-hoja-ruta.w
Compiling dist\w-liquida-rutas.w
Compiling dist\w-liquidacion-combustible.w
Compiling dist\w-listado-hojas-rutas.w
Compiling dist\w-listaexpress-articulos-sin-stocks.w
Compiling dist\w-listaexpress-repartos.w
Compiling dist\w-listaexpress-stickers.w
Compiling dist\w-mantto-phr-v4.w
Compiling dist\w-mantto-phr.w
Compiling dist\w-mantto-pre-hoja-ruta.w
Compiling dist\w-modifica-bultos.w
Compiling dist\w-planificador-de-rutas-borrar.w
Compiling dist\w-planificador-de-rutas-borrar2.w
Compiling dist\w-planificador-de-rutas-copia.w
Compiling dist\w-planificador-de-rutas.w
Compiling dist\w-pre-hoja-ruta-v2.w
Compiling dist\w-pre-hoja-ruta-v21.w
Compiling dist\w-pre-hoja-ruta-v3.w
** Nombre de campo duplicado Peso. (697)
** d:\newsie\on_in_co\APLIC\dist\w-pre-hoja-ruta-v3.w No se entiende línea 13. (196)
Compiling dist\w-pre-hoja-ruta-v4.w
Compiling dist\w-pre-hoja-ruta.w
Compiling dist\w-puntos-de-despacho.w
Compiling dist\w-racks-despachos-back.w
Compiling dist\w-racks-despachos.w
Compiling dist\w-racks-mov-mantenimiento.w
Compiling dist\w-racks-movimientos.w
Compiling dist\w-racks-reubicacion.w
Compiling dist\w-racks-rpt-contenido.w
Compiling dist\w-racks.w
Compiling dist\w-reppick-od.w
Compiling dist\w-reprogr-od-nep.w
Compiling dist\w-reprograma-od.w
Compiling dist\w-rotulos-sagafalabella.w
Compiling dist\w-rotxped-01.w
Compiling dist\w-rsm-origen-destino.w
Compiling dist\w-rsm-seguimiento-entregas.w
Compiling dist\w-rsm-seguimiento-pedidos.w
Compiling dist\w-rut001-v2.w
Compiling dist\w-rut001-v3.w
Compiling dist\w-rut001-v31.w
Compiling dist\w-rut001-v32.w
Compiling dist\w-rut001-v4.w
Compiling dist\w-rut001.w
Compiling dist\w-rut002-01.w
Compiling dist\w-rut002-01a.w
Compiling dist\w-rut002-v32.w
Compiling dist\w-rut002-v4.w
Compiling dist\w-rut003.w
Compiling dist\w-rut005.w
Compiling dist\w-saldoc.w
Compiling dist\w-seguimiento-orddsp.w
Compiling dist\w-status-de-pedidos.w
Compiling dist\w-tracking-operaciones.w
Compiling dist\w-transportista.w
Compiling dist\w-vigibultos.w
Compiling dist\w-vigibultosdev.w
Compiling dist\w-zonahr-v2.w
Compiling dist\w-zonahr.w
Compiling dist\w-zonahrxdia.w
Compiling dist\wgennewcompbtes.w
** Nombre de campo o variable desconocido - x-articulo-ICBPER. (201)
** d:\newsie\on_in_co\APLIC\vta\graba-totales-abono.i No se entiende línea 89. (198)
16:20:58 Looking for logis\*.p in d:\newsie\on_in_co\APLIC
Compiling logis\actualiza-flgsit.p
Compiling logis\Copia de p-imprime-gr.p
Compiling logis\GLOBAL.P
Compiling logis\ing-devo-otr.P
Compiling logis\logis-library.p
Compiling logis\logis-librerias.p
Compiling logis\menualma.p
Compiling logis\menusectores.p
Compiling logis\p-busca-por-dni.p
Compiling logis\p-calc-time-hpk.p
Compiling logis\p-cierra-pik-phr - copia.p
Compiling logis\p-cierra-pik-phr.p
Compiling logis\p-cierre-de-chequeo.p
Compiling logis\p-cuadrante.p
Compiling logis\p-datos-sede-auxiliar.p
Compiling logis\p-escala-destino-final.p
Compiling logis\p-fecha-de-entrega - copia.p
Compiling logis\p-fecha-de-entrega.p
Compiling logis\p-fecha-entrega-gps.p
Compiling logis\p-fecha-entrega-ubigeo.p
Compiling logis\p-fecha-entrega.p
** Nombre de campo o variable desconocido - pUbigeo. (201)
** d:\newsie\on_in_co\APLIC\logis\p-fecha-entrega.p No se entiende línea 362. (196)
Compiling logis\p-genera-hpk-v2 - copia.p
Compiling logis\p-genera-hpk-v2.p
Compiling logis\p-genera-hpk.p
Compiling logis\p-genera-solo-hpk.p
Compiling logis\p-generacion-de-PHR.p
Compiling logis\p-imprime-gr - copia.p
Compiling logis\p-imprime-gr-ean.p
Compiling logis\p-imprime-gr.p
Compiling logis\p-imprime-hr.p
Compiling logis\p-logtrkdocs.p
Compiling logis\p-lugar-de-entrega.p
Compiling logis\p-master-ingreso-dev-clie.p
Compiling logis\p-master-ingresos-por-transf.p
Compiling logis\p-numero-de-bultos.p
16:21:08 Looking for logis\*.w in d:\newsie\on_in_co\APLIC
Compiling logis\b-add-od-otr-cab - copia.w
Compiling logis\b-add-od-otr-cab.w
Compiling logis\b-add-od-otr-det - copia.w
Compiling logis\b-add-od-otr-det.w
Compiling logis\b-anulacion-od.w
Compiling logis\b-anular-hpk.w
Compiling logis\b-anular-od-det.w
Compiling logis\b-anular-od.w
Compiling logis\b-autoriza-reprog-gr-od.w
Compiling logis\b-calendario-despachos.w
Compiling logis\b-chk-bandeja-hpk - copia.w
Compiling logis\b-chk-bandeja-hpk-v2 - copia.w
Compiling logis\b-chk-bandeja-hpk-v2.w
Compiling logis\b-chk-bandeja-hpk.w
Compiling logis\b-chk-chequeo-obs-cab - copia.w
Compiling logis\b-chk-chequeo-obs-cab.w
Compiling logis\b-chk-chequeo-obs-det.w
Compiling logis\b-cierre-logistico-hr-cab.w
Compiling logis\b-cliente-locales.w
Compiling logis\b-clientes.w
Compiling logis\b-condiciones-pre-hruta-dtl.w
Compiling logis\b-condiciones-pre-hruta.w
Compiling logis\b-confg-coti-abast.w
Compiling logis\b-confg-divi-abast-alm.w
Compiling logis\b-confg-divi-abast-excep.w
Compiling logis\b-confg-divi-abast.w
Compiling logis\b-confg-divi-alm-desp.w
Compiling logis\b-config-hpk.w
Compiling logis\b-config-time-hpk.w
Compiling logis\b-consulta-de-ordenes.w
Compiling logis\b-consulta-picking-cab.w
Compiling logis\b-consulta-picking-det.w
Compiling logis\b-control-dt.w
Compiling logis\b-cot-pendientes.w
Compiling logis\b-cuadrante-cab.w
Compiling logis\b-cuadrante-det.w
Compiling logis\b-divi-listas.w
Compiling logis\b-embalado-especial-ordenes.w
Compiling logis\b-fais-consolidada.w
Compiling logis\b-formato-fedateo-cab.w
Compiling logis\b-genera-comprobantes-cab.w
Compiling logis\b-gr-consolidada - copia.w
Compiling logis\b-gr-consolidada.w
Compiling logis\b-hoja-de-ruta-d.w
Compiling logis\b-hoja-de-ruta-dg.w
Compiling logis\b-hoja-de-ruta-g.w
Compiling logis\b-hpk-asignadas.w
Compiling logis\b-hpk-chequeo-con-obs-acum.w
** Nombre de campo o variable desconocido - x-articulo-ICBPER. (201)
** d:\newsie\on_in_co\APLIC\vta2\graba-totales-cotizacion-cred.i No se entiende línea 118. (198)
Compiling logis\b-hpk-chequeo-con-obs-det-od.w
Compiling logis\b-hpk-chequeo-con-obs-det.w
Compiling logis\b-hpk-chequeo-con-obs-det2.w
Compiling logis\b-hpk-con-obs-acum - copia.w
** Nombre de campo o variable desconocido - x-articulo-ICBPER. (201)
** d:\newsie\on_in_co\APLIC\vta2\graba-totales-cotizacion-cred.i No se entiende línea 118. (198)
Compiling logis\b-hpk-con-obs-acum-v2.w
Compiling logis\b-hpk-con-obs-acum.w
Compiling logis\b-hpk-con-obs-det-od.w
Compiling logis\b-hpk-con-obs-det-v2.w
Compiling logis\b-hpk-con-obs-det.w
Compiling logis\b-hpk-consulta-cab - copia.w
Compiling logis\b-hpk-consulta-cab.w
Compiling logis\b-hpk-consulta-det - copia.w
Compiling logis\b-hpk-consulta-det.w
Compiling logis\b-hpk-pick-motivo-observ.w
Compiling logis\b-hpk-tracking.w
Compiling logis\b-hr-det-d.w
Compiling logis\b-hr-det-dg.w
Compiling logis\b-hr-det-g.w
Compiling logis\b-impresion-hpk - copia.w
Compiling logis\b-impresion-hpk-det.w
Compiling logis\b-impresion-hpk.w
Compiling logis\b-info-chk-series.w
Compiling logis\b-info-fecha-entrega.w
Compiling logis\b-info-fechas.w
Compiling logis\b-info-pick-check.w
Compiling logis\b-info-pick-pick - copia.w
Compiling logis\b-info-pick-pick-zona.w
Compiling logis\b-info-pick-pick.w
Compiling logis\b-info-produc-diaria.w
Compiling logis\b-info-rutas-pend.w
Compiling logis\b-info-situacion.w
Compiling logis\b-ingalm-dbs.w
Compiling logis\b-ingalm-pr.w
Compiling logis\b-maestro-turnos.w
Compiling logis\b-mantto-fact-credito-gr.w
Compiling logis\b-mantto-fact-credito.w
Compiling logis\b-mantto-phr-cab - copia (2).w
Compiling logis\b-mantto-phr-cab - copia.w
Compiling logis\b-mantto-phr-cab.w
Compiling logis\b-mantto-phr-det - copia (2).w
Compiling logis\b-mantto-phr-det - copia (3).w
Compiling logis\b-mantto-phr-det - copia.w
Compiling logis\b-mantto-phr-det-cons.w
Compiling logis\b-mantto-phr-det-copia.w
Compiling logis\b-mantto-phr-det-v2.w
Compiling logis\b-mantto-phr-det.w
Compiling logis\b-master-cerrar-phr-cab.w
Compiling logis\b-master-cerrar-phr-det.w
Compiling logis\b-master-phr-cab.w
Compiling logis\b-master-phr-det.w
Compiling logis\b-od-otr-origen-det.w
Compiling logis\b-pasar-a-fedatear-det.w
Compiling logis\b-pasar-a-fedatear.w
Compiling logis\b-pco-pendientes.w
Compiling logis\b-ped-tracking.w
Compiling logis\b-personal-terceros.w
Compiling logis\b-phr-consulta-doc - copia (2).w
Compiling logis\b-phr-consulta-doc - copia.w
Compiling logis\b-phr-consulta-doc.w
Compiling logis\b-phr-sin-ordenes-det - copia.w
Compiling logis\b-phr-sin-ordenes-det.w
Compiling logis\b-phr-sin-ordenes.w
Compiling logis\b-pre-cierre-hr-cab.w
Compiling logis\b-precierre-hr-det-d - copia.w
Compiling logis\b-precierre-hr-det-d-copia-anterior.w
Compiling logis\b-precierre-hr-det-d.w
Compiling logis\b-referencia-embalado-especial.w
Compiling logis\b-roles.w
Compiling logis\b-selecc-alm-despacho.w
Compiling logis\b-selecciona-phr.w
Compiling logis\b-ubicacion-fchent.w
Compiling logis\b-zona-distribucion.w
Compiling logis\bd-info-pick-pick.w
Compiling logis\Copia de d-modificacion-pre-rutas.w
Compiling logis\Copia de v-cliente-sede.w
Compiling logis\Copia de v-proveedor-sede.w
Compiling logis\d-actualiza-flgsit-tg.w
Compiling logis\d-agencia-transporte - copia.w
Compiling logis\d-agencia-transporte.w
Compiling logis\d-alerta-phr-reasign.w
Compiling logis\d-almacenes.w
Compiling logis\d-asignar-hpk-a-pickeo.w
Compiling logis\d-asignar-mesa-a-chequeador.w
Compiling logis\d-chequeador-mesa-v2.w
Compiling logis\d-chequeador-modifica-mesa-v2.w
Compiling logis\d-chequeo-de-observados-hpk-v2.w
Compiling logis\d-chequeo-de-observados-v2.w
Compiling logis\d-chequeo-de-ordenes-rotulos-v2.w
Compiling logis\d-chequeo-de-ordenes-v2.w
Compiling logis\d-chk-bandeja-hpk-v2.w
Compiling logis\d-chk-bandeja-hpk.w
Compiling logis\d-cierre-bandeja-hpk.w
Compiling logis\d-cierre-hr-gen.w
Compiling logis\d-cierre-picking-phk.w
Compiling logis\d-cierre-picking.w
Compiling logis\d-cliente-sede.w
Compiling logis\d-cot-pco-pendientes.w
Compiling logis\d-dejado-en-tienda.w
Compiling logis\d-detalle-orden.w
Compiling logis\d-formato-gr.w
Compiling logis\d-genera-comprobantes - copia (2).w
Compiling logis\d-genera-comprobantes - copia (3).w
Compiling logis\d-genera-comprobantes - copia.w
Compiling logis\d-genera-comprobantes-v2.w
Compiling logis\d-genera-comprobantes.w
Compiling logis\d-hoja-de-ruta.w
Compiling logis\d-hpk-con-observ-v2.w
Compiling logis\d-hr-fch-entrega.w
Compiling logis\d-info-pick-pick.w
Compiling logis\d-ingalm-dbs.w
Compiling logis\d-ingalm-pr.w
Compiling logis\d-mantto-phr-od.w
Compiling logis\d-mantto-phr-otr.w
Compiling logis\d-modificacion-pre-rutas.w
Compiling logis\d-motivo-demora.w
Compiling logis\d-motivo-dev-parcial.w
Compiling logis\d-motivo-no-entregado.w
Compiling logis\d-pedido-tablet - copia (2).w
Compiling logis\d-pedido-tablet - copia.w
Compiling logis\d-pedido-tablet.w
Compiling logis\d-phr-consulta.w
Compiling logis\d-pre-rutas-x-distrito.w
Compiling logis\d-precierre-bandeja-hpk.w
Compiling logis\d-precierre-hr-dev-parcial.w
Compiling logis\d-precierre-hr-gen.w
Compiling logis\d-reasignar-orden.w
Compiling logis\d-registro-personal-turno.w
Compiling logis\d-resumen-pre-rutas.w
Compiling logis\d-revisar-fac.w
Compiling logis\d-revisar-gr.w
Compiling logis\d-revisar-hpk.w
Compiling logis\d-revisar-hr.w
Compiling logis\d-rollos-film copia.w
Compiling logis\d-rollos-film.w
Compiling logis\d-selecc-alm-despacho.w
Compiling logis\d-selecciona-phr.w
Compiling logis\d-transportista.w
Compiling logis\d-zona-distribucion.w
Compiling logis\f-elimina-gr-consolidada.w
Compiling logis\f-info-pick-topes.w
Compiling logis\mainmenu2.w
Compiling logis\q-clie-dir-fiscal.w
Compiling logis\q-clie-locales.w
Compiling logis\q-comprobante-unico.w
Compiling logis\q-consolida-hpk.w
Compiling logis\q-hpk-unica.w
Compiling logis\q-hpk-unico.w
Compiling logis\q-hr-unico.w
Compiling logis\q-info-pick-pick.w
Compiling logis\q-prov-dir-fiscal.w
Compiling logis\q-prov-locales.w
Compiling logis\q-vehiculos.w
Compiling logis\r-consulta-hpk.w
Compiling logis\t-fais-consolidada.w
Compiling logis\t-fraccionar-od-otr-cab.w
Compiling logis\t-fraccionar-od-otr-det.w
Compiling logis\t-fraccionar-od-otr-pre.w
Compiling logis\t-guias-consolidada.w
Compiling logis\t-hpk-con-obs-det-v2.w
Compiling logis\v-cliente-cab.w
Compiling logis\v-cliente-info-comercial.w
Compiling logis\v-cliente-sede.w
Compiling logis\v-cliente.w
Compiling logis\v-consolida-hpk.w
Compiling logis\v-guias-remision-v2.w
Compiling logis\v-guias-remision.w
Compiling logis\v-hoja-de-ruta - copia (2).w
Compiling logis\v-hoja-de-ruta - copia (3).w
Compiling logis\v-hoja-de-ruta - copia.w
Compiling logis\v-hoja-de-ruta.w
Compiling logis\v-mantto-fact-credito.w
* AVISO- palabra TRANSACTION dentro de una transacción actual. (214)
Compiling logis\v-mantto-gr-aut-cred - copia.w
Compiling logis\v-mantto-gr-aut-cred.w
Compiling logis\v-mantto-gr-cred-dbs.w
Compiling logis\v-pedido-credito-v2 - copia (2).w
Compiling logis\v-pedido-credito-v2 - copia (3).w
Compiling logis\v-pedido-credito-v2 - copia (4).w
Compiling logis\v-pedido-credito-v2 - copia (5).w
Compiling logis\v-pedido-credito-v2 - copia (6).w
Compiling logis\v-pedido-credito-v2 - copia.w
Compiling logis\v-pedido-credito-v2-NEW.w
Compiling logis\v-pedido-credito-v2.w
Compiling logis\v-pedido-credito-v21.w
Compiling logis\v-pedido-credito-v2a - copia.w
Compiling logis\v-pedido-credito-v2a.w
Compiling logis\v-pedido-credito.w
** Nombre de campo o variable desconocido - x-articulo-ICBPER. (201)
** d:\newsie\on_in_co\APLIC\vta2\graba-totales-cotizacion-cred.i No se entiende línea 118. (198)
Compiling logis\v-pre-cierre-hr-v2.w
Compiling logis\v-proveedor - copia.w
Compiling logis\v-proveedor-sede.w
Compiling logis\v-proveedor.w
Compiling logis\v-vehiculos.w
Compiling logis\w-add-od-otr-a-phr - copia.w
Compiling logis\w-add-od-otr-a-phr.w
Compiling logis\w-anulacion-od.w
Compiling logis\w-anular-hpk.w
Compiling logis\w-anular-od.w
Compiling logis\w-aprobacion-fedateo.w
Compiling logis\w-asignar-hpk-a-pickeo - copia (2).w
Compiling logis\w-asignar-hpk-a-pickeo - copia.w
Compiling logis\w-asignar-hpk-a-pickeo.w
Compiling logis\w-asignar-mesa-a-chequeador.w
Compiling logis\w-autoriza-reprog-gr-od.w
Compiling logis\w-calendario-logistico.w
Compiling logis\w-chk-asignacion-hpk.w
Compiling logis\w-chk-bandeja-hpk.w
Compiling logis\w-chk-chequeo-obs-superv.w
Compiling logis\w-chk-chequeo-obs.w
Compiling logis\w-chk-extorna-hpk.w
Compiling logis\w-chk-recepcion-hpk-v2 - copia.w
Compiling logis\w-chk-recepcion-hpk-v2.w
Compiling logis\w-chk-recepcion-hpk.w
Compiling logis\w-chk-recepcion-v2.w
Compiling logis\w-cierre-logistico-hr.w
Compiling logis\w-cierre-picking-hpk - copia.w
Compiling logis\w-cierre-picking-hpk.w
Compiling logis\w-cierre-picking.w
Compiling logis\w-cierre-tarea-hpk.w
Compiling logis\w-clientes.w
Compiling logis\w-condiciones-pre-hruta.w
Compiling logis\w-confg-coti-abast.w
Compiling logis\w-confg-divi-abast.w
Compiling logis\w-confg-divi-desp.w
Compiling logis\w-config-hpk.w
Compiling logis\w-config-time-hpk.w
Compiling logis\w-consolida-hpk.w
Compiling logis\w-consolidar-phr.w
Compiling logis\w-consu-log-correc.w
Compiling logis\w-consu-log-fchent.w
Compiling logis\w-consulta-de-ordenes.w
Compiling logis\w-consulta-hpk.w
Compiling logis\w-consulta-picking.w
Compiling logis\w-control-dt.w
Compiling logis\w-cot-pco-pendientes.w
Compiling logis\w-direcciones.w
Compiling logis\w-extorna-gr-consolidada - copia.w
Compiling logis\w-extorna-gr-consolidada.w
Compiling logis\w-formato-fedateo.w
Compiling logis\w-fraccionar-od-otr.w
Compiling logis\w-genera-comprobantes.w
Compiling logis\w-generacion-pre-rutas-v2 - copia.w
Compiling logis\w-generacion-pre-rutas-v2.w
Compiling logis\w-generacion-pre-rutas.w
Compiling logis\w-gestion-embalaje-v2.w
Compiling logis\w-gestion-observados-v2.w
Compiling logis\w-gestion-ordenes-terminadas-v2.w
Compiling logis\w-guias-remision-v2.w
Compiling logis\w-guias-remision.w
Compiling logis\w-hoja-de-ruta.w
Compiling logis\w-hpk-chequeo-con-observ.w
Compiling logis\w-hpk-chequeo-observados.w
Compiling logis\w-hpk-con-observ - copia.w
Compiling logis\w-hpk-con-observ-v2.w
Compiling logis\w-hpk-con-observ.w
Compiling logis\w-hpk-consulta - copia (2).w
Compiling logis\w-hpk-consulta - copia.w
Compiling logis\w-hpk-consulta.w
Compiling logis\w-hpk-envio-a-distribucion - copia.w
Compiling logis\w-hpk-envio-a-distribucion.w
Compiling logis\w-hpk-impresion-rotulos - copia.w
Compiling logis\w-hpk-impresion-rotulos-borrar.w
Compiling logis\w-hpk-impresion-rotulos-distr.w
Compiling logis\w-hpk-impresion-rotulos-tempo.w
Compiling logis\w-hpk-impresion-rotulos.w
Compiling logis\w-hpk-pick-motivo-observ.w
Compiling logis\w-impresion-hpk.w
Compiling logis\w-info-pick-chek - copia.w
Compiling logis\w-info-pick-chek.w
Compiling logis\w-inicio-chequeo-v2.w
Compiling logis\w-inicio-piqueo.w
Compiling logis\w-log-brevete.w
Compiling logis\w-log-cantidad-hpk.w
Compiling logis\w-log-gn-prov.w
Compiling logis\w-log-gn-vehic.w
Compiling logis\w-maestro-cuadrantes.w
Compiling logis\w-maestro-turnos.w
Compiling logis\w-mantto-fact-credito.w
Compiling logis\w-mantto-gr-aut-cred.w
Compiling logis\w-mantto-gr-cred-dbs.w
Compiling logis\w-mantto-gr-manual.w
Compiling logis\w-mantto-phr - copia.w
Compiling logis\w-mantto-phr.w
Compiling logis\w-master-cerrar-phr.w
Compiling logis\w-master-phr.w
Compiling logis\w-packing-lista-vtas-delivery-borrar.w
Compiling logis\w-packing-lista-vtas-delivery-copia.w
Compiling logis\w-packing-lista-vtas-delivery-copia2.w
Compiling logis\w-packing-lista-vtas-delivery.w
Compiling logis\w-pasar-a-fedatear.w
Compiling logis\w-pedido-creditos-v2.w
Compiling logis\w-pedido-creditos-v21.w
Compiling logis\w-pedido-creditos-v2a.w
Compiling logis\w-pedido-creditos.w
Compiling logis\w-personal-terceros.w
Compiling logis\w-phr-sin-ordenes.w
Compiling logis\w-pre-cierre-hr-v2.w
Compiling logis\w-pre-cierre-hr.w
Compiling logis\w-proveedores.w
Compiling logis\w-prueba-cal-log.w
Compiling logis\w-prueba-trk.w
Compiling logis\w-reasignar-hpk - copia.w
Compiling logis\w-reasignar-hpk.w
Compiling logis\w-referencia-embalado-especial.w
Compiling logis\w-registro-personal-turno.w
Compiling logis\w-roles.w
Compiling logis\w-seguimiento-de-pedidos - copia.w
Compiling logis\w-seguimiento-de-pedidos.w
Compiling logis\w-ubicacion-fchent.w
Compiling logis\w-vehiculos.w
Compiling logis\w-verificar-bultos.w
Compiling logis\w-zona-distribucion.w
16:23:44 Looking for Rpl\*.p in d:\newsie\on_in_co\APLIC
Compiling Rpl\d-almacen.p
Compiling Rpl\d-almckits.p
Compiling Rpl\d-almcmov.p
Compiling Rpl\d-almcrepo.p
Compiling Rpl\d-almcrequ.p
Compiling Rpl\d-almddocu.p
Compiling Rpl\d-almdkits.p
Compiling Rpl\d-almdmov.p
Compiling Rpl\d-almdrequ.p
Compiling Rpl\d-almmmat1.p
Compiling Rpl\d-almmmate.p
Compiling Rpl\d-almmmatg.p
Compiling Rpl\d-almmmatp.p
Compiling Rpl\d-almmserv.p
Compiling Rpl\d-almsfami.p
Compiling Rpl\d-almssfami.p
Compiling Rpl\d-almtconv.p
Compiling Rpl\d-almtdocm.p
Compiling Rpl\d-almtfami.p
Compiling Rpl\d-almtubic.p
Compiling Rpl\d-almtzona.p
Compiling Rpl\d-cb-cmov.p
Compiling Rpl\d-cb-dmov.p
Compiling Rpl\d-cb-oper.p
Compiling Rpl\d-ccbadocu.p
Compiling Rpl\d-ccbcbult.p
Compiling Rpl\d-ccbccaja.p
Compiling Rpl\d-ccbccgoc.p
Compiling Rpl\d-ccbcdocu.p
Compiling Rpl\d-ccbcierr.p
Compiling Rpl\d-ccbcmov.p
Compiling Rpl\d-ccbcmvto.p
Compiling Rpl\d-ccbdbult.p
Compiling Rpl\d-ccbdcaja.p
Compiling Rpl\d-ccbdcgoc.p
Compiling Rpl\d-ccbddocu.p
Compiling Rpl\d-ccbdecl.p
Compiling Rpl\d-ccbdmov.p
Compiling Rpl\d-ccbdmvto.p
Compiling Rpl\d-ccbpendep.p
Compiling Rpl\d-ccbrdocu.p
Compiling Rpl\d-ccbtabla.p
Compiling Rpl\d-controlod.p
Compiling Rpl\d-di-cgasol.p
Compiling Rpl\d-di-rutac.p
Compiling Rpl\d-di-rutad.p
Compiling Rpl\d-di-rutadg.p
Compiling Rpl\d-di-rutadv.p
Compiling Rpl\d-di-rutag.p
Compiling Rpl\d-expasist.p
Compiling Rpl\d-expdigit.p
Compiling Rpl\d-expogrupo.p
Compiling Rpl\d-expogrupodetail.p
Compiling Rpl\d-expogrupoean.p
Compiling Rpl\d-exptarea.p
Compiling Rpl\d-exptermi.p
Compiling Rpl\d-expturno.p
Compiling Rpl\d-faccorre.p
Compiling Rpl\d-faccpedi.p
Compiling Rpl\d-faccpedm.p
Compiling Rpl\d-facdpedi.p
Compiling Rpl\d-facdpedm.p
Compiling Rpl\d-factabla.p
Compiling Rpl\d-fecanje.p
Compiling Rpl\d-felogcomprobantes.p
Compiling Rpl\d-gn-card.p
Compiling Rpl\d-gn-clie.p
Compiling Rpl\d-gn-clieb.p
Compiling Rpl\d-gn-clied.p
Compiling Rpl\d-gn-cliel.p
Compiling Rpl\d-gn-divi.p
Compiling Rpl\d-gn-prov.p
Compiling Rpl\d-gn-tccja.p
Compiling Rpl\d-gn-tcmb.p
Compiling Rpl\d-gn-ven.p
Compiling Rpl\d-invconteo.p
Compiling Rpl\d-invrecont.p
Compiling Rpl\d-lg-cmatpr.p
Compiling Rpl\d-lg-cocmp.p
Compiling Rpl\d-lg-corr.p
Compiling Rpl\d-lg-coser.p
Compiling Rpl\d-lg-dmatpr.p
Compiling Rpl\d-lg-docmp.p
Compiling Rpl\d-lg-doser.p
Compiling Rpl\d-ooalmcmov.p
Compiling Rpl\d-ooalmdmov.p
Compiling Rpl\d-piksacadores.p
Compiling Rpl\d-piktareas.p
Compiling Rpl\d-pl-flg-mes.p
Compiling Rpl\d-pl-flg-sem.p
Compiling Rpl\d-pl-mov-mes.p
Compiling Rpl\d-pl-mov-sem.p
Compiling Rpl\d-pl-pers.p
Compiling Rpl\d-pr-liqc.p
Compiling Rpl\d-pr-liqcx.p
Compiling Rpl\d-pr-liqd1.p
Compiling Rpl\d-pr-liqd2.p
Compiling Rpl\d-pr-liqd3.p
Compiling Rpl\d-pr-liqd4.p
Compiling Rpl\d-pr-mov-mes.p
Compiling Rpl\d-pr-odpc.p
Compiling Rpl\d-pr-odpcx.p
Compiling Rpl\d-pr-odpd.p
Compiling Rpl\d-pr-odpdg.p
Compiling Rpl\d-pr-rqproc.p
Compiling Rpl\d-pr-rqprod.p
Compiling Rpl\d-supcontroloc.p
Compiling Rpl\d-tabgener.p
Compiling Rpl\d-unidades.p
Compiling Rpl\d-vtacdocu.p
Compiling Rpl\d-vtacprom.p
Compiling Rpl\d-vtactabla.p
Compiling Rpl\d-vtactickets.p
Compiling Rpl\d-vtactrkped.p
Compiling Rpl\d-vtadctoprom.p
Compiling Rpl\d-vtadctoprommin.p
Compiling Rpl\d-vtaddocu.p
Compiling Rpl\d-vtadprom.p
Compiling Rpl\d-vtadtabla.p
Compiling Rpl\d-vtadtickets.p
Compiling Rpl\d-vtadtrkped.p
Compiling Rpl\d-vtalistamay.p
Compiling Rpl\d-vtalistamin.p
Compiling Rpl\d-vtalistamingn.p
Compiling Rpl\d-vtamcanal.p
Compiling Rpl\d-vtatabla.p
Compiling Rpl\d-vtavales.p
Compiling Rpl\w-almacen.p
Compiling Rpl\w-almckits.p
Compiling Rpl\w-almcmov.p
Compiling Rpl\w-almcrepo.p
Compiling Rpl\w-almcrequ.p
Compiling Rpl\w-almddocu.p
Compiling Rpl\w-almdkits.p
Compiling Rpl\w-almdmov.p
Compiling Rpl\w-almdrequ.p
Compiling Rpl\w-almmmat1.p
Compiling Rpl\w-almmmate.p
Compiling Rpl\w-almmmatg.p
Compiling Rpl\w-almmmatp.p
Compiling Rpl\w-almmserv.p
Compiling Rpl\w-almsfami.p
Compiling Rpl\w-almssfami.p
Compiling Rpl\w-almtconv.p
Compiling Rpl\w-almtdocm.p
Compiling Rpl\w-almtfami.p
Compiling Rpl\w-almtubic.p
Compiling Rpl\w-almtzona.p
Compiling Rpl\w-cb-cmov.p
Compiling Rpl\w-cb-dmov.p
Compiling Rpl\w-cb-oper.p
Compiling Rpl\w-ccbadocu.p
Compiling Rpl\w-ccbcbult.p
Compiling Rpl\w-ccbccaja.p
Compiling Rpl\w-ccbccgoc.p
Compiling Rpl\w-ccbcdocu.p
Compiling Rpl\w-ccbcierr.p
Compiling Rpl\w-ccbcmov.p
Compiling Rpl\w-ccbcmvto.p
Compiling Rpl\w-ccbdbult.p
Compiling Rpl\w-ccbdcaja.p
Compiling Rpl\w-ccbdcgoc.p
Compiling Rpl\w-ccbddocu.p
Compiling Rpl\w-ccbdecl.p
Compiling Rpl\w-ccbdmov.p
Compiling Rpl\w-ccbdmvto.p
Compiling Rpl\w-ccbpendep.p
Compiling Rpl\w-ccbrdocu.p
Compiling Rpl\w-ccbtabla.p
Compiling Rpl\w-controlod.p
Compiling Rpl\w-di-cgasol.p
Compiling Rpl\w-di-rutac.p
Compiling Rpl\w-di-rutad.p
Compiling Rpl\w-di-rutadg.p
Compiling Rpl\w-di-rutadv.p
Compiling Rpl\w-di-rutag.p
Compiling Rpl\w-expasist.p
Compiling Rpl\w-expdigit.p
Compiling Rpl\w-expogrupo.p
Compiling Rpl\w-expogrupodetail.p
Compiling Rpl\w-expogrupoean.p
Compiling Rpl\w-exptarea.p
Compiling Rpl\w-exptermi.p
Compiling Rpl\w-expturno.p
Compiling Rpl\w-faccorre.p
Compiling Rpl\w-faccpedi.p
Compiling Rpl\w-faccpedm.p
Compiling Rpl\w-facdpedi.p
Compiling Rpl\w-facdpedm.p
Compiling Rpl\w-factabla.p
Compiling Rpl\w-fecanje.p
Compiling Rpl\w-felogcomprobantes.p
Compiling Rpl\w-felogerrores.p
Compiling Rpl\w-gn-card.p
Compiling Rpl\w-gn-clie.p
Compiling Rpl\w-gn-clieb.p
Compiling Rpl\w-gn-clied.p
Compiling Rpl\w-gn-cliel.p
Compiling Rpl\w-gn-divi.p
Compiling Rpl\w-gn-prov.p
Compiling Rpl\w-gn-tccja.p
Compiling Rpl\w-gn-tcmb.p
Compiling Rpl\w-gn-tcvtamin.p
Compiling Rpl\w-gn-ven.p
Compiling Rpl\w-invconteo.p
Compiling Rpl\w-invrecont.p
Compiling Rpl\w-lg-cmatpr.p
Compiling Rpl\w-lg-cocmp.p
Compiling Rpl\w-lg-corr.p
Compiling Rpl\w-lg-coser.p
Compiling Rpl\w-lg-dmatpr.p
Compiling Rpl\w-lg-docmp.p
Compiling Rpl\w-lg-doser.p
Compiling Rpl\w-ooalmcmov.p
Compiling Rpl\w-ooalmdmov.p
Compiling Rpl\w-piksacadores.p
Compiling Rpl\w-piktareas.p
Compiling Rpl\w-pl-flg-mes.p
Compiling Rpl\w-pl-flg-sem.p
Compiling Rpl\w-pl-mov-mes.p
Compiling Rpl\w-pl-mov-sem.p
Compiling Rpl\w-pl-pers.p
Compiling Rpl\w-pr-liqc.p
Compiling Rpl\w-pr-liqcx.p
Compiling Rpl\w-pr-liqd1.p
Compiling Rpl\w-pr-liqd2.p
Compiling Rpl\w-pr-liqd3.p
Compiling Rpl\w-pr-liqd4.p
Compiling Rpl\w-pr-mov-mes.p
Compiling Rpl\w-pr-odpc.p
Compiling Rpl\w-pr-odpcx.p
Compiling Rpl\w-pr-odpd.p
Compiling Rpl\w-pr-odpdg.p
Compiling Rpl\w-pr-rqproc.p
Compiling Rpl\w-pr-rqprod.p
Compiling Rpl\w-rpl-wmigrv.p
Compiling Rpl\w-supcontroloc.p
Compiling Rpl\w-tabgener.p
Compiling Rpl\w-unidades.p
Compiling Rpl\w-vtacdocu.p
Compiling Rpl\w-vtacprom.p
Compiling Rpl\w-vtactabla.p
Compiling Rpl\w-vtactickets.p
Compiling Rpl\w-vtactrkped.p
Compiling Rpl\w-vtadctoprom.p
Compiling Rpl\w-vtadctoprommin.p
Compiling Rpl\w-vtaddocu.p
Compiling Rpl\w-vtadprom.p
Compiling Rpl\w-vtadtabla.p
Compiling Rpl\w-vtadtickets.p
Compiling Rpl\w-vtadtrkped.p
Compiling Rpl\w-vtalistamay.p
Compiling Rpl\w-vtalistamin.p
Compiling Rpl\w-vtalistamingn.p
Compiling Rpl\w-vtamcanal.p
Compiling Rpl\w-vtatabla.p
Compiling Rpl\w-vtavales.p
16:24:08 Looking for sunat\*.p in d:\newsie\on_in_co\APLIC
Compiling sunat\cancelar-pedido-minorista-sunat-v2.p
Compiling sunat\cancelar-pedido-minorista-sunat-v21.p
Compiling sunat\cancelar-pedido-minorista-sunat-v3.p
Compiling sunat\cancelar-pedido-minorista-sunat.p
** Nombre de campo o variable desconocido - x-articulo-ICBPER. (201)
** d:\newsie\on_in_co\APLIC\vta2\graba-totales-cotizacion-cred.i No se entiende línea 118. (198)
Compiling sunat\Copia (2) de progress-to-ppll.p
Compiling sunat\Copia (3) de progress-to-ppll.p
Compiling sunat\Copia de cancelar-pedido-minorista-sunat-v2.p
** Nombre de campo o variable desconocido - x-articulo-ICBPER. (201)
** d:\newsie\on_in_co\APLIC\vta2\graba-totales-cotizacion-cred.i No se entiende línea 118. (198)
Compiling sunat\Copia de progress-to-ppll-v3.p
Compiling sunat\Copia de progress-to-ppll.p
Compiling sunat\facturacion-electronica-bz-copia.p
Compiling sunat\facturacion-electronica-bz-gen-xml.p
** Palabra no permitida -- enciérrela entre comillas: PERSISTENT. (349)
** d:\newsie\on_in_co\APLIC\sunat\facturacion-electronica-bz-gen-xml.p No se entiende línea 83. (196)
Compiling sunat\facturacion-electronica-bz-v2.p
Compiling sunat\facturacion-electronica-bz.p
Compiling sunat\facturacion-electronica-tablas.p
Compiling sunat\facturacion-electronica.p
Compiling sunat\facturacion-electronicav2-copia.p
Compiling sunat\facturacion-electronicav2.p
Compiling sunat\GLOBAL.P
Compiling sunat\informacion-de-sunat.p
Compiling sunat\MENUCAJA.P
Compiling sunat\p-aplica-anticipos-campana.p
Compiling sunat\p-canc-minorista-cont-sunat-v2.p
Compiling sunat\p-consignar-guia-de-remision.p
Compiling sunat\p-extorna-ic-sunat.p
Compiling sunat\p-formato-doc.p
Compiling sunat\p-inicio-actividades.p
Compiling sunat\p-nro-items.p
Compiling sunat\p-otros-descuentos.p
Compiling sunat\progress-to-bz-v2.p
Compiling sunat\progress-to-bz.p
Compiling sunat\progress-to-paperless.p
Compiling sunat\progress-to-ppll-v2.p
Compiling sunat\progress-to-ppll-v21.p
Compiling sunat\progress-to-ppll-v3 - copia.p
Compiling sunat\progress-to-ppll-v3.p
Compiling sunat\progress-to-ppll.p
Compiling sunat\pruebas-sunat.p
Compiling sunat\r-fact02-1-sunat.p
Compiling sunat\r-impresion-doc-electronico - copia.p
Compiling sunat\r-impresion-doc-electronico-old.p
Compiling sunat\r-impresion-doc-electronico-v2.p
Compiling sunat\r-impresion-doc-electronico.p
Compiling sunat\r-impresion-documentos-sunat-tinta.p
Compiling sunat\r-impresion-documentos-sunat.p
Compiling sunat\r-print-doc-electronico-bl.p
Compiling sunat\r-tickets-sunat-termica.p
Compiling sunat\r-tickets-sunat.p
Compiling sunat\sunat-calculo-importe-b2c.p
Compiling sunat\sunat-calculo-importes-ccbcdocu.p
** Nombre de campo o variable desconocido - nroped. (201)
** d:\newsie\on_in_co\APLIC\sunat\sunat-calculo-importes-calcular.i No se entiende línea 363. (196)
Compiling sunat\sunat-calculo-importes-faccpedi.p
Compiling sunat\sunat-calculo-importes.p
Compiling sunat\verifica-ppll.p
16:24:33 Looking for sunat\*.w in d:\newsie\on_in_co\APLIC
Compiling sunat\b-anula-ic-contado-doc.w
Compiling sunat\b-anula-ic-contado-otro.w
Compiling sunat\b-anula-ic-contado.w
Compiling sunat\b-canc-may-cont-sunat.w
** Nombre de campo o variable desconocido - x-articulo-ICBPER. (201)
** d:\newsie\on_in_co\APLIC\vta2\graba-totales-cotizacion-cred.i No se entiende línea 118. (198)
Compiling sunat\b-canc-mayorista-cont-sunat-v11.w
** Nombre de campo o variable desconocido - x-articulo-ICBPER. (201)
** d:\newsie\on_in_co\APLIC\vta2\graba-totales-cotizacion-cred.i No se entiende línea 118. (198)
Compiling sunat\b-canc-mayorista-cont-sunat-v2.w
Compiling sunat\b-canc-mayorista-cont-sunat-v21 - copia.w
Compiling sunat\b-canc-mayorista-cont-sunat-v21.w
Compiling sunat\b-canc-mayorista-cont-sunat-v3.w
Compiling sunat\b-canc-mayorista-cont-sunat-v31.w
Compiling sunat\b-canc-mayorista-cont-sunat.w
** Nombre de campo o variable desconocido - x-articulo-ICBPER. (201)
** d:\newsie\on_in_co\APLIC\vta2\graba-totales-cotizacion-cred.i No se entiende línea 118. (198)
Compiling sunat\b-canc-mayorista-cont-v2-sunat.w
** Nombre de campo o variable desconocido - x-articulo-ICBPER. (201)
** d:\newsie\on_in_co\APLIC\vta2\graba-totales-cotizacion-cred.i No se entiende línea 118. (198)
Compiling sunat\b-cfgepos-v2.w
Compiling sunat\b-cfgepos.w
Compiling sunat\b-cfgepos2.w
Compiling sunat\b-cfgeposcorrel.w
Compiling sunat\b-cfgeposcorrel2.w
Compiling sunat\b-cfgeposformatos.w
Compiling sunat\b-cfgeposterm.w
Compiling sunat\b-cfgeposterm2.w
Compiling sunat\b-comprobante-sunat-det.w
Compiling sunat\b-comprobante-sunat.w
Compiling sunat\b-ctermi-sunat.w
Compiling sunat\b-divi-comprobantes.w
Compiling sunat\b-divisiones.w
Compiling sunat\b-dprovee-fact-electronica.w
Compiling sunat\b-dtermi-sunat.w
Compiling sunat\b-equivalencias-sunat.w
Compiling sunat\b-genera-comprobantes-sunat.w
Compiling sunat\b-grupo-tabla-sunat.w
Compiling sunat\b-nc-nd-mr-sunat.w
** Nombre de campo o variable desconocido - x-articulo-ICBPER. (201)
** d:\newsie\on_in_co\APLIC\vta\graba-totales-abono.i No se entiende línea 89. (198)
Compiling sunat\b-provee-fact-electronica.w
Compiling sunat\b-tablas-sunat-cab.w
Compiling sunat\b-tablas-sunat-det.w
Compiling sunat\b-tablas-sunat.w
Compiling sunat\b-testeo-importes-sunat.w
Compiling sunat\banulaicmostrador.w
** Nombre de campo o variable desconocido - x-articulo-ICBPER. (201)
** d:\newsie\on_in_co\APLIC\vta\graba-totales-abono.i No se entiende línea 89. (198)
Compiling sunat\bgeneracionfactcredito-v2.w
Compiling sunat\bgeneracionfactcredito-v4 - copia.w
Compiling sunat\bgeneracionfactcredito-v4.w
Compiling sunat\bgeneracionfactcredito.w
Compiling sunat\bgeneracionfactcredmostrador.w
Compiling sunat\bgereraciofactcredmostrador.w
Compiling sunat\bgereracionfactcredmostrador.w
Compiling sunat\check-impresoras.w
Compiling sunat\cjccmenu.w
Compiling sunat\Copia (2) de b-canc-mayorista-cont-sunat.w
** Nombre de campo o variable desconocido - x-articulo-ICBPER. (201)
** d:\newsie\on_in_co\APLIC\vta2\graba-totales-cotizacion-cred.i No se entiende línea 118. (198)
Compiling sunat\Copia (3) de b-canc-mayorista-cont-sunat.w
** Nombre de campo o variable desconocido - x-articulo-ICBPER. (201)
** d:\newsie\on_in_co\APLIC\vta2\graba-totales-cotizacion-cred.i No se entiende línea 118. (198)
Compiling sunat\Copia de b-canc-mayorista-cont-sunat.w
** Nombre de campo o variable desconocido - x-articulo-ICBPER. (201)
** d:\newsie\on_in_co\APLIC\vta2\graba-totales-cotizacion-cred.i No se entiende línea 118. (198)
Compiling sunat\Copia de d-canc-mayorista-cont-sunat.w
**No cabe FILL-IN Tipo Cambio Venta con COLON-ALIGNED dentro de FRAME f-TpoCmb. (4027)
Ignorando la información de posición del COLON-ALIGNED (2054)
**No cabe FILL-IN Tipo Cambio Compra con COLON-ALIGNED dentro de FRAME f-TpoCmb. (4027)
Ignorando la información de posición del COLON-ALIGNED (2054)
Compiling sunat\Copia de dgeneracionfactcredito-v2.w
Compiling sunat\Copia de dgeneracionfactcredito-v4.w
Compiling sunat\d-canc-mayorista-cont-sunat.w
**No cabe FILL-IN Tipo Cambio Venta con COLON-ALIGNED dentro de FRAME f-TpoCmb. (4027)
Ignorando la información de posición del COLON-ALIGNED (2054)
**No cabe FILL-IN Tipo Cambio Compra con COLON-ALIGNED dentro de FRAME f-TpoCmb. (4027)
Ignorando la información de posición del COLON-ALIGNED (2054)
Compiling sunat\d-cancelar-pedido-minorista-sunat-v2.w
**No cabe FILL-IN Tipo Cambio Venta con COLON-ALIGNED dentro de FRAME f-TpoCmb. (4027)
Ignorando la información de posición del COLON-ALIGNED (2054)
**No cabe FILL-IN Tipo Cambio Compra con COLON-ALIGNED dentro de FRAME f-TpoCmb. (4027)
Ignorando la información de posición del COLON-ALIGNED (2054)
Compiling sunat\d-cancelar-pedido-minorista-sunat.w
**No cabe FILL-IN Tipo Cambio Venta con COLON-ALIGNED dentro de FRAME f-TpoCmb. (4027)
Ignorando la información de posición del COLON-ALIGNED (2054)
**No cabe FILL-IN Tipo Cambio Compra con COLON-ALIGNED dentro de FRAME f-TpoCmb. (4027)
Ignorando la información de posición del COLON-ALIGNED (2054)
Compiling sunat\d-corregir-razon-social.w
Compiling sunat\d-formato-impresion.w
Compiling sunat\d-genera-factura-sunat.w
Compiling sunat\d-relanzar-documentos.w
Compiling sunat\d-selecciona-formato.w
Compiling sunat\d-verifica-sunat.w
Compiling sunat\dgeneracionfactcredito-v2.w
Compiling sunat\dgeneracionfactcredito-v3.w
Compiling sunat\dgeneracionfactcredito-v31.w
Compiling sunat\dgeneracionfactcredito-v4.w
Compiling sunat\dgeneracionfactcredito.w
Compiling sunat\dgeneracionfactcredmostrador.w
Compiling sunat\q-comprobantes-divi.w
Compiling sunat\q-comprobantes.w
Compiling sunat\q-fecanje.w
Compiling sunat\q-ndnc-anula.w
Compiling sunat\q-ndnc-divi.w
Compiling sunat\t-canc-ped-min-sunat.w
Compiling sunat\v-anula-nc-devolucion.w
Compiling sunat\v-anula-nc-otros.w
Compiling sunat\v-canje-ncxsaldo-sunat.w
** Nombre de campo o variable desconocido - x-articulo-ICBPER. (201)
** d:\newsie\on_in_co\APLIC\vta\graba-totales-abono.i No se entiende línea 89. (198)
Compiling sunat\v-cfgeposnroitems.w
Compiling sunat\v-facman-sunat.w
Compiling sunat\v-fecanje-rechazo.w
Compiling sunat\v-fecanje.w
Compiling sunat\v-nc-nd-sunat.w
Compiling sunat\v-ncnd-otros-sunat.w
Compiling sunat\v-ncxdevol-sunat.w
** Nombre de campo o variable desconocido - x-articulo-ICBPER. (201)
** d:\newsie\on_in_co\APLIC\vta\graba-totales-abono.i No se entiende línea 89. (198)
Compiling sunat\v-ndnd-mr-sunat.w
** Nombre de campo o variable desconocido - x-articulo-ICBPER. (201)
** d:\newsie\on_in_co\APLIC\vta\graba-totales-abono.i No se entiende línea 89. (198)
Compiling sunat\v-remenc-sunat.w
Compiling sunat\v-remenc-utilex.w
Compiling sunat\vpedidotiendasutilexsunat-copia.w
Compiling sunat\vpedidotiendasutilexsunat-v2.w
** Nombre de campo o variable desconocido - x-articulo-ICBPER. (201)
** d:\newsie\on_in_co\APLIC\vta2\graba-totales-pedido-utilex.i No se entiende línea 122. (198)
Compiling sunat\vpedidotiendasutilexsunat.w
Compiling sunat\w-anula-comprobante-masivo.w
Compiling sunat\w-anula-comprobante.w
Compiling sunat\w-anula-ic-contado.w
Compiling sunat\w-anula-nc-devolucion.w
Compiling sunat\w-anula-nc-otros.w
Compiling sunat\w-anula-nd.w
Compiling sunat\w-aprobar-ncnd-sunat.w
Compiling sunat\w-aprobar-pncpnd-sunat.w
Compiling sunat\w-cambio-comprobante.w
** Nombre de campo o variable desconocido - COMBO-BOX-NewCli. (201)
** d:\newsie\on_in_co\APLIC\sunat\w-cambio-comprobante.w No se entiende línea 521. (196)
Compiling sunat\w-canc-may-cont-sunat.w
Compiling sunat\w-canc-mayorista-cont-sunat-v11.w
Compiling sunat\w-canc-mayorista-cont-sunat-v2.w
Compiling sunat\w-canc-mayorista-cont-sunat-v21.w
Compiling sunat\w-canc-mayorista-cont-sunat-v3.w
Compiling sunat\w-canc-mayorista-cont-sunat-v31.w
Compiling sunat\w-canc-mayorista-cont-sunat.w
Compiling sunat\w-canc-mayorista-cont-v2-sunat.w
Compiling sunat\w-canje-ncxsaldo-sunat.w
Compiling sunat\w-cfgepos-v2.w
Compiling sunat\w-cfgepos.w
Compiling sunat\W-comprobante-sunat.w
Compiling sunat\w-config-FE-bizlinks.w
Compiling sunat\w-consulta-ruc-sunat.w
Compiling sunat\w-equivalencias-sunat.w
Compiling sunat\w-facman-sunat.w
Compiling sunat\w-fecanje-rechazo.w
Compiling sunat\w-fecanje.w
Compiling sunat\w-genera-comprobantes-sunat.w
Compiling sunat\w-genera-facxfai-sunat.w
Compiling sunat\w-impresion-termica-tcks-electronicos.w
Compiling sunat\w-nc-excel-automatico.w
Compiling sunat\w-nc-nd-mr-sunat.w
Compiling sunat\w-nc-nd-sunat.w
Compiling sunat\w-ncnd-auto-sunat.w
Compiling sunat\w-ncnd-mr-sunat.w
Compiling sunat\w-ncnd-otros-sunat.w
Compiling sunat\w-ncxdevol-sunat.w
Compiling sunat\w-ndnd-mr-sunat.w
Compiling sunat\w-provee-fact-electronica.w
Compiling sunat\w-prueba-impresion-dctos-electronico.w
Compiling sunat\w-remenc-sunat.w
Compiling sunat\w-remenc-utilex.w
Compiling sunat\w-resumen-bajas-boletas-sunat.w
* AVISO- palabra TRANSACTION dentro de una transacción actual. (214)
Compiling sunat\w-resumen-boletas-sunat.w
* AVISO- palabra TRANSACTION dentro de una transacción actual. (214)
Compiling sunat\w-resumen-de-bajas-sunat.w
* AVISO- palabra TRANSACTION dentro de una transacción actual. (214)
Compiling sunat\w-resumenes-bajas-consulta.w
Compiling sunat\w-resumenes-bizlinks.w
Compiling sunat\w-resumenes-boletas-consulta.w
Compiling sunat\w-sunat-bizlinks.w
Compiling sunat\w-sunat-contingencia.w
Compiling sunat\w-tablas-sunat.w
Compiling sunat\w-termin-sunat.w
Compiling sunat\w-testeo-importes-sunat.w
Compiling sunat\w-verifica-sunat.w
Compiling sunat\wanulaicmostrador.w
Compiling sunat\wanulavtacredito.w
** Nombre de campo o variable desconocido - x-articulo-ICBPER. (201)
** d:\newsie\on_in_co\APLIC\vta\graba-totales-abono.i No se entiende línea 89. (198)
Compiling sunat\wgeneracionfactcredito-v2.w
Compiling sunat\wgeneracionfactcredito-v4 - copia.w
Compiling sunat\wgeneracionfactcredito-v4.w
Compiling sunat\wgeneracionfactcredito.w
Compiling sunat\wgeneracionfactcredmostrador.w
Compiling sunat\wgeneracomprobantexbultosunat.w
Compiling sunat\wgereraciofactcredmostrador.w
Compiling sunat\wncndxcontado-anular.w
Compiling sunat\wncndxcontado.w
Compiling sunat\wncndxcredito-item.w
Compiling sunat\wncndxcredito.w
Compiling sunat\wncnxpnc.w
Compiling sunat\wncxdevxcontado.w
Compiling sunat\wncxdevxcredito.w
Compiling sunat\wpedidotiendasutilexsunat-v2.w
Compiling sunat\wpedidotiendasutilexsunat.w
16:25:56 Looking for Triggers\*.p in d:\newsie\on_in_co\APLIC
Compiling Triggers\c-almdmov.p
Compiling Triggers\d-almckits.p
Compiling Triggers\d-almcmov.p
Compiling Triggers\d-almcrecl.p
Compiling Triggers\d-almcrepo.p
Compiling Triggers\d-almdmov.p
Compiling Triggers\d-almlogcontrol.p
Compiling Triggers\d-almmmatg.p
Compiling Triggers\d-almsfami.p
Compiling Triggers\d-almssfami.p
Compiling Triggers\d-almtfami.p
Compiling Triggers\d-almtubic.p
Compiling Triggers\d-di-rutac.p
Compiling Triggers\d-di-rutad.p
Compiling Triggers\d-di-rutadg.p
Compiling Triggers\d-di-rutag.p
Compiling Triggers\d-excctabla.p
Compiling Triggers\d-faccpedi.p
Compiling Triggers\d-facdpedi.p
Compiling Triggers\d-gn-clie.p
Compiling Triggers\d-gn-prov.p
Compiling Triggers\d-gn-vehic.p
Compiling Triggers\d-gn-ven.p
Compiling Triggers\d-pl-flg-mes.p
Compiling Triggers\d-trmovhist.p
Compiling Triggers\d-unidades.p
Compiling Triggers\d-vtacfammat.p
Compiling Triggers\d-vtacomprov.p
Compiling Triggers\d-vtadctoprom.p
Compiling Triggers\d-vtadctoprommin.p
Compiling Triggers\d-vtalistamay.p
Compiling Triggers\d-vtalistamingn.p
Compiling Triggers\d-vtamcanal.p
Compiling Triggers\d-vtatabla.p
Compiling Triggers\d-vtatrack01.p
Compiling Triggers\tbciman.p
Compiling Triggers\w-almcmov.p
Compiling Triggers\w-almcrepo.p
Compiling Triggers\w-almdmov.p
Compiling Triggers\w-almdrepo.p
Compiling Triggers\w-almlogcontrol.p
Compiling Triggers\w-almmmat1.p
Compiling Triggers\w-almmmate.p
Compiling Triggers\w-almmmatg - copia (2).p
Compiling Triggers\w-almmmatg - copia (3).p
Compiling Triggers\w-almmmatg - copia (4).p
** Variable o nombre de propiedad duplicado --f-Precio. (218)
** d:\newsie\on_in_co\APLIC\Triggers\w-almmmatg - copia (4).p No se entiende línea 138. (196)
Compiling Triggers\w-almmmatg - copia.p
Compiling Triggers\w-almmmatg-copia.p
Compiling Triggers\w-almmmatg.p
Compiling Triggers\w-almmmatp - copia.p
Compiling Triggers\w-almmmatp.p
Compiling Triggers\w-almtmatg.p
Compiling Triggers\w-ccbcdocu.p
Compiling Triggers\w-ccbddocu.p
Compiling Triggers\w-clfcli.p
Compiling Triggers\w-di-rutac.p
Compiling Triggers\w-di-rutad.p
Compiling Triggers\w-di-rutadg.p
Compiling Triggers\w-di-rutag.p
Compiling Triggers\w-dsctos.p
Compiling Triggers\w-excctabla.p
Compiling Triggers\w-faccpedi.p
Compiling Triggers\w-facdpedi.p
Compiling Triggers\w-facdpedm.p
Compiling Triggers\w-gn-clie.p
Compiling Triggers\w-gn-cliel.p
Compiling Triggers\w-gn-convt.p
Compiling Triggers\w-gn-divi.p
Compiling Triggers\w-gn-prov.p
Compiling Triggers\w-gn-vehic.p
Compiling Triggers\w-gn-ven.p
Compiling Triggers\w-pl-flg-mes.p
Compiling Triggers\w-prilistaprecios.p
Nombre de tabla desconocido o ambiguo PriListaPrecios (545)
** d:\newsie\on_in_co\APLIC\Triggers\w-prilistaprecios.p No se entiende línea 70. (196)
Compiling Triggers\w-trmovhist.p
Compiling Triggers\w-unidades.p
Compiling Triggers\w-vtacdocu.p
Compiling Triggers\w-vtacfammat.p
Compiling Triggers\w-vtadctoprom.p
Compiling Triggers\w-vtadctoprommin.p
Compiling Triggers\w-vtaddocu.p
Compiling Triggers\w-vtadtabla.p
Compiling Triggers\w-vtalistamay - copia (2).p
Compiling Triggers\w-vtalistamay - copia.p
Compiling Triggers\w-vtalistamay.p
Compiling Triggers\w-vtalistamingn - copia.p
Compiling Triggers\w-vtalistamingn.p
Compiling Triggers\w-vtatabla.p
16:26:07 Looking for vta2\*.p in d:\newsie\on_in_co\APLIC
Compiling vta2\actualiza-cot-por-devolucion.p
Compiling vta2\actualiza-cotizacion-01.p
Compiling vta2\act_alm.P
Compiling vta2\act_almv2.p
Compiling vta2\anula-comprobante-percepcion.p
Compiling vta2\anula-ing-devo-utilex.P
Compiling vta2\calcula-percepcion-abonos.p
Compiling vta2\calcula-percepcion-contado.p
Compiling vta2\calcula-percepcion-copia.p
Compiling vta2\calcula-percepcion.p
Compiling vta2\cancelar-contado-minorista.p
Compiling vta2\cancelar-pedido-minorista-v2.p
Compiling vta2\cancelar-pedido-minorista-v3.p
Compiling vta2\carga-masiva-cotizaciones.p
** Nombre de campo o variable desconocido - x-articulo-ICBPER. (201)
** d:\newsie\on_in_co\APLIC\vta2\graba-totales-cotizacion-cred.i No se entiende línea 118. (198)
Compiling vta2\consolidado-cot-x-atender.p
Compiling vta2\control-percepcion-abonos.p
Compiling vta2\control-percepcion-cargos.p
Compiling vta2\Copia (2) de PrecioListaxMayorCredito.p
Compiling vta2\Copia (2) de promocion-general.p
Compiling vta2\Copia de cancelar-pedido-minorista-v2.p
Compiling vta2\Copia de linea-de-credito-01.P
Compiling vta2\Copia de PrecioListaxMayorCredito.p
** Nombre de campo o variable desconocido - pDiasDctoPro. (201)
** d:\newsie\on_in_co\APLIC\vta2\PrecioListaxMayorCredito.i No se entiende línea 74. (198)
Compiling vta2\Copia de PrecioMayorista-Cont-v2.p
Compiling vta2\Copia de PrecioMayorista-Cred-v2.p
Compiling vta2\Copia de promocion-general.p
Compiling vta2\des_alm.P
Compiling vta2\extorna-ac.p
Compiling vta2\genera-comprobante-percepcion.p
Compiling vta2\genera-cotizacion-expo.p
** Nombre de campo o variable desconocido - x-articulo-ICBPER. (201)
** d:\newsie\on_in_co\APLIC\vta2\graba-totales-cotizacion-cred.i No se entiende línea 118. (198)
Compiling vta2\genera-cotizacion-expov2.p
** Nombre de campo o variable desconocido - x-articulo-ICBPER. (201)
** d:\newsie\on_in_co\APLIC\vta2\graba-totales-cotizacion-cred.i No se entiende línea 118. (198)
Compiling vta2\genera-cotizacion-expov3.p
** Nombre de campo o variable desconocido - x-articulo-ICBPER. (201)
** d:\newsie\on_in_co\APLIC\vta2\graba-totales-cotizacion-cred.i No se entiende línea 118. (198)
Compiling vta2\genera-ingreso-al-almacen.P
Compiling vta2\GLOBAL.P
Compiling vta2\imprime-transportista.p
Compiling vta2\ing-devo-utilex.P
Compiling vta2\lima-promocion-final.p
Compiling vta2\linea-de-credito-01.P
Compiling vta2\linea-de-credito-v2.p
Compiling vta2\orde-des-por-alm.p
Compiling vta2\orde-des-por-div.p
Compiling vta2\orden-de-despacho.p
Compiling vta2\p-aplica-factura-adelantada-01.p
Compiling vta2\p-aplica-factura-adelantada.p
Compiling vta2\p-codigo-producto.p
Compiling vta2\p-estado-letras.p
Compiling vta2\p-facbol-le.p
Nombre de Base de Datos lima desconocida. (855)
Nombre de tabla desconocido o ambiguo Ccbcdocu (545)
** d:\newsie\on_in_co\APLIC\vta2\p-facbol-le.p No se entiende línea 18. (196)
Compiling vta2\p-faccpedi-flgest.p
Compiling vta2\p-faccpedi-flgestv2.p
Compiling vta2\p-fmapgo.p
Compiling vta2\p-fmapgov2.p
Compiling vta2\p-gntcvtamin.p
Compiling vta2\p-imprime-guia-ean.p
WARNING: modificador diferente a AT, TO, BGCOLOR, DCOLOR, FGCOLOR, FONT, o VIEW-AS TEXT para la constante " O/DESPACHO #  " fue ignorado. (3077)
WARNING: modificador diferente a AT, TO, BGCOLOR, DCOLOR, FGCOLOR, FONT, o VIEW-AS TEXT para la constante " (  " fue ignorado. (3077)
WARNING: modificador diferente a AT, TO, BGCOLOR, DCOLOR, FGCOLOR, FONT, o VIEW-AS TEXT para la constante " 1  Venta " fue ignorado. (3077)
WARNING: modificador diferente a AT, TO, BGCOLOR, DCOLOR, FGCOLOR, FONT, o VIEW-AS TEXT para la constante " G/R  " fue ignorado. (3077)
WARNING: modificador diferente a AT, TO, BGCOLOR, DCOLOR, FGCOLOR, FONT, o VIEW-AS TEXT para la constante " Obs: UNA VEZ RECIBIDA LA MERCADERIA, NO HAY LUGAR A DEVOLUCIONES Y/O RECLAMOS " fue ignorado. (3077)
Compiling vta2\p-imprime-guia.p
Compiling vta2\p-imprime-prom-cruzada.p
Compiling vta2\p-inicio-le.p
Compiling vta2\p-inicio.p
Compiling vta2\p-MinCotPed.p
Compiling vta2\p-promocion-420.p
Compiling vta2\p-rutinas-almacen.p
Compiling vta2\p-valida-producto.p
Compiling vta2\pactualizacotizacion-upd.p
Compiling vta2\pactualizacotizacion.p
Compiling vta2\paprobpedcred.p
Compiling vta2\paprobpedcredce.p
Compiling vta2\pcotizacionexpo.p
Compiling vta2\pcreaordendesmarketv2.p
Compiling vta2\pcreaordendesp-v2.p
Compiling vta2\pcreaordendesp.p
Compiling vta2\pcreaordentransf.p
Compiling vta2\pdctocotexpo.p
Compiling vta2\percepcion-por-pedido.p
Compiling vta2\pextornaordendesp.p
Compiling vta2\pextornatransfxped.p
Compiling vta2\pfraccionarorden.p
Compiling vta2\pgeneraodcliente.p
Compiling vta2\pkitxencarte.p
Compiling vta2\plistapreciosexpo.p
Compiling vta2\pmigraodcliente.p
Compiling vta2\pmigraordendesp-v2.p
Compiling vta2\pmigraordendesp.p
Compiling vta2\pmigrarordenes.p
Compiling vta2\pordenesexpo.p
Compiling vta2\ppedidoexpo.p
Compiling vta2\pprecotizacionexpo.p
Compiling vta2\precio-de-venta-eventos.p
Compiling vta2\Precio-Utilex-Menor-v2.p
Compiling vta2\precio-utilex-menor.p
Compiling vta2\Precio-Utilex-MenorV3.p
Compiling vta2\preciocontamayorista.p
Compiling vta2\preciocontaminorista.p
Compiling vta2\preciolistainsti.p
Compiling vta2\preciolistamayorista.p
Compiling vta2\preciolistaminorista-01.p
Compiling vta2\PrecioListaxMayorCredito.p
Compiling vta2\PrecioMayorista-Cont-v2 - copia.p
Compiling vta2\PrecioMayorista-Cont-v2.p
Compiling vta2\preciomayorista-cont.p
Compiling vta2\preciomayorista-cred-01.p
Compiling vta2\PrecioMayorista-Cred-v2.p
Compiling vta2\PrecioMayorista-Cred-v3.p
Compiling vta2\preciomayorista-cred.p
Compiling vta2\PrecioMayorista-Expo.p
Compiling vta2\preciosupermercado.p
Compiling vta2\promocion-general.p
Compiling vta2\promocion-generalv2.p
Compiling vta2\promocion-generalv21.p
Compiling vta2\promocion-generalv3.p
Compiling vta2\promociones-pedidos-cred-01.p
Compiling vta2\promociones-pedidos-cred-01a.p
Compiling vta2\promociones-pedidos-cred.p
Compiling vta2\promociones-por-proveedor-01.p
Compiling vta2\promociones-por-proveedor.p
Compiling vta2\promociones.p
Compiling vta2\prueba-sp.p
Compiling vta2\prueba.p
Compiling vta2\ptransfxpedido.p
Compiling vta2\r-cotmin.p
WARNING: modificador diferente a AT, TO, BGCOLOR, DCOLOR, FGCOLOR, FONT, o VIEW-AS TEXT para la constante " NETO A PAGAR :  " fue ignorado. (3077)
WARNING: modificador diferente a AT, TO, BGCOLOR, DCOLOR, FGCOLOR, FONT, o VIEW-AS TEXT para la constante " OBSERVACIONES :  " fue ignorado. (3077)
**No cabe LITERAL <OFICINA>  con TO dentro de FRAME F-HdrPed. (4027)
Ignorando la información de posición del TO (2054)
Compiling vta2\r-impcot-superm.P
WARNING: modificador diferente a AT, TO, BGCOLOR, DCOLOR, FGCOLOR, FONT, o VIEW-AS TEXT para la constante " NETO A PAGAR :  " fue ignorado. (3077)
WARNING: modificador diferente a AT, TO, BGCOLOR, DCOLOR, FGCOLOR, FONT, o VIEW-AS TEXT para la constante " OBSERVACIONES :  " fue ignorado. (3077)
**No cabe LITERAL <OFICINA>  con TO dentro de FRAME F-HdrPed. (4027)
Ignorando la información de posición del TO (2054)
Compiling vta2\r-impfacade.p
WARNING: modificador diferente a AT, TO, BGCOLOR, DCOLOR, FGCOLOR, FONT, o VIEW-AS TEXT para la constante "                         " fue ignorado. (3077)
WARNING: modificador diferente a AT, TO, BGCOLOR, DCOLOR, FGCOLOR, FONT, o VIEW-AS TEXT para la constante " % " fue ignorado. (3077)
WARNING: modificador diferente a AT, TO, BGCOLOR, DCOLOR, FGCOLOR, FONT, o VIEW-AS TEXT para la constante " ADELANTO " fue ignorado. (3077)
Compiling vta2\r-impped-1.P
Compiling vta2\r-impped-cont.P
Compiling vta2\R-IMPPED.P
**No cabe LITERAL HORA :  con TO dentro de FRAME F-FtrPed. (4027)
Ignorando la información de posición del TO (2054)
**No cabe LITERAL << OFICINA >>  con TO dentro de FRAME F-HdrPed. (4027)
Ignorando la información de posición del TO (2054)
Compiling vta2\r-imppercepcion.p
Compiling vta2\r-tck-ped-market.p
Compiling vta2\r-tick500-caja.p
Compiling vta2\r-ticket-listaexpress.p
Compiling vta2\ranexofackits.p
Compiling vta2\revisar.p
Compiling vta2\rimpfactura.p
WARNING: modificador diferente a AT, TO, BGCOLOR, DCOLOR, FGCOLOR, FONT, o VIEW-AS TEXT para la constante " ADELANTO " fue ignorado. (3077)
Compiling vta2\saldo-actual-cliente.p
** Imposible entender la continuación de -- "CcbCDocu.CodCli =". (247)
** No puede procesarse la comparación en la expresión. (250)
** d:\newsie\on_in_co\APLIC\vta2\saldo-actual-cliente.p Línea 18--Instr.FOR, DO, REPEAT, o EDITING incorrectas. (194)
Compiling vta2\stock-comprometido-expo.p
Compiling vta2\stock-comprometido-v2.p
Compiling vta2\stock-comprometido.p
Compiling vta2\transferencia-saldo-cotizacion.p
Compiling vta2\utilex-descuento-por-encarte.p
Compiling vta2\utilex-descuento-por-encartev3.p
Compiling vta2\utilex-descuentos-finales.p
Compiling vta2\utilex-promocion-final.p
Compiling vta2\w-programacion-calculo.p
Compiling vta2\xxx.p
** Imposible entender la continuación de -- "Vtadtabla.Tipo = M". (247)
** d:\newsie\on_in_co\APLIC\vta2\xxx.p No se entiende línea 18. (198)
** Nombre de campo o variable desconocido - pPorDto2. (201)
** d:\newsie\on_in_co\APLIC\vta2\xxx.p No se entiende línea 20. (196)
16:26:49 Looking for vta2\*.w in d:\newsie\on_in_co\APLIC
Compiling vta2\b-agrupacion-cond-vta-division.w
Compiling vta2\b-agrupacion-cond-vta.w
Compiling vta2\b-anaqueles.w
Compiling vta2\b-aprobar-le-c.w
Compiling vta2\b-aprobar-le-d.w
Compiling vta2\b-aprobcot.w
Compiling vta2\b-aprped-1.w
Compiling vta2\b-aprped-1a.w
Compiling vta2\b-aprped-1ce.w
Compiling vta2\b-aprped-2.w
Compiling vta2\b-aprped-3.w
Compiling vta2\b-aprped-3a.w
Compiling vta2\b-aprped.w
Compiling vta2\b-aprueba-cot.w
Compiling vta2\b-art-promo-vamos-al-mundial.w
Compiling vta2\b-borra-dcto-por-vol.w
Compiling vta2\b-busca-od-producto.w
Compiling vta2\b-cabecera-suborden-.w
Compiling vta2\b-cabecera-suborden.w
Compiling vta2\b-canastas.w
Compiling vta2\b-captura-mostrador.w
Compiling vta2\b-captura-productosv2.w
Compiling vta2\b-captura-productosv3.w
Compiling vta2\b-chqingtransf.w
Compiling vta2\b-chqorden.w
Compiling vta2\b-chqotr.w
Compiling vta2\b-chqtransf.w
Compiling vta2\b-ciecot-1.w
Compiling vta2\b-ciecot-2.w
Compiling vta2\b-ciecot.w
Compiling vta2\b-cieord-1.w
Compiling vta2\b-cieped.w
Compiling vta2\b-cimprime-od.w
Compiling vta2\b-cimprime-odv2.w
Compiling vta2\b-cimprime-otr.w
Compiling vta2\b-cimprime-transf.w
Compiling vta2\b-cl-noclientes.w
Compiling vta2\b-cl-noorigen.w
Compiling vta2\b-cl-noubicacion.w
Compiling vta2\b-clasificacion-cliente-linea-prod.w
Compiling vta2\b-clie-excepcional.w
Compiling vta2\b-clienopercep.w
Compiling vta2\b-cliente-nuevo-registro.w
Compiling vta2\b-clientes-configuracion.w
Compiling vta2\b-clientes-expo.w
Compiling vta2\b-clivalutilex.w
Compiling vta2\b-comi-010.w
Compiling vta2\b-comi-convt-010.w
Compiling vta2\b-comi-convt-999.w
Compiling vta2\b-comi-convt.w
Compiling vta2\b-concepto-perfil-aprob-pnc.w
Compiling vta2\b-concepto-tipo-dscto.w
Compiling vta2\b-cond-vta-agrupacion-grupo.w
Compiling vta2\b-cond-vta-agrupacion.w
Compiling vta2\b-conf-impresion-precios-utilex-.w
Compiling vta2\b-conf-impresion-precios-utilex.w
Compiling vta2\b-cons-picking-ordenes-todos-suborden.w
Compiling vta2\b-consolida-ods.w
Compiling vta2\b-consulta-detalle-picking.w
Compiling vta2\b-consulta-detalle-prepicking.w
Compiling vta2\b-consulta-picking-suborden.w
Compiling vta2\b-consulta-pickings.w
Compiling vta2\b-cotiza.w
Compiling vta2\b-cotizacion-cont.w
Compiling vta2\b-cotizacion-cred.w
Compiling vta2\b-cotizacion-expo.w
Compiling vta2\b-cotmos.w
Compiling vta2\b-ctactepend.w
Compiling vta2\b-cyc-config-linea-valida.w
Compiling vta2\b-detalle-suborden.w
Compiling vta2\b-detprod.w
Compiling vta2\b-devocanasta.w
Compiling vta2\b-diferencia-precio-grupal-header.w
Compiling vta2\b-dimprime-od-v2 - copia.w
Compiling vta2\b-dimprime-od-v2.w
Compiling vta2\b-dimprime-od.w
Compiling vta2\b-dimprime-odc.w
Compiling vta2\b-dimprime-transf.w
Compiling vta2\b-dpromo-1.w
Compiling vta2\b-dpromo-2.w
Compiling vta2\b-dpromo-3.w
Compiling vta2\b-expinvitados.w
** Nombre de campo o variable desconocido - lNroCorre. (201)
** d:\newsie\on_in_co\APLIC\vtaexp\ean-clientes.i No se entiende línea 91. (198)
Compiling vta2\b-expo-cot-otr.w
Compiling vta2\b-facade.w
Compiling vta2\b-faccre.w
** Nombre de campo o variable desconocido - f-ImpDes. (201)
** d:\newsie\on_in_co\APLIC\vta2\b-faccre.w No se entiende línea 406. (196)
Compiling vta2\b-facman-utilex.w
Compiling vta2\b-facman.w
Compiling vta2\b-factura-cred.w
Compiling vta2\b-fraccionar-od.w
Compiling vta2\b-genera-factura-cred-01.w
Compiling vta2\b-genera-factura-cred-02-valesutilex.w
Compiling vta2\b-genera-factura-cred-02.w
Compiling vta2\b-genera-factura-cred.w
Compiling vta2\b-genera-factura-credb.w
Compiling vta2\b-gengui-a.w
Compiling vta2\b-gengui-a1.w
Compiling vta2\b-gengui.w
Compiling vta2\b-gn-tcvtamin.w
Compiling vta2\b-grupo-clientes.w
Compiling vta2\b-grupo-giro-clientes.w
Compiling vta2\b-guias-manuales.w
Compiling vta2\b-guirem.w
Compiling vta2\b-lima-dtopromv2.w
Compiling vta2\b-listado-picking-ordenes-otr.w
Compiling vta2\b-listado-picking-ordenes-todos-suborden-v2 - copia.w
Compiling vta2\b-listado-picking-ordenes-todos-suborden-v2.w
Compiling vta2\b-listado-picking-ordenes-todos-suborden.w
Compiling vta2\b-listado-picking-ordenes-todos-v3.w
Compiling vta2\b-listado-picking-ordenes-todos.w
Compiling vta2\b-listado-picking-ordenes.w
Compiling vta2\b-listado-picking-suborden-cons.w
Compiling vta2\b-listado-picking-transfv02.w
Compiling vta2\b-listado-prepicking-od.w
Compiling vta2\b-listado-prepicking-odc.w
Compiling vta2\b-listado-prepicking-ordenes-otr.w
Compiling vta2\b-listado-prepicking-ordenes-todos-v3.w
Compiling vta2\b-listado-prepicking-ordenes-todos.w
Compiling vta2\b-listado-prepicking-ordenes.w
Compiling vta2\b-listainsti-gn.w
Compiling vta2\b-listamaydiv.w
Compiling vta2\b-listamin-gn-01.w
Compiling vta2\b-listamin-gn.w
Compiling vta2\b-loganaqueles.w
Compiling vta2\b-logcanastas.w
Compiling vta2\b-lp-config-cab.w
Compiling vta2\b-lp-config-det.w
Compiling vta2\b-ordenconsolidada.w
** Nombre de campo o variable desconocido - x-articulo-ICBPER. (201)
** d:\newsie\on_in_co\APLIC\vta2\graba-totales-cotizacion-cred.i No se entiende línea 118. (198)
Compiling vta2\b-pedido-1.w
Compiling vta2\b-pedido-cont.w
Compiling vta2\b-pedido-cred.w
Compiling vta2\b-pedido.w
Compiling vta2\b-pedmos-min.w
Compiling vta2\b-pedmos-utilex.w
Compiling vta2\b-perfil-cab-aprob-pnc.w
Compiling vta2\b-perfil-det-aprob-pnc.w
Compiling vta2\b-picking-od.w
Compiling vta2\b-picking-ordenes.w
Compiling vta2\b-picking-ordenesv2.w
Compiling vta2\b-picking-transf.w
Compiling vta2\b-pickorden.w
Compiling vta2\b-pickordenv2.w
Compiling vta2\b-pre-cotizacion-expo-v1.w
Compiling vta2\b-prepicking-ordenes-v2.w
Compiling vta2\b-prepicking-ordenes.w
Compiling vta2\b-prepicking-tranfs.w
Compiling vta2\b-prepicking-transf.w
Compiling vta2\b-programacion-consulta-dtl-.w
Compiling vta2\b-rbte-cliente.w
Compiling vta2\b-rbte-conceptos-exonerados.w
Compiling vta2\b-rbte-cond-vtas-exonerados.w
Compiling vta2\b-rbte-config-evento-movimiento.w
Compiling vta2\b-rbte-config-linea-generar-nc.w
Compiling vta2\b-rbte-config-linea-movimiento-borrar.w
Compiling vta2\b-rbte-config-linea-movimiento.w
Compiling vta2\b-reasigna-divi-cotizaciones.w
Compiling vta2\b-reppick-od.w
Compiling vta2\b-reprog-pedidos.w
Compiling vta2\b-resultado-od-producto.w
Compiling vta2\b-sdoxcli.w
Compiling vta2\b-tipo-descuentos.w
Compiling vta2\b-tipo-dscto-campanas.w
Compiling vta2\b-tipo-dscto-lineas-sublineas.w
Compiling vta2\b-tolerancia-vctos-config.w
Compiling vta2\b-tolerancia-vctos-docs.w
Compiling vta2\b-transf-rapida-otr.w
Compiling vta2\b-ttickets.w
Compiling vta2\b-tvales.w
Compiling vta2\b-utilex-cd-copia.w
Compiling vta2\b-utilex-cd.w
Compiling vta2\b-utilex-dtopromv2.w
Compiling vta2\b-vendedores-excep-canalvta-.w
Compiling vta2\b-vipterceros.w
Compiling vta2\b-vtacmatriz.w
Compiling vta2\b-vtacmatrizactiva.w
Compiling vta2\b-vtadmatriz-01.w
Compiling vta2\b-vtadmatriz-01b.w
Compiling vta2\b-vtadmatriz-02.w
Compiling vta2\b-vtadmatriz-02b.w
Compiling vta2\banularordencred-v2.w
Compiling vta2\banularordencred.w
Compiling vta2\bcagarlistaterceros.w
Compiling vta2\bcanjeadelxnc-01.w
Compiling vta2\bcanjeadelxnc-v2.w
Compiling vta2\bcanjeadelxnc.w
Compiling vta2\bcaprobaciongeneral-copia.w
Compiling vta2\bcaprobaciongeneral.w
Compiling vta2\bcierredecotizacion.w
** Nombre de campo o variable desconocido - x-articulo-ICBPER. (201)
** d:\newsie\on_in_co\APLIC\vta2\graba-totales-cotizacion-cred.i No se entiende línea 118. (198)
Compiling vta2\bclfcli.w
Compiling vta2\bconcotcre - copia.w
Compiling vta2\bconcotcre-1.w
Compiling vta2\bconcotcre-v2.w
Compiling vta2\bconcotcre.w
Compiling vta2\bconcotcrev2-1 - copia.w
Compiling vta2\bconcotcrev2-1.w
Compiling vta2\bconcotcrev2-2.w
Compiling vta2\bconcotcrev2.w
Compiling vta2\bconpedcre-2a-borrar.w
Compiling vta2\bconpedcre-2a.w
Compiling vta2\bconpedcre-3a.w
Compiling vta2\bconpedcred.w
Compiling vta2\bcotgralcredmayoristav21.w
Compiling vta2\bcotizacionexpolibreria.w
Compiling vta2\bcotizaciontablet.w
Compiling vta2\bdctxvolacuxsaldos-01.w
Compiling vta2\bdctxvolacuxsaldos-02.w
Compiling vta2\bdctxvolxdivxlinea-a.w
Compiling vta2\bdctxvolxdivxlinea-b.w
Compiling vta2\bdctxvolxdivxlinea-c.w
Compiling vta2\bdetcatvta_prov-1.w
Compiling vta2\bdigitaprecot3rosprov.w
Compiling vta2\bdigitaprecoti3rosdetalle.w
Compiling vta2\bdigitaprecotizaciondetalle.w
Compiling vta2\bdigitaprecotizacionprov.w
Compiling vta2\bencartearticulos.w
Compiling vta2\bencarteclientes.w
Compiling vta2\bencartedivisiones.w
Compiling vta2\bencartelineas.w
Compiling vta2\bencarteproveedores.w
Compiling vta2\bexpodtoxvolxsal-01.w
Compiling vta2\bexpodtoxvolxsal-02.w
Compiling vta2\bexpodtoxvolxsal.w
Compiling vta2\bgenera-fai-credito.w
Compiling vta2\bgeneracioncomprobantes-valesutilex.w
Compiling vta2\bgeneracioncomprobantes.w
Compiling vta2\bhojacalculo.w
Compiling vta2\blistacontratomarco-copia.w
Compiling vta2\blistacontratomarco.w
Compiling vta2\blistadeprecios-copia.w
Compiling vta2\blistadeprecios.w
No se encontró CtoTot en un frame. Intente calificando la referencia con una frase IN FRAME. (3566)
** d:\newsie\on_in_co\APLIC\vta2\blistadeprecios.w No se entiende línea 477. (196)
Compiling vta2\blistadeprecioscl-copia.w
Compiling vta2\blistadeprecioscl.w
Compiling vta2\blistaexpoxdivision.w
Compiling vta2\blistamayoristageneral-copia.w
Compiling vta2\blistamayoristageneral.w
Compiling vta2\blistamayoristageneralv02.w
Compiling vta2\blistamayoristageneralv03.w
Compiling vta2\blistamayoristaxdivision-copia.w
Compiling vta2\blistamayoristaxdivision.w
Compiling vta2\blistaminoristageneral.w
Compiling vta2\blistaporcontratos.w
Compiling vta2\blistaporcontratoscl.w
Compiling vta2\blistaprov_prov-1.w
Compiling vta2\blistaremates.w
Compiling vta2\blistaterceros.w
Compiling vta2\bnotcredutilex-le.w
Compiling vta2\bnotcredutilex.w
Compiling vta2\bodporfacturar.w
Compiling vta2\bpagcatvtas-v2.w
Compiling vta2\bpagcatvtas.w
Compiling vta2\bpedcontadomarketv2.w
Compiling vta2\bpedcontadomarketv21.w
Compiling vta2\bpedidotiendasutilexv3.w
Compiling vta2\bpromcruzadaprom.w
Compiling vta2\bpromoarticulos.w
Compiling vta2\bpromociongeneral.w
Compiling vta2\bpromocionopcionaltodos.w
Compiling vta2\bpromodivisiones.w
Compiling vta2\bpromolineas.w
Compiling vta2\bpromomarcas.w
Compiling vta2\bpromonoarticulos.w
Compiling vta2\bpromonolineas.w
Compiling vta2\bpromoofertas-prom.w
Compiling vta2\bpromoofertas.w
Compiling vta2\bpromoproveedores.w
Compiling vta2\bprovcliel1.w
Compiling vta2\buservslineaprecios.w
Compiling vta2\buserxaplic.w
Compiling vta2\butilexdctoprom-02.w
Compiling vta2\butilexdctoprom-02a.w
Compiling vta2\butilexdctoprom-02b.w
Compiling vta2\butilexdctoprom-05.w
Compiling vta2\butilexprecios-02a.w
Compiling vta2\butilexprecios-02b.w
Compiling vta2\butilexprecios-02c-v2.w
Compiling vta2\butilexprecios-02c.w
Compiling vta2\butilexprecios-02d.w
Compiling vta2\butilexprecios-02e.w
Compiling vta2\C-CATART.W
Compiling vta2\c-cotizacion.w
Compiling vta2\c-cotpen.w
Compiling vta2\c-docdevutilex.w
Compiling vta2\c-lismindiv.w
Compiling vta2\c-lismingen.w
Compiling vta2\c-lispre-inst.w
Compiling vta2\c-lisprediv.w
Compiling vta2\c-listaprecios-conta-v2.w
Compiling vta2\c-listaprecios-conta.w
Compiling vta2\c-listaprecios-cred-v3.w
Compiling vta2\c-listaprecios-cred.w
Compiling vta2\c-listaprecios-marco.w
Compiling vta2\c-listaprecios-remate-cred.w
Compiling vta2\c-precotizacion.w
Compiling vta2\Copia (2) de vcotgralcredmayoristav21.w
** Nombre de campo o variable desconocido - x-articulo-ICBPER. (201)
** d:\newsie\on_in_co\APLIC\vta2\graba-totales-cotizacion-cred.i No se entiende línea 118. (198)
Compiling vta2\Copia de b-aprped-1.w
Compiling vta2\Copia de b-aprped-1ce.w
Compiling vta2\Copia de b-aprped-2.w
Compiling vta2\Copia de b-aprped-3.w
Compiling vta2\Copia de b-captura-productosv2.w
Compiling vta2\Copia de b-cimprime-od.w
Compiling vta2\Copia de b-cimprime-transf.w
Compiling vta2\Copia de b-listado-prepicking-ordenes-todos-v3.w
Compiling vta2\Copia de b-picking-od.w
Compiling vta2\Copia de b-prepicking-ordenes.w
Compiling vta2\Copia de bconcotcrev2-1.w
Compiling vta2\Copia de bconcotcrev2.w
Compiling vta2\Copia de blistamayoristageneralv02.w
Compiling vta2\Copia de blistamayoristaxdivision.w
Compiling vta2\Copia de c-listaprecios-cred.w
Compiling vta2\Copia de d-captura-productos.w
Compiling vta2\Copia de d-captura-productosv2.w
Compiling vta2\Copia de d-genera-factura-cred-02.w
Compiling vta2\Copia de d-matriz-venta.w
Compiling vta2\Copia de l-listaprecios-cred.w
Compiling vta2\Copia de vcotgralcredmayoristav21.w
** Nombre de campo o variable desconocido - x-articulo-ICBPER. (201)
** d:\newsie\on_in_co\APLIC\vta2\graba-totales-cotizacion-cred.i No se entiende línea 118. (198)
Compiling vta2\Copia de vpedidotiendasutilexv2.w
** Nombre de campo o variable desconocido - x-articulo-ICBPER. (201)
** d:\newsie\on_in_co\APLIC\vta2\graba-totales-pedido-utilex.i No se entiende línea 122. (198)
Compiling vta2\Copia de vpreconsolidaodv2.w
Compiling vta2\Copia de w-listado-prepicking-ordenes-v3.w
Compiling vta2\Copia de w-listado-prepicking-ordenes.w
Compiling vta2\Copia de wasignaalmdistrv21.w
Compiling vta2\Copia de wgenerafacxfai.w
Compiling vta2\Copia de wlistamayoristaxdivision.w
Compiling vta2\Copia de wpreconsolidaod.w
Compiling vta2\Copia de wpromociones.w
Compiling vta2\Copia de wutilexdctoprom.w
Compiling vta2\copia-blistadeprecioscl.w
Compiling vta2\d-agencia-trans-tempo.w
Compiling vta2\d-art-promo-vamos-al-mundial-excel.w
Compiling vta2\d-asigna-picking-sub-ordenes.w
Compiling vta2\d-borra-dcto-por-vol.w
Compiling vta2\d-busca-od-producto.w
Compiling vta2\d-cancelar-pedido-minorista-v2.w
**No cabe FILL-IN Tipo Cambio Venta con COLON-ALIGNED dentro de FRAME f-TpoCmb. (4027)
Ignorando la información de posición del COLON-ALIGNED (2054)
**No cabe FILL-IN Tipo Cambio Compra con COLON-ALIGNED dentro de FRAME f-TpoCmb. (4027)
Ignorando la información de posición del COLON-ALIGNED (2054)
Compiling vta2\d-cancelar-pedido-minorista-v3.w
**No cabe FILL-IN Tipo Cambio Venta con COLON-ALIGNED dentro de FRAME f-TpoCmb. (4027)
Ignorando la información de posición del COLON-ALIGNED (2054)
**No cabe FILL-IN Tipo Cambio Compra con COLON-ALIGNED dentro de FRAME f-TpoCmb. (4027)
Ignorando la información de posición del COLON-ALIGNED (2054)
** Nombre de campo o variable desconocido - x-articulo-ICBPER. (201)
** d:\newsie\on_in_co\APLIC\vta2\graba-totales-pedido-utilex.i No se entiende línea 122. (198)
Compiling vta2\d-canped-min.w
**No cabe FILL-IN Tipo Cambio Venta con COLON-ALIGNED dentro de FRAME f-TpoCmb. (4027)
Ignorando la información de posición del COLON-ALIGNED (2054)
**No cabe FILL-IN Tipo Cambio Compra con COLON-ALIGNED dentro de FRAME f-TpoCmb. (4027)
Ignorando la información de posición del COLON-ALIGNED (2054)
Compiling vta2\d-captura-mostrador.w
Compiling vta2\d-captura-productos.w
Compiling vta2\d-captura-productosv2.w
Compiling vta2\d-captura-productosv3.w
Compiling vta2\d-cierre-picking-sub-ordenes.w
Compiling vta2\d-codagrupado-cont.w
Compiling vta2\d-codagrupado-cred.w
Compiling vta2\d-comi-reporte.w
Compiling vta2\d-contratomarco-dtoprom.w
Compiling vta2\d-cot-cred-pendiente-v2.w
Compiling vta2\d-cot-cred-pendiente.w
Compiling vta2\d-cot-excel-utilex.w
Compiling vta2\d-cotiza-div.w
Compiling vta2\d-cotiza-gen.w
Compiling vta2\d-cotizacion-pend-spvea-borrarrrr.w
** Nombre de campo o variable desconocido - x-articulo-ICBPER. (201)
** d:\newsie\on_in_co\APLIC\vta2\graba-totales-cotizacion-cred.i No se entiende línea 118. (198)
Compiling vta2\d-cotizacion-pend-spvea.w
** Nombre de campo o variable desconocido - x-articulo-ICBPER. (201)
** d:\newsie\on_in_co\APLIC\vta2\graba-totales-cotizacion-cred.i No se entiende línea 118. (198)
Compiling vta2\d-cotizacion-pend.w
Compiling vta2\d-cotizacion-pendv2.w
Compiling vta2\d-ctactepend.w
Compiling vta2\d-diferencia-precio-grupal-desde-excel.w
Compiling vta2\d-distribucion-factura-cred.w
Compiling vta2\d-division.w
Compiling vta2\d-dtoprom-min-gn.w
Compiling vta2\d-dtovol-min-gn.w
Compiling vta2\d-facbol-gr-manual.w
Compiling vta2\d-fmtgui.w
Compiling vta2\d-format-import-clientes-expo.w
Compiling vta2\d-fraccionar-od.w
Compiling vta2\d-gen-cotizacion-spvea.w
** Nombre de campo o variable desconocido - x-articulo-ICBPER. (201)
** d:\newsie\on_in_co\APLIC\vta2\graba-totales-cotizacion-cred.i No se entiende línea 118. (198)
Compiling vta2\d-gen-orddespacho-spvea.w
Compiling vta2\d-gen-pedidos-spvea.w
Compiling vta2\d-genera-factura-cred-01.w
Compiling vta2\d-genera-factura-cred-01a.w
Compiling vta2\d-genera-factura-cred-01v2.w
Compiling vta2\d-genera-factura-cred-02.w
Compiling vta2\d-genera-factura-cred.w
Compiling vta2\d-historicocotcredmay.w
Compiling vta2\d-items-eliminacion-masiva.w
Compiling vta2\d-lima-dtoprom-prov.w
Compiling vta2\d-lima-dtoprom.w
Compiling vta2\d-lima-dtopromv2.w
Compiling vta2\d-lima-dtovol.w
Compiling vta2\D-Marco-DtoVol.w
Compiling vta2\d-matriz-venta-01.w
Compiling vta2\d-matriz-venta-02.w
Compiling vta2\d-matriz-venta-cred-a.w
Compiling vta2\d-matriz-venta-cred.w
Compiling vta2\d-matriz-venta.w
Compiling vta2\d-modclimarket.w
Compiling vta2\d-pco-cred-pendiente.w
Compiling vta2\d-ped-tope-despacho.w
Compiling vta2\d-pedmarketv2.w
Compiling vta2\d-pedmos-may.w
Compiling vta2\d-promocion-420.w
Compiling vta2\d-rbte-calculo-premiados.w
Compiling vta2\d-recepcanasta.w
Compiling vta2\d-recepcanastaV2.w
Compiling vta2\d-redondeo-ped.w
Compiling vta2\d-regclimarket.w
Compiling vta2\d-registro-arte.w
Compiling vta2\d-saldo-cot-cred.w
Compiling vta2\d-selecc-tdas-prom.w
Compiling vta2\d-selecciona-tienda-B2B.w
Compiling vta2\d-tipo-dscto-campana-factor-ppago.w
Compiling vta2\d-ttickets.w
Compiling vta2\d-tvales.w
Compiling vta2\d-utilex-dtoprom.w
Compiling vta2\D-Utilex-Dtopromv2.w
Compiling vta2\d-utilex-dtovol.w
Compiling vta2\d-valeerrado.w
Compiling vta2\d-vtacorr-cont.w
Compiling vta2\d-xdivision-dtoprom.w
Compiling vta2\d-xdivision-dtovol.w
Compiling vta2\dcapturappvmarket.w
Compiling vta2\dcomprobantes.w
Compiling vta2\dcotcredito.w
Compiling vta2\dcotcredito_cl.w
Compiling vta2\dcotizacionesypedidos.w
Compiling vta2\dcotpendcredmarketv2.w
Compiling vta2\dcotpendientetablet.w
Compiling vta2\ddctopromocional.w
Compiling vta2\ddctoprovinciapromo3ros.w
Compiling vta2\ddctoprovinciapromopropios.w
Compiling vta2\ddctoxvolumen.w
Compiling vta2\ddigitaprecot-terceros.w
Compiling vta2\ddigitaprecotizacion.w
Compiling vta2\ddigitaprecotizacionv1.w
Compiling vta2\ddigitaprecotizacionv2.w
Compiling vta2\dencartearticulos.w
Compiling vta2\dgenera-fai-credito.w
Compiling vta2\dgenerafacturacredito.w
Compiling vta2\dlistaexpodctoprom.w
Compiling vta2\dlistamayoristaxdivision.w
Compiling vta2\dpeddevcontadomarket.w
Compiling vta2\dpedidotablet-v2 - copia.w
** Variable o nombre de propiedad duplicado --hProc. (218)
** d:\newsie\on_in_co\APLIC\vta2\dpedidotablet-v2 - copia.w No se entiende línea 1159. (196)
Compiling vta2\dpedidotablet-v2.w
Compiling vta2\dpedidotablet.w
** Variable o nombre de propiedad duplicado --hProc. (218)
** d:\newsie\on_in_co\APLIC\vta2\dpedidotablet.w No se entiende línea 1155. (196)
Compiling vta2\dpidepromotor.w
Compiling vta2\dpromoarticulos.w
Compiling vta2\dpromocionesopcionales-a.w
Compiling vta2\dpromocionesopcionales-c.w
Compiling vta2\dpromocionesopcionales.w
Compiling vta2\dpromociongeneral.w
Compiling vta2\dpromocionopcionalsolouno.w
Compiling vta2\dpromocionopcionaltodos.w
Compiling vta2\dpromonoarticulos.w
Compiling vta2\dutilexdctoprom-02.w
Compiling vta2\dutilexpromocionfinal.w
Compiling vta2\f-actualiza-sloting.w
Compiling vta2\f-dctxvolxdivxlinea-out.w
Compiling vta2\fframewi.w
Compiling vta2\gConfirmaCopia.w
Compiling vta2\genera-fai-credito.w
Compiling vta2\gGenGuia.w
Compiling vta2\gGenGuia2a.w
Compiling vta2\gventavsoc.w
** Nombre de campo o variable desconocido - cdocia. (201)
** d:\newsie\on_in_co\APLIC\vta2\gventavsoc.w No se entiende línea 180. (196)
Compiling vta2\l-catart.w
Compiling vta2\l-cmpbte-01.w
Compiling vta2\l-cmpbte-01v2.w
Compiling vta2\l-cmpbte-01v3-bcp-xxx.w
Compiling vta2\l-cmpbte-01v3-bcp.w
Compiling vta2\l-cmpbte-01v3.w
Compiling vta2\l-cmpbte-2.w
Compiling vta2\l-cmpbte-expo.w
Compiling vta2\l-cmpbte.w
Compiling vta2\l-cmpbte3.w
Compiling vta2\l-cotizacion.w
Compiling vta2\l-cotpen.w
Compiling vta2\l-docdevutilex.w
Compiling vta2\l-lismindiv.w
Compiling vta2\l-lismingen.w
Compiling vta2\l-lispre-inst.w
Compiling vta2\l-lisprecios-marco.w
Compiling vta2\l-lisprediv.w
Compiling vta2\l-listaprecios-conta-v2.w
Compiling vta2\l-listaprecios-conta.w
Compiling vta2\l-listaprecios-cred-v3.w
Compiling vta2\l-listaprecios-cred.w
Compiling vta2\l-listaprecios-remate-cred-bak.w
Compiling vta2\l-listaprecios-remate-cred.w
Compiling vta2\l-precotizacion.w
Compiling vta2\q-comiconfig.w
Compiling vta2\q-contratomarco-dtoprom.w
Compiling vta2\q-cotiza-min.w
Compiling vta2\q-cpromo.w
Compiling vta2\q-detart-min-gn.w
Compiling vta2\q-detart-xdivision.w
Compiling vta2\q-diferencia-precio-grupal-detalle.w
Compiling vta2\q-diferencia-precio-grupal-header.w
Compiling vta2\q-docmto.w
Compiling vta2\q-dtocot-1-1.w
Compiling vta2\q-dtocot.w
Compiling vta2\q-dtopedmin.w
Compiling vta2\q-dtopedmos-may.w
Compiling vta2\q-faccpedi.w
Compiling vta2\q-gn-divi-01.w
Compiling vta2\q-gn-locales.w
Compiling vta2\q-guias-remision.w
Compiling vta2\q-guirem.w
Compiling vta2\q-lima-dtopromv2.w
Compiling vta2\q-notcre-le.w
Compiling vta2\q-pedido.w
Compiling vta2\q-pedidoexpo.w
Compiling vta2\q-utilex-cd.w
Compiling vta2\q-utilex-dtopromv2.w
Compiling vta2\qcotgralcredmaysupervisor.w
Compiling vta2\qcotizacionesypedidos.w
Compiling vta2\qdctoxvolxsubfam.w
Compiling vta2\qdctxvolxdivxlinea.w
Compiling vta2\qdespachocreditomay.w
Compiling vta2\qlistadeprecios.w
Compiling vta2\qlistaporcontratos.w
Compiling vta2\qpedidocontadomay.w
Compiling vta2\qpedidocreditomay.w
Compiling vta2\qrefacturacion.w
Compiling vta2\qvtactabla.w
Compiling vta2\qvtalistaprecios-01.w
Compiling vta2\r-comisiones-01.w
Tabla desconocida o ambigua Ventas_Cabecera (725)
** d:\newsie\on_in_co\APLIC\vta2\r-comisiones-01.w No se entiende línea 353. (196)
Compiling vta2\r-comisiones-01v2.w
Tabla desconocida o ambigua Ventas_Cabecera (725)
** d:\newsie\on_in_co\APLIC\vta2\i-comisiones-old.i No se entiende línea 33. (196)
Compiling vta2\r-comisiones-provin.w
Tabla desconocida o ambigua dwh_ventas_cab (725)
** d:\newsie\on_in_co\APLIC\vta2\r-comisiones-provin.w No se entiende línea 393. (196)
Compiling vta2\r-comisiones.w
Tabla desconocida o ambigua dwh_ventas_cab (725)
** d:\newsie\on_in_co\APLIC\vta2\r-comisiones.w No se entiende línea 354. (196)
Compiling vta2\r-repo001.w
Compiling vta2\r-repo002.w
Compiling vta2\r-repo003.w
Compiling vta2\r-repo004.w
Compiling vta2\r-repo005.w
Compiling vta2\t-clientes-expo.w
Compiling vta2\t-codagrupado-cont.w
Compiling vta2\t-codagrupado-cred.w
Compiling vta2\t-cotiza-4.w
Compiling vta2\t-cotiza-div.w
Compiling vta2\t-cotiza-gen.w
Compiling vta2\t-cotiza-inst.w
Compiling vta2\t-cotiza-min-01.w
Compiling vta2\t-cotiza-min-a.w
Compiling vta2\t-cotiza-min.w
Compiling vta2\t-cotiza.w
Compiling vta2\t-cotizacion-cont.w
Compiling vta2\t-cotizacion-cre.w
Compiling vta2\t-cotizacion-cred - copia.w
Compiling vta2\t-cotizacion-cred-01.w
Compiling vta2\t-cotizacion-cred-copia.w
Compiling vta2\t-cotizacion-cred-dcto-v2 - copia (2).w
Compiling vta2\t-cotizacion-cred-dcto-v2 - copia.w
Compiling vta2\t-cotizacion-cred-dcto-v2.w
Compiling vta2\t-cotizacion-cred-dcto-v21.w
Compiling vta2\t-cotizacion-cred-dcto-v3.w
Compiling vta2\t-cotizacion-cred-dcto.w
Compiling vta2\t-cotizacion-cred.w
Compiling vta2\t-cotizacion-expo-01.w
Compiling vta2\t-cotizacion-expo-v1.w
Compiling vta2\t-cotizacion-expo.w
Compiling vta2\t-cotmos-may.w
Compiling vta2\t-distribucion-factura-cred.w
Compiling vta2\t-dtocot-1-1.w
Compiling vta2\t-dtocot.w
Compiling vta2\t-dtopedmin.w
Compiling vta2\t-facade.w
Compiling vta2\t-faccre.w
Compiling vta2\t-facman-utilex.w
Compiling vta2\t-facman.w
Compiling vta2\t-guias-manuales.w
Compiling vta2\t-guias.w
Compiling vta2\t-lima-dtopromv2.w
Compiling vta2\t-matriz-venta-02a.w
Compiling vta2\t-orddes.w
Compiling vta2\t-ordenconsolidada.w
** Nombre de campo o variable desconocido - x-articulo-ICBPER. (201)
** d:\newsie\on_in_co\APLIC\vta2\graba-totales-cotizacion-cred.i No se entiende línea 118. (198)
Compiling vta2\t-ordenes-cred.w
Compiling vta2\t-ped-tope-despacho.w
Compiling vta2\t-pedido-alm.w
Compiling vta2\t-pedido-cont - copia (2).w
Compiling vta2\t-pedido-cont - copia.w
Compiling vta2\t-pedido-cont-b.w
Compiling vta2\t-pedido-cont-v2.w
Compiling vta2\t-pedido-cont.w
Compiling vta2\t-pedido-cred.w
Compiling vta2\t-pedido-credito-v2.w
Compiling vta2\t-pedido-credito.w
Compiling vta2\t-pedido-credv2.w
Compiling vta2\t-pedido-div.w
Compiling vta2\t-pedido-res.w
Compiling vta2\t-pedido-utilex.w
Compiling vta2\t-pedido.w
Compiling vta2\t-pedmin.w
** Nombre de campo o variable desconocido - s-codpro. (201)
** d:\newsie\on_in_co\APLIC\vtamay\i-pedmos-4min.i No se entiende línea 144. (198)
Compiling vta2\t-pedmos-may-alm.w
Compiling vta2\t-pedmos-may-res.w
Compiling vta2\t-pedmos-may.w
Compiling vta2\t-pedmos-mayb.w
Compiling vta2\t-pedmos-min-01.w
Compiling vta2\t-pedmos-min.w
Compiling vta2\t-pre-cotizacion-expo-v1.w
Compiling vta2\t-precotizacion-expo.w
Compiling vta2\t-reppick-od.w
Compiling vta2\t-utilex-dtopromv31.w
Compiling vta2\t-vtacorr-cont.w
Compiling vta2\t-vtadmatriz-01.w
Compiling vta2\t-vtadmatriz-02.w
Compiling vta2\t-vtadmatriz-a-02.w
Compiling vta2\t-vtadmatriz-a.w
Compiling vta2\t-vtadmatriz-b-02.w
Compiling vta2\t-vtadmatriz-cred-a.w
Compiling vta2\t-vtadmatriz-p-02.w
Compiling vta2\t-vtadmatriz.w
Compiling vta2\tcotgralcredmayoristav2.w
Compiling vta2\tcotgralcredmayoristav21 - copia (2).w
Compiling vta2\tcotgralcredmayoristav21 - copia.w
Compiling vta2\tcotgralcredmayoristav21.w
Compiling vta2\tcotgralcredmayoristav21w.w
Compiling vta2\tcotgralcredmayoristav22.w
Compiling vta2\tcotgralcredmayoristav3.w
Compiling vta2\tcotizacioncreditomay-01.w
Compiling vta2\tcotizacioncreditomay-a.w
Compiling vta2\tcotizacioncreditomay.w
Compiling vta2\tcotizaciontablet.w
Compiling vta2\tcotlistaexpress.w
Compiling vta2\tcotlistaexpressutilex.w
Compiling vta2\td-pedmos-may.w
Compiling vta2\tdctxvolxdivxlinea.w
Compiling vta2\tdespachocreditomay.w
Compiling vta2\tnotcredutilex-le.w
Compiling vta2\tnotcredutilex.w
Compiling vta2\tpedcontadomarket.w
Compiling vta2\tpedcontadomarketv2 - copia (2).w
Compiling vta2\tpedcontadomarketv2 - copia (3).w
Compiling vta2\tpedcontadomarketv2 - copia.w
Compiling vta2\tpedcontadomarketv2.w
Compiling vta2\tpedcreditomarketv2.w
Compiling vta2\tpeddevcontadomarket.w
Compiling vta2\tpedidotablet.w
Compiling vta2\tpedidotiendasutilex.w
Compiling vta2\tpedidotiendasutilexv3.w
Compiling vta2\tprecotizacioncreditomay.w
Compiling vta2\tprecotizacioncreditomayv3.w
Compiling vta2\tprepedcontadomarket.w
Compiling vta2\v-cdetra-01.w
Compiling vta2\v-comiconfig.w
Compiling vta2\v-contratomarco-dtoprom.w
Compiling vta2\v-cotiza-inst.w
Compiling vta2\v-cotiza-min-01.w
Compiling vta2\v-cotiza-min.w
Compiling vta2\v-cotiza.w
Compiling vta2\v-cotizacion-cont.w
Compiling vta2\v-cotizacion-cred-dcto-administrador.w
Compiling vta2\v-cotizacion-cred-dcto-v2.w
Compiling vta2\v-cotizacion-cred-dcto-v21.w
Compiling vta2\v-cotizacion-cred-dcto-v3.w
Compiling vta2\v-cotizacion-cred-dcto.w
** Nombre de campo o variable desconocido - x-articulo-ICBPER. (201)
** d:\newsie\on_in_co\APLIC\vta2\graba-totales-cotizacion-cred.i No se entiende línea 118. (198)
Compiling vta2\v-cotizacion-cred.w
** Nombre de campo o variable desconocido - x-articulo-ICBPER. (201)
** d:\newsie\on_in_co\APLIC\vta2\graba-totales-cotizacion-cred.i No se entiende línea 118. (198)
Compiling vta2\v-cotizacion-expo.w
** Nombre de campo o variable desconocido - x-articulo-ICBPER. (201)
** d:\newsie\on_in_co\APLIC\vta2\graba-totales-cotizacion-cred.i No se entiende línea 118. (198)
Compiling vta2\v-cotmos-may.w
Compiling vta2\v-cpromo.w
Compiling vta2\v-diferencia-precio-grupal-header.w
Compiling vta2\v-divi.w
Compiling vta2\v-dtocot-1-1.w
Compiling vta2\v-dtocot.w
Compiling vta2\v-dtoprom-min-gn.w
Compiling vta2\v-dtovol-min-gn.w
Compiling vta2\v-facade.w
Compiling vta2\v-faccre-ade.w
Compiling vta2\v-faccre.w
Compiling vta2\v-facman-copia.w
Compiling vta2\v-facman-cred.w
Compiling vta2\v-facman-utilex.w
Compiling vta2\v-facman.w
Compiling vta2\v-factura-cred-ade.w
Compiling vta2\v-factura-cred.w
* AVISO- palabra TRANSACTION dentro de una transacción actual. (214)
Compiling vta2\v-gn-ven.w
Compiling vta2\v-guias-manuales-valesutilex.w
Compiling vta2\v-guias-manuales.w
Compiling vta2\v-guirem.w
Compiling vta2\v-lima-dtoprom.w
Compiling vta2\v-lima-dtovol.w
Compiling vta2\v-locales.w
Compiling vta2\v-mant-clientes-ventas-copia.w
Compiling vta2\v-mant-clientes-ventas.w
Compiling vta2\v-marco-dtovol.w
Compiling vta2\v-orddes.w
** Variable o nombre de propiedad duplicado --LocalCounter. (218)
** d:\newsie\on_in_co\APLIC\lib\lock.i No se entiende línea 66. (196)
Compiling vta2\v-ordenconsolidada.w
Compiling vta2\v-ordenes-cred.w
Compiling vta2\v-pedido-01.w
Compiling vta2\v-pedido-cont.w
** Nombre de campo o variable desconocido - x-articulo-ICBPER. (201)
** d:\newsie\on_in_co\APLIC\vta2\graba-totales-cotizacion-cred.i No se entiende línea 118. (198)
Compiling vta2\v-pedido-cred-01.w
** Nombre de campo o variable desconocido - x-articulo-ICBPER. (201)
** d:\newsie\on_in_co\APLIC\vta2\graba-totales-cotizacion-cred.i No se entiende línea 118. (198)
Compiling vta2\v-pedido-cred-01a.w
** Nombre de campo o variable desconocido - x-articulo-ICBPER. (201)
** d:\newsie\on_in_co\APLIC\vta2\graba-totales-cotizacion-cred.i No se entiende línea 118. (198)
Compiling vta2\v-pedido-cred.w
** Nombre de campo o variable desconocido - x-articulo-ICBPER. (201)
** d:\newsie\on_in_co\APLIC\vta2\graba-totales-cotizacion-cred.i No se entiende línea 118. (198)
Compiling vta2\v-pedido-credito.w
Compiling vta2\v-pedido.w
Compiling vta2\v-pedmos-may.w
Compiling vta2\v-pedmos-min-01.w
Compiling vta2\v-pedmos-min.w
Compiling vta2\v-pedmos-utilex.w
Compiling vta2\v-pedvit-min-01.w
Compiling vta2\v-pre-cotizacion-expo-v1.w
* AVISO- palabra TRANSACTION dentro de una transacción actual. (214)
Compiling vta2\v-precotizacion-expo.w
Compiling vta2\v-preped-min.w
Compiling vta2\V-prom-cruzada.w
Compiling vta2\v-rangosterceros.w
Compiling vta2\v-totales.w
Compiling vta2\v-utilex-cd.w
Compiling vta2\v-utilex-dtoprom.w
Compiling vta2\V-utilex-dtovol.w
Compiling vta2\v-vtacmatriz-02.w
Compiling vta2\v-vtacmatriz.w
Compiling vta2\v-xdivision-dtoprom.w
Compiling vta2\v-xdivision-dtovol.w
Compiling vta2\vautclfcli.w
Compiling vta2\vcotgralcredmayoristav2.w
** Nombre de campo o variable desconocido - x-articulo-ICBPER. (201)
** d:\newsie\on_in_co\APLIC\vta2\graba-totales-cotizacion-cred.i No se entiende línea 118. (198)
Compiling vta2\vcotgralcredmayoristav21.w
Nombre de tabla desconocido o ambiguo OpenCPedidos (545)
** d:\newsie\on_in_co\APLIC\vta2\vcotgralcredmayoristav21.w No se entiende línea 4649. (196)
Compiling vta2\vcotgralcredmayoristav22.w
** Nombre de campo o variable desconocido - x-articulo-ICBPER. (201)
** d:\newsie\on_in_co\APLIC\vta2\graba-totales-cotizacion-cred.i No se entiende línea 118. (198)
Compiling vta2\vcotgralcredmayoristav23-borrar.w
** Nombre de campo o variable desconocido - x-articulo-ICBPER. (201)
** d:\newsie\on_in_co\APLIC\vta2\graba-totales-cotizacion-cred.i No se entiende línea 118. (198)
Compiling vta2\vcotgralcredmayoristav23.w
Compiling vta2\vcotgralcredmayoristav3.w
Compiling vta2\vcotgralcredmaysupervisor.w
** Nombre de campo o variable desconocido - x-articulo-ICBPER. (201)
** d:\newsie\on_in_co\APLIC\vta2\graba-totales-cotizacion-cred.i No se entiende línea 118. (198)
Compiling vta2\vcotizacioncreditomay.w
** Nombre de campo o variable desconocido - x-articulo-ICBPER. (201)
** d:\newsie\on_in_co\APLIC\vta2\graba-totales-cotizacion-cred.i No se entiende línea 118. (198)
Compiling vta2\vcotizacionexpolibreria.w
** Nombre de campo o variable desconocido - x-articulo-ICBPER. (201)
** d:\newsie\on_in_co\APLIC\vta2\graba-totales-cotizacion-cred.i No se entiende línea 118. (198)
Compiling vta2\vcotizaciontablet.w
Compiling vta2\vdctopromocional.w
Compiling vta2\vdctoprovinciapromo3ros.w
Compiling vta2\vdctoprovinciapromopropios.w
Compiling vta2\vdctoxvolumen.w
Compiling vta2\vdctoxvolxsubfam.w
Compiling vta2\vdctxvolacuxsaldos-01.w
Compiling vta2\vdctxvolxdivxlinea.w
Compiling vta2\vdespachocreditomay.w
Compiling vta2\vencarteutilex.w
Compiling vta2\vexpodtoxvolxsal-01.w
Compiling vta2\vhojacalculo.w
** Nombre de campo o variable desconocido - x-articulo-ICBPER. (201)
** d:\newsie\on_in_co\APLIC\vta2\graba-totales-cotizacion-cred.i No se entiende línea 118. (198)
Compiling vta2\vlistacontratomarco.w
Compiling vta2\vlistadeprecios.w
Compiling vta2\vlistaexpodctoprom.w
Compiling vta2\vlistaporcontratos.w
Compiling vta2\vnotcredutilex-le.w
Compiling vta2\vnotcredutilex.w
Compiling vta2\vnotcredutilexa.w
Compiling vta2\vodconsolidada.w
** Nombre de campo o variable desconocido - x-articulo-ICBPER. (201)
** d:\newsie\on_in_co\APLIC\vta2\graba-totales-cotizacion-cred.i No se entiende línea 118. (198)
Compiling vta2\vpedcontadomarket.w
Compiling vta2\vpedcontadomarketv2.w
Compiling vta2\vpedcreditomarketv2.w
** Nombre de campo o variable desconocido - x-articulo-ICBPER. (201)
** d:\newsie\on_in_co\APLIC\vta2\graba-totales-cotizacion-cred.i No se entiende línea 118. (198)
Compiling vta2\vpedidocontadomay-02.w
Compiling vta2\vpedidocontadomay-v2.w
Compiling vta2\vpedidocontadomay.w
Compiling vta2\vpedidocreditomay.w
Compiling vta2\vpedidocreditomayv2.w
** Nombre de campo o variable desconocido - x-articulo-ICBPER. (201)
** d:\newsie\on_in_co\APLIC\vta2\graba-totales-cotizacion-cred.i No se entiende línea 118. (198)
Compiling vta2\vpedidocreditomayv21.w
** Nombre de campo o variable desconocido - x-articulo-ICBPER. (201)
** d:\newsie\on_in_co\APLIC\vta2\graba-totales-cotizacion-cred.i No se entiende línea 118. (198)
Compiling vta2\vpedidocreditomayv3.w
** Nombre de campo o variable desconocido - x-articulo-ICBPER. (201)
** d:\newsie\on_in_co\APLIC\vta2\graba-totales-cotizacion-cred.i No se entiende línea 118. (198)
Compiling vta2\vpedidotablet.w
** Variable o nombre de propiedad duplicado --hProc. (218)
** d:\newsie\on_in_co\APLIC\vta2\vpedidotablet.w No se entiende línea 1545. (196)
Compiling vta2\vpedidotiendasutilex.w
** Nombre de campo o variable desconocido - x-articulo-ICBPER. (201)
** d:\newsie\on_in_co\APLIC\vta2\graba-totales-pedido-utilex.i No se entiende línea 122. (198)
Compiling vta2\vpedidotiendasutilexv2.w
** Nombre de campo o variable desconocido - x-articulo-ICBPER. (201)
** d:\newsie\on_in_co\APLIC\vta2\graba-totales-pedido-utilex.i No se entiende línea 122. (198)
Compiling vta2\vpedidotiendasutilexv3.w
** Nombre de campo o variable desconocido - x-articulo-ICBPER. (201)
** d:\newsie\on_in_co\APLIC\vta2\graba-totales-pedido-utilex.i No se entiende línea 122. (198)
Compiling vta2\vpreconsolidaod.w
Compiling vta2\vpreconsolidaodv2.w
Compiling vta2\vprecotizacioncreditomay.w
Compiling vta2\vprecotizacioncreditomayv2.w
Compiling vta2\vprecotizacioncreditomayv3.w
* AVISO- palabra TRANSACTION dentro de una transacción actual. (214)
Compiling vta2\vprecotizacioncreditomayv31.w
* AVISO- palabra TRANSACTION dentro de una transacción actual. (214)
Compiling vta2\vprepedcontadomarket.w
** Nombre de campo o variable desconocido - x-articulo-ICBPER. (201)
** d:\newsie\on_in_co\APLIC\vta2\graba-totales-pedido-utilex.i No se entiende línea 122. (198)
Compiling vta2\vprepedidotiendasutilex.w
Compiling vta2\vpromcruzada.w
Compiling vta2\vpromociones-01.w
Compiling vta2\vpromociones-02.w
Compiling vta2\vpromociones-03.w
Compiling vta2\vpromociones-04.w
Compiling vta2\vpromociones-05.w
Compiling vta2\vpromociones.w
Compiling vta2\vutilexdctoprom-02.w
Compiling vta2\vutilexdctoxvol-02-eliminar.w
Compiling vta2\vutilexdctoxvol-02.w
Compiling vta2\w-actualiza-fecha-entrega-cot.w
Compiling vta2\w-agrupacion-cond-vta.w
Compiling vta2\w-ajuslistamin-gn.w
Compiling vta2\w-ajuslistamin.w
Compiling vta2\w-anaqueles.w
Compiling vta2\w-anaquelesv2.w
Compiling vta2\w-aplicacion-fac-ade.w
Compiling vta2\w-aprobar-le.w
Compiling vta2\w-aprocot.w
Compiling vta2\w-aprped-1.w
Compiling vta2\w-aprped-1a.w
Compiling vta2\w-aprped-1ce.w
Compiling vta2\w-aprped-2.w
Compiling vta2\w-aprped-3.w
Compiling vta2\w-aprped-3a.w
Compiling vta2\w-aprped.w
Compiling vta2\w-aprueba-cot.w
Compiling vta2\w-art-promo-vamos-al-mundial.w
Compiling vta2\w-asigna-sub-ordenes.w
Compiling vta2\w-borra-dcto-por-vol.w
Compiling vta2\w-busca-od-producto.w
Compiling vta2\w-calculo-precios-lima-v01.w
Compiling vta2\w-calculo-precios-lima.w
Compiling vta2\w-canastas.w
Compiling vta2\w-carga-pedidos-b2b.w
Compiling vta2\w-chqingtransf.w
Compiling vta2\w-chqorden.w
Compiling vta2\w-chqotr.w
Compiling vta2\w-chqtranfs.w
Compiling vta2\w-ciecot.w
Compiling vta2\w-cieord.w
Compiling vta2\w-cieped.w
Compiling vta2\w-cjetckfac.w
Compiling vta2\w-cl-excepciones.w
Compiling vta2\w-clasificacion-cliente-linea-prod.w
Compiling vta2\w-clie-excepcional.w
Compiling vta2\w-clienopercep.w
Compiling vta2\w-cliente-nuevo-registro.w
Compiling vta2\w-clientes-configuracion.w
Compiling vta2\w-clientes-expo.w
Compiling vta2\w-clientes-vip-continental.w
Compiling vta2\W-clivalutilex.w
Compiling vta2\w-cmpbte-01.w
Compiling vta2\w-cmpbte-01v2.w
Compiling vta2\w-cmpbte-01v3-bcp.w
Compiling vta2\w-cmpbte-01v3.w
Compiling vta2\w-cmpbte-2.w
Compiling vta2\w-cmpbte-expo.w
Compiling vta2\W-CMPBTE.W
Compiling vta2\W-CMPBTE3.w
Compiling vta2\w-cmptes-emitidos-utilex-encartes.w
Compiling vta2\w-comi-config.w
Compiling vta2\w-comi-convt.w
Compiling vta2\w-comi-repo.w
Compiling vta2\w-concepto-perfil-aprob-pnc.w
Compiling vta2\w-concepto-tipo-dscto.w
Compiling vta2\w-cond-vta-agrupacion.w
Compiling vta2\w-conf-impresion-precios-utilex-.w
Compiling vta2\w-conf-impresion-precios-utilex.w
Compiling vta2\w-confgmatriz-02.w
Compiling vta2\w-confgmatriz.w
Compiling vta2\w-cons-picking-ordenes-subordenes.w
Compiling vta2\w-consolida-od-otr.w
Compiling vta2\w-consolida-ods.w
Compiling vta2\w-consolida-ped-otr.w
Compiling vta2\w-consolidado-cot-x-atender.w
Compiling vta2\w-consprecios.w
Compiling vta2\w-consulta-picking-suborden.w
Compiling vta2\w-consulta-pickings.w
Compiling vta2\w-control-tareas-v2.w
Compiling vta2\w-control-tareas.w
Compiling vta2\w-corrfchfac.w
Compiling vta2\w-cotiza-inst.w
Compiling vta2\w-cotiza-may-p2.w
Compiling vta2\w-cotiza-may.w
Compiling vta2\w-cotiza-min-01.w
Compiling vta2\w-cotiza-min-a.w
Compiling vta2\w-cotiza-min.w
Compiling vta2\w-cotizacion-consulta.w
Compiling vta2\w-cotizacion-cont.w
Compiling vta2\w-cotizacion-cred-01.w
Compiling vta2\w-cotizacion-cred-dcto-v2.w
Compiling vta2\w-cotizacion-cred-dcto-v21.w
Compiling vta2\w-cotizacion-cred-dcto-v3.w
Compiling vta2\w-cotizacion-cred-dcto.w
Compiling vta2\w-cotizacion-cred.w
Compiling vta2\w-cotizacion-dcto-expo-prov.w
Compiling vta2\w-cotizacion-expo-01.w
Compiling vta2\w-cotizacion-expo-prov.w
Compiling vta2\w-cotizacion-expo-v1.w
Compiling vta2\w-cotizacion-expo.w
Compiling vta2\w-cotmos-may.w
Compiling vta2\w-cyc-config-linea-valida.w
Compiling vta2\w-desconsolida-odc.w
Compiling vta2\w-desconsolida-ods.w
Compiling vta2\w-detprod.w
Compiling vta2\w-devocanasta.w
Compiling vta2\w-diferencia-precio-grupal-header.w
Compiling vta2\w-dscto-tanto-x-uno.w
Compiling vta2\w-dsctopromocional-consulta - copia.w
Compiling vta2\w-dsctopromocional-consulta-borrar.w
Compiling vta2\w-dsctopromocional-consulta.w
Compiling vta2\w-dtocot-1-1.w
Compiling vta2\w-dtocot.w
Compiling vta2\w-dtocotmin.w
Compiling vta2\w-dtopedmin.w
Compiling vta2\w-dtopedmos-may.w
Compiling vta2\w-expinvitados.w
Compiling vta2\w-expo-cot-otr.w
Compiling vta2\w-expregvisita.w
Compiling vta2\w-facade.w
Compiling vta2\w-faccre-ade.w
Compiling vta2\w-faccre.w
Compiling vta2\w-facman-cred.w
Compiling vta2\w-facman-utilex.w
Compiling vta2\w-facman.w
Compiling vta2\w-factura-cred-ade.w
Compiling vta2\w-factura-cred-valesutilex.w
Compiling vta2\w-factura-cred.w
Compiling vta2\w-fraccionar-od.w
Compiling vta2\w-genera-factura-cred-01.w
Compiling vta2\w-genera-factura-cred-02-valesutilex.w
Compiling vta2\w-genera-factura-cred-02.w
Compiling vta2\w-genera-factura-cred.w
Compiling vta2\w-gengui.w
Compiling vta2\w-gn-tcvtamin.w
Compiling vta2\w-grupo-giro.w
Compiling vta2\w-guias-automaticas.w
Compiling vta2\w-guias-manuales-valesutilex.w
Compiling vta2\w-guias-manuales.w
Compiling vta2\w-guias.w
Compiling vta2\w-guirem.w
Compiling vta2\w-impod.w
Compiling vta2\w-import-clientes-expo.w
Compiling vta2\w-importar-cot-nextel.w
** Nombre de campo o variable desconocido - x-articulo-ICBPER. (201)
** d:\newsie\on_in_co\APLIC\vta2\graba-totales-cotizacion-cred.i No se entiende línea 118. (198)
Compiling vta2\w-impresion-picking-suborden.w
Compiling vta2\w-ingprecotizacion.w
Compiling vta2\w-listado-picking-od.w
Compiling vta2\w-listado-picking-odv2.w
Compiling vta2\w-listado-picking-ordenes-otr.w
Compiling vta2\w-listado-picking-ordenes-subordenes-v2 - copia.w
Compiling vta2\w-listado-picking-ordenes-subordenes-v2.w
Compiling vta2\w-listado-picking-ordenes-subordenes.w
Compiling vta2\w-listado-picking-ordenes-v2.w
Compiling vta2\w-listado-picking-ordenes-v3.w
Compiling vta2\w-listado-picking-ordenes-v3x.w
Compiling vta2\w-listado-picking-ordenes.w
Compiling vta2\w-listado-picking-otr.w
Compiling vta2\w-listado-picking-suborden-cons.w
Compiling vta2\w-listado-picking-transf.w
Compiling vta2\w-listado-picking-transfv02.w
Compiling vta2\w-listado-prepicking-od.w
Compiling vta2\w-listado-prepicking-odc.w
Compiling vta2\w-listado-prepicking-ordenes-v2.w
Compiling vta2\w-listado-prepicking-ordenes-v3.w
Compiling vta2\w-listado-prepicking-ordenes-v3x.w
Compiling vta2\w-listado-prepicking-ordenes.w
Compiling vta2\w-listado-prepicking-transf.w
Compiling vta2\w-listainsti-gn.w
Compiling vta2\w-listamaydiv.w
Compiling vta2\w-listamin-gn-01.w
Compiling vta2\w-listamin-gn.w
Compiling vta2\w-locales.w
Compiling vta2\w-lp-configuracion.w
Compiling vta2\w-lpn-supermercado.w
Compiling vta2\w-mant-clientes-ventas.w
Compiling vta2\w-nc-dscto-err.w
Compiling vta2\w-niubiz-configuracion.w
Compiling vta2\w-odpend.w
Compiling vta2\w-orddes-may-mos.w
Compiling vta2\w-orddes.w
Compiling vta2\w-ordenconsolidada.w
Compiling vta2\w-ordenes-cred.w
Compiling vta2\w-pedido-01.w
Compiling vta2\w-pedido-cont.w
Compiling vta2\w-pedido-cred-01.w
Compiling vta2\w-pedido-cred-01a.w
Compiling vta2\w-pedido-cred.w
Compiling vta2\w-pedido-creditos.w
Compiling vta2\w-pedido-eventos.w
Compiling vta2\w-pedido-utilex.w
Compiling vta2\w-pedido.w
Compiling vta2\w-pedmos-may-01.w
Compiling vta2\w-pedmos-may.w
Compiling vta2\w-pedmos-min-01.w
Compiling vta2\w-pedmos-min.w
Compiling vta2\w-pedvit-min-01.w
Compiling vta2\w-perfil-aprobadores.w
Compiling vta2\w-picking-od.w
Compiling vta2\w-picking-ordenes.w
Compiling vta2\w-picking-ordenesv2.w
Compiling vta2\w-picking-sub-ordenes-v2.w
Compiling vta2\w-picking-sub-ordenes.w
Compiling vta2\w-picking-transf.w
Compiling vta2\w-pickorden.w
Compiling vta2\w-pickordenv2.w
Compiling vta2\w-pre-cotizacion-expo-v1.w
Compiling vta2\w-pre-picking-estado.w
Compiling vta2\w-precios-variacion.w
Compiling vta2\w-precotizacion-expo.w
Compiling vta2\w-preped-min.w
Compiling vta2\w-prepicking-ordenes-v2.w
Compiling vta2\w-prepicking-ordenes.w
Compiling vta2\w-prepicking-otr.w
Compiling vta2\w-prepicking-tranfs.w
Compiling vta2\w-programacion-consulta-articulos.w
Compiling vta2\w-programacion-consulta-historia.w
Compiling vta2\w-programacion-consulta.w
Compiling vta2\w-programacion-parametros.w
Compiling vta2\w-programacion-reposicion.w
Compiling vta2\w-prom-cruzada.w
Compiling vta2\w-promdiv.w
Compiling vta2\w-prueba.w
Compiling vta2\w-rangosterceros.w
Compiling vta2\w-rbte-calculo.w
Compiling vta2\w-rbte-cliente-carga-masiva.w
Compiling vta2\w-rbte-cliente.w
Compiling vta2\w-rbte-conceptos-exonerados.w
Compiling vta2\w-rbte-cond-vtas-exonerados.w
Compiling vta2\w-rbte-config-evento-movimiento.w
Compiling vta2\w-rbte-config-fecha-movimiento.w
Compiling vta2\w-rbte-config-linea-generar-nc.w
Compiling vta2\w-rbte-config-linea-movimiento.w
Compiling vta2\w-rbte-config-premio.w
Compiling vta2\w-rbte-conformidad-metas.w
Compiling vta2\w-reasigna-cot.w
Compiling vta2\w-reasigna-divi-cotizaciones.w
Compiling vta2\w-recalcular-cotizaciones-config.w
Compiling vta2\w-recalcular-cotizaciones.w
Compiling vta2\w-recepcanasta.w
Compiling vta2\w-recepcanastav2.w
Compiling vta2\w-reppick-od.w
Compiling vta2\w-reprog-pedidos.w
Compiling vta2\w-resumen-cotizaciones.w
Compiling vta2\w-seguimiento-encartes.w
Compiling vta2\w-tipo-descuentos-hdr.w
Compiling vta2\w-tipo-descuentos.w
Compiling vta2\w-tipo-dscto-campana-factor-ppago.w
Compiling vta2\w-tipo-dscto-campanas.w
Compiling vta2\w-tipo-dscto-lineas-sublineas.w
Compiling vta2\w-tolerancia-vctos.w
Compiling vta2\w-tpocmb-listamingn.w
Compiling vta2\w-transf-rapida-otr.w
Compiling vta2\w-utilex-cd.w
Compiling vta2\w-valesutilex-activacion.w
Compiling vta2\w-valesutilex-doctos-v2.w
Compiling vta2\w-valesutilex-doctos.w
Compiling vta2\w-valesutilex-entregas.w
Compiling vta2\w-valesutilex-imprimir-v2.w
Compiling vta2\w-valesutilex-v2.w
Compiling vta2\w-valesutilex.w
Compiling vta2\w-validaciones-en-sunat.w
Compiling vta2\w-vamos-al-mundial-excel.w
Compiling vta2\w-ventas-rpt.w
Compiling vta2\w-ventasxencarte.w
Compiling vta2\w-vinetas-precios-mayorista - copia.w
Compiling vta2\w-vinetas-precios-mayorista.w
Compiling vta2\w-vipterceros.w
Compiling vta2\w-vtacmatriz.w
Compiling vta2\wanularordencred-v2.w
Compiling vta2\wanularordencred.w
Compiling vta2\waprobaciongeneral.w
Compiling vta2\wasignaalmdistr.w
Compiling vta2\wasignaalmdistrv2.w
Compiling vta2\wasignaalmdistrv21.w
Compiling vta2\wasignaalmdistrv3-borrarlo.w
Compiling vta2\wautclfcli.w
Compiling vta2\wcanjeadelxnc-01.w
Compiling vta2\wcanjeadelxnc-copia.w
Compiling vta2\wcanjeadelxnc-v2.w
Compiling vta2\wcanjeadelxnc.w
Compiling vta2\wcaprobaciongeneral.w
Compiling vta2\wcargadtopromgeneralv2.w
Compiling vta2\wcargarlistaterceros.w
Compiling vta2\wcierredecotizacion.w
Compiling vta2\wclfcli.w
Compiling vta2\wcodconsolidada.w
Compiling vta2\wconcotcred-v2.w
Compiling vta2\wconcotcred-v3.w
Compiling vta2\wConCotCred.w
Compiling vta2\wconcotcredv2-1.w
Compiling vta2\wconcotcredv2-2.w
Compiling vta2\wconcotcredv2.w
Compiling vta2\wconpedcred.w
Compiling vta2\wcotcanalmoderno.w
Compiling vta2\wcotcontratomarco.w
Compiling vta2\wcotgralcredmayoristaexpo.w
Compiling vta2\wcotgralcredmayoristav2.w
Compiling vta2\wcotgralcredmayoristav21.w
Compiling vta2\wcotgralcredmayoristav22.w
Compiling vta2\wcotgralcredmayoristav23-borrar.w
Compiling vta2\wcotgralcredmayoristav23.w
Compiling vta2\wcotgralcredmayoristav3.w
Compiling vta2\wcotgralcredmaysupervisor.w
Compiling vta2\wcotgralexpo2018.w
Compiling vta2\wcotizacioncreditomay.w
Compiling vta2\wcotizacionexpolibreria-01.w
Compiling vta2\wcotizacionexpolibreria.w
Compiling vta2\wcotizaciontablet.w
Compiling vta2\wcotmostrador.w
Compiling vta2\wdctovolumengeneralv3-eliminar.w
Compiling vta2\wdctovolumengeneralv3.w
Compiling vta2\wdctxvolacuxsaldos.w
Compiling vta2\wdctxvolxdivxlinea.w
Compiling vta2\wdespachocreditomay.w
Compiling vta2\wdigitaprecotizacion.w
Compiling vta2\wdtoprommayoristageneralv02.w
Compiling vta2\wdtoprommayoristageneralv03.w
Compiling vta2\wdtoprommayoristageneralv031.w
** Nombre de campo o variable desconocido - txtCodMat. (201)
** d:\newsie\on_in_co\APLIC\vta2\wutilexdctoprom-03.i No se entiende línea 105. (196)
Compiling vta2\wencarteutilex.w
Compiling vta2\wexpodtoxvolxsal.w
Compiling vta2\wgenera-fai-credito.w
Compiling vta2\wgeneracioncomprobantes-valesutilex.w
Compiling vta2\wgeneracioncomprobantes.w
Compiling vta2\wgeneracomprobantexbulto.w
Compiling vta2\wgeneracomprobantexbultovxxx.w
Compiling vta2\wgenerafacturacredito.w
Compiling vta2\wgenerafacxfai - copia.w
Compiling vta2\wgenerafacxfai.w
Compiling vta2\whojadecalculo.w
Compiling vta2\wimprimepercepciones.w
Compiling vta2\wimprimirfactcred.w
Compiling vta2\wlistacontratomarco-copia.w
Compiling vta2\wlistacontratomarco.w
Compiling vta2\wlistadeprecios.w
Compiling vta2\wlistaexpoxdivision.w
Compiling vta2\wlistamayoristageneral-copia.w
Compiling vta2\wlistamayoristageneral.w
Compiling vta2\wlistamayoristageneralv02.w
Compiling vta2\wlistamayoristageneralv03.w
Compiling vta2\wlistamayoristaxdivision.w
Compiling vta2\wlistaminoristageneral.w
Compiling vta2\wlistaporcontratos.w
Compiling vta2\wlistaremates.w
Compiling vta2\wlistaterceros.w
Compiling vta2\wnotcredutilex-le.w
Compiling vta2\wnotcredutilex.w
Compiling vta2\wodconsolidada.w
** Nombre de campo o variable desconocido - BUTTON-Despachar. (201)
** d:\newsie\on_in_co\APLIC\vta2\wodconsolidada.w No se entiende línea 558. (196)
Compiling vta2\wpedcontadomarket.w
Compiling vta2\wpedcontadomarketv2.w
Compiling vta2\wpedcreditomarketv2.w
Compiling vta2\wpedidocontadomay-02.w
Compiling vta2\wpedidocontadomay-v2.w
Compiling vta2\wpedidocontadomay.w
Compiling vta2\wpedidocreditomay.w
Compiling vta2\wpedidocreditomayv2.w
Compiling vta2\wpedidocreditomayv21.w
Compiling vta2\wpedidocreditomayv3.w
Compiling vta2\wpedidotablet.w
Compiling vta2\wpedidotiendasutilex.w
Compiling vta2\wpedidotiendasutilexv2.w
Compiling vta2\wpedidotiendasutilexv3.w
Compiling vta2\wpreconsolidaod.w
Compiling vta2\wpreconsolidaodv2.w
Compiling vta2\wprecotizacioncreditomay.w
Compiling vta2\wprecotizacioncreditomayv2.w
Compiling vta2\wprecotizacioncreditomayv3.w
Compiling vta2\wprecotizacioncreditomayv31.w
Compiling vta2\wprepedcontadomarket.w
Compiling vta2\wprepedidotiendasutilex.w
Compiling vta2\wpromociones-prom.w
Compiling vta2\wpromociones.w
Compiling vta2\wprovcliel1.w
Compiling vta2\wprueba.w
Compiling vta2\wrefacturacion.w
Compiling vta2\wtiendamaydtoxvolxsal.w
Compiling vta2\wuservslineaprecios.w
Compiling vta2\wuservslineaventas.w
Compiling vta2\wutilexdctoprom-02-copia.w
Tabla desconocida o ambigua E-MATG (725)
** d:\newsie\on_in_co\APLIC\vta2\wutilexdctoprom-02.i No se entiende línea 22. (196)
** Nombre de campo o variable desconocido - x-Margen. (201)
** d:\newsie\on_in_co\APLIC\vta2\wutilexdctoprom-02.i No se entiende línea 29. (196)
Compiling vta2\wutilexdctoprom-02.w
Compiling vta2\wutilexdctoprom-v2.w
Compiling vta2\wutilexdctoprom-v3.w
Compiling vta2\wutilexdctoprom.w
Compiling vta2\wutilexdctopromv03.w
Compiling vta2\wutilexdctoxvol-02.w
Tabla desconocida o ambigua A-MATG (725)
** d:\newsie\on_in_co\APLIC\vta2\wutilexdctoxvol-02.i No se entiende línea 22. (196)
** Nombre de campo o variable desconocido - hProc. (201)
** d:\newsie\on_in_co\APLIC\vta2\wutilexdctoxvol-02.i No se entiende línea 36. (196)
Compiling vta2\wutilexdctoxvol-v2.w
Compiling vta2\wutilexdctoxvol.w
Compiling vta2\wutilexprecios - copia.w
Compiling vta2\wutilexprecios-02 - copia.w
Compiling vta2\wutilexprecios-02-copia.w
Compiling vta2\wutilexprecios-02-v2.w
Compiling vta2\wutilexprecios-02.w
Compiling vta2\wutilexprecios-v2.w
Compiling vta2\wutilexprecios.w
Compiling vta2\wvalidacioncot.w
16:34:29 Looking for vtagn\*.p in d:\newsie\on_in_co\APLIC
Compiling vtagn\actualiza-cotizacion.p
Compiling vtagn\ACT_ALM-04.P
Compiling vtagn\act_alm_prom_bic.P
Compiling vtagn\conecta-estadisticas.p
Compiling vtagn\del_alm_prom_bic.P
Compiling vtagn\desconecta-estadisticas.p
Compiling vtagn\DES_ALM-04.P
Compiling vtagn\edenred-01.p
Compiling vtagn\flete-unitario-general-v01.p
Compiling vtagn\gen-cot-eventos-library.p
Compiling vtagn\gen-cot-grupos-library.p
Compiling vtagn\gen-nota-ped-library.p
Compiling vtagn\genera-cotizacion-expo-v01.p
Compiling vtagn\genera-cotizacion-unificada-v2.p
Compiling vtagn\genera-cotizacion-unificada.p
Compiling vtagn\GLOBAL.P
Compiling vtagn\impresion-cot-pdf-sunat.p
Compiling vtagn\impresion-cot-pdf.p
Compiling vtagn\impresion-ped-laser.p
Compiling vtagn\p-actualiza-cotizacion.p
Compiling vtagn\p-actualiza-pedido.p
Compiling vtagn\p-alm-despacho.p
Compiling vtagn\p-aplica-factura-adelantada.p
Compiling vtagn\p-cantidad-minima.p
Compiling vtagn\p-cantidad-sugerida-pco.p
Compiling vtagn\p-cantidad-sugerida-V2 - copia.p
Compiling vtagn\p-cantidad-sugerida-V2.p
Compiling vtagn\p-cantidad-sugerida-v2a.p
Compiling vtagn\p-cantidad-sugerida.p
Compiling vtagn\p-clie-expo.p
Compiling vtagn\p-codbarra-ean14.p
Compiling vtagn\p-codbrr-01.p
Compiling vtagn\p-codbrr-02.p
Compiling vtagn\p-comision-por-producto.p
Compiling vtagn\p-condicion-venta-valido.p
Compiling vtagn\p-control-descuentos-fac.p
Nombre de tabla desconocido o ambiguo VtaCDctos (545)
** d:\newsie\on_in_co\APLIC\vtagn\p-control-descuentos-fac.p No se entiende línea 9. (196)
Compiling vtagn\p-control-descuentos.p
Tabla desconocida o ambigua Vtaddctos (725)
** d:\newsie\on_in_co\APLIC\vtagn\p-control-descuentos.p No se entiende línea 38. (196)
Compiling vtagn\p-dscto-max.p
Compiling vtagn\p-extorna-factura-adelantada.p
Compiling vtagn\p-faccpedi-flgest.p
Compiling vtagn\p-fmapgo-01.p
Compiling vtagn\p-fmapgo-valido-lineas.p
Compiling vtagn\p-fmapgo-valido.p
Compiling vtagn\p-genera-npc-por-grupos.p
Compiling vtagn\p-genera-orden.p
Compiling vtagn\p-genera-pedido.p
Compiling vtagn\p-gn-clie-01.p
Compiling vtagn\p-imprime-pedido.p
Compiling vtagn\p-linea-de-credito.P
Compiling vtagn\p-linea-de-credito01.P
Compiling vtagn\p-margen-utilidad-marco.p
Compiling vtagn\p-margen-utilidad-por-cotizacion.p
Compiling vtagn\p-margen-utilidad-total.p
Compiling vtagn\p-margen-utilidad-v11.p
Compiling vtagn\p-margen-utilidad-v2.p
Compiling vtagn\p-margen-utilidad.p
Compiling vtagn\p-pedresdiv.p
Compiling vtagn\p-promocion-2x1.p
Compiling vtagn\p-promocion-general.p
Compiling vtagn\p-semaforo-total.p
Compiling vtagn\p-semaforo.p
Compiling vtagn\p-stkact-01.p
Compiling vtagn\p-stock-comprometido.p
Compiling vtagn\p-tpoped.p
Compiling vtagn\p-verifica-lnegra.p
Compiling vtagn\p-vtacdocu-flgest.p
Compiling vtagn\precio-venta-general-v01.p
Compiling vtagn\precioconta.p
Compiling vtagn\PrecioExpolibreria.p
Compiling vtagn\preciolistamayorista-1.p
Compiling vtagn\preciolistamayorista-2a.p
Compiling vtagn\preciolistamayorista-backup.p
Compiling vtagn\preciolistamayorista.p
Compiling vtagn\preciolistaminorista-1.p
Compiling vtagn\preciolistaminorista.p
Compiling vtagn\PrecioMayorista.p
Compiling vtagn\PrecioVenta.p
Compiling vtagn\PrecioVentaMayorContado.p
Compiling vtagn\PrecioVentaMayorCredito.p
Compiling vtagn\promo-faber-feb-2017.p
Compiling vtagn\pTracking-04.p
Compiling vtagn\puntos-vamos-mundial.p
Compiling vtagn\r-promociones-04.p
Compiling vtagn\r-tck-ped-market-sunat.p
Compiling vtagn\r-tickets.p
Compiling vtagn\regalos-bic-ped.p
Compiling vtagn\regalos-bic-pem.p
Compiling vtagn\regalos-bic.p
Compiling vtagn\stock-comprometido-expo.p
Compiling vtagn\stock-comprometido.p
Compiling vtagn\ventas-library - copia (2).p
Compiling vtagn\ventas-library - copia.p
Compiling vtagn\ventas-library.p
Compiling vtagn\ventas-promedio-01.p
Nombre de Base de Datos estavtas desconocida. (855)
Nombre de Base de Datos estavtas desconocida. (855)
Tabla desconocida o ambigua EvtArtDv (725)
** d:\newsie\on_in_co\APLIC\vtagn\ventas-promedio-01.p No se entiende línea 171. (196)
Compiling vtagn\xxx.p
Tabla desconocida o ambigua PEDI (725)
** d:\newsie\on_in_co\APLIC\vtagn\xxx.p No se entiende línea 50. (196)
16:34:56 Looking for vtagn\*.w in d:\newsie\on_in_co\APLIC
Compiling vtagn\b-almmmatg-01.w
Compiling vtagn\b-anexo-fac-bcp.w
Compiling vtagn\b-anular-pedidos-det.w
Compiling vtagn\b-anular-pedidos.w
Compiling vtagn\b-aprobar-nota-de-pedido.w
Compiling vtagn\b-atenc-parcial.w
Compiling vtagn\b-campanas.w
Compiling vtagn\b-cfg-clie-emb-esp-sede.w
Compiling vtagn\b-ciecot.w
Compiling vtagn\b-cieo_d.w
Compiling vtagn\b-cieped.w
Compiling vtagn\b-cli-agrupador.w
Compiling vtagn\b-cli-relacionados.w
Compiling vtagn\b-clientes-activos.w
Compiling vtagn\b-confg-dcto-niveles - copia.w
Compiling vtagn\b-confg-dcto-niveles-divi-linea.w
Compiling vtagn\b-confg-dcto-niveles-jefelineas.w
Compiling vtagn\b-confg-dcto-niveles-linea-jefelineas.w
Compiling vtagn\b-confg-dcto-niveles-linea.w
Compiling vtagn\b-confg-dcto-niveles.w
Compiling vtagn\b-config-divisiones.w
Compiling vtagn\b-consulta-precios-may.w
Compiling vtagn\b-cotcre-01.w
Compiling vtagn\b-cotizacion-general-v2.w
Compiling vtagn\b-cotizacion-sunat.w
Compiling vtagn\b-dcto-eventos.w
Compiling vtagn\b-dsblct.w
Compiling vtagn\b-dscto-despacho-cab.w
Compiling vtagn\b-dscto-despacho-det.w
Compiling vtagn\b-dscto-recojo-cab.w
Compiling vtagn\b-dscto-recojo-det.w
Compiling vtagn\b-dtickets.w
Compiling vtagn\b-ecom-comisiones.w
Compiling vtagn\b-factabla.w
Compiling vtagn\b-factura-por-fais-v2.w
Compiling vtagn\b-factura-por-fais-v3.w
Compiling vtagn\b-factura-por-fais-v4.w
Compiling vtagn\b-factura-por-fais.w
Compiling vtagn\b-ftickets.w
Compiling vtagn\b-gn-divi-01.w
Compiling vtagn\b-grupo-div-lin.w
Compiling vtagn\b-grupo-divi-gg-sem.w
Compiling vtagn\b-grupo-divi-gg.w
Compiling vtagn\b-lista-huancayo.w
Compiling vtagn\b-listacupones.w
Compiling vtagn\b-listainsti.w
Compiling vtagn\b-listamay-e12.w
Compiling vtagn\b-listamay-p2.w
Compiling vtagn\b-listamay.w
Compiling vtagn\b-listamin.w
Compiling vtagn\b-listaremates.w
Compiling vtagn\b-margen-esperado-gg.w
Tabla desconocida o ambigua VtaCDctos (725)
** d:\newsie\on_in_co\APLIC\vtagn\b-margen-esperado-gg.w No se entiende línea 183. (196)
Compiling vtagn\b-margen-utilidad-lineas-v2.w
Compiling vtagn\b-margen-utilidad-lineas.w
Compiling vtagn\b-margen-utilidad-marca.w
Compiling vtagn\b-margen-utilidad-producto-v2.w
Compiling vtagn\b-margen-utilidad-producto.w
Compiling vtagn\b-margen-utilidad-slineas.w
Compiling vtagn\b-matriz-cab.w
Compiling vtagn\b-nomrglin.w
Compiling vtagn\b-nota-de-pedido-v1.w
Compiling vtagn\b-nota-de-pedido-v2.w
Compiling vtagn\b-npc-grupos.w
Compiling vtagn\b-ped-mostrador-sunat.w
Compiling vtagn\b-ped-utilex-sunat.w
Compiling vtagn\b-pedcre-01.w
Compiling vtagn\b-pedcre-02.w
Compiling vtagn\b-pedexp-01.w
Compiling vtagn\b-pedexp-02.w
Compiling vtagn\b-pedido-credito-sunat.w
Compiling vtagn\b-precot-terc-deta-v01.w
Compiling vtagn\b-precot-terc-deta-v02.w
Compiling vtagn\b-precot-terc-prov-v01.w
Compiling vtagn\b-precot-terc-prov-v02.w
Compiling vtagn\b-precotizacion-general-v01.w
Compiling vtagn\b-precotizacion-unificada-v2.w
Compiling vtagn\b-preped-terceros-unificado.w
Compiling vtagn\b-prom-2x1-benef.w
Compiling vtagn\b-prom-2x1-cab.w
Compiling vtagn\b-prom-2x1-param.w
Compiling vtagn\b-rematexalm.w
Compiling vtagn\b-semaforo-margen-util-v2.w
Compiling vtagn\b-semaforo-margen-util.w
Compiling vtagn\b-vigencia-lp-evento.w
Compiling vtagn\b-vtaddocu-01.w
Compiling vtagn\b-vtadtoesp.w
Compiling vtagn\b-vtalnegra-01.w
Compiling vtagn\c-conped.w
Compiling vtagn\c-gn-clie-01.w
Compiling vtagn\c-listpr-01.w
Compiling vtagn\c-listpr-02.w
Compiling vtagn\c-listpr-exp.w
Compiling vtagn\c-promotor-v01.w
Compiling vtagn\c-uniabc.w
Compiling vtagn\c-uniofi-01.w
Compiling vtagn\c-vtaalmdiv-01.w
Compiling vtagn\c-vtacdocu-01.w
Compiling vtagn\c-vtaddocu-01.w
Compiling vtagn\Copia de v-cotizacion-general-v01.w
** Nombre de campo o variable desconocido - x-articulo-ICBPER. (201)
** d:\newsie\on_in_co\APLIC\vta2\graba-totales-cotizacion-cred.i No se entiende línea 118. (198)
Compiling vtagn\Copia de v-precotizacion-general-v01.w
* AVISO- palabra TRANSACTION dentro de una transacción actual. (214)
Compiling vtagn\d-almmmate-01.w
Compiling vtagn\d-almmmate-02-v2.w
Compiling vtagn\d-almmmate-02.w
Compiling vtagn\d-almmmatg-01.w
Compiling vtagn\d-atenc-parcial.w
Compiling vtagn\d-clientes-vip.w
Compiling vtagn\d-dtoprom-insti.w
Compiling vtagn\d-dtoprom-may-p2.w
Compiling vtagn\d-dtoprom-may.w
Compiling vtagn\d-dtoprom-min.w
Compiling vtagn\d-dtovol-may.w
Compiling vtagn\d-dtovol-min.w
Compiling vtagn\d-dtovolmarco.w
Compiling vtagn\d-factabla.w
Compiling vtagn\d-gr-por-fais.w
Compiling vtagn\d-ibc-dif.w
Compiling vtagn\d-ing-clie-vend.w
Compiling vtagn\d-listamay.w
Compiling vtagn\d-marketplace.w
Compiling vtagn\d-matriz-det.w
Compiling vtagn\d-matriz-ventas.w
Compiling vtagn\d-mrgcot-01.w
Compiling vtagn\d-npc-grupos.w
Compiling vtagn\d-precioremate.w
Compiling vtagn\d-precot-propios-v01.w
Compiling vtagn\d-precot-terceros-v01.w
Compiling vtagn\d-precot-terceros-v02.w
Compiling vtagn\d-t-convt-letra.w
Compiling vtagn\d-t-fami-comercial.w
Compiling vtagn\d-tienda-recoge.w
Compiling vtagn\d-vtaddocu-02.w
Compiling vtagn\f-cot-gral-cotrecu.w
Compiling vtagn\f-cot-gral-envio-admin.w
Compiling vtagn\f-cot-gral-excel-provinc.w
Compiling vtagn\f-cot-gral-expo-import.w
Compiling vtagn\f-cot-gral-expo-pag1.w
Compiling vtagn\f-cot-gral-expo.w
Compiling vtagn\f-cot-gral-exporta-a-excel.w
Compiling vtagn\f-cot-gral-exporta-a-pdf.w
Compiling vtagn\f-cot-gral-imp-excel-plantilla.w
Compiling vtagn\f-cot-gral-imp-excel-provi.w
Compiling vtagn\f-cot-gral-imp-le-2016.w
Compiling vtagn\f-cot-gral-imp-market.w
Compiling vtagn\f-cot-gral-imp-ped-excel.w
Compiling vtagn\f-cot-gral-impexc.w
Compiling vtagn\f-cot-gral-le.w
Compiling vtagn\f-cot-gral-matriz-de-ventas.w
Compiling vtagn\f-cot-gral-pag1.w
Compiling vtagn\f-cot-gral-pag2.w
Compiling vtagn\f-cot-gral-sede-cliente.w
Compiling vtagn\f-cot-gral-super-pag2 - copia.w
Compiling vtagn\f-cot-gral-super-pag2.w
Compiling vtagn\f-cot-gral-super.w
Compiling vtagn\f-gen-cot-even.w
Compiling vtagn\f-gen-npc-even.w
Compiling vtagn\f-ing-clie-vend.w
Compiling vtagn\f-npc-gral-expo-pag1.w
Compiling vtagn\f-odv-gral-expo-pag1.w
Compiling vtagn\f-precot-gral-cotmovil.w
Compiling vtagn\f-precot-gral-expo-v2.w
Compiling vtagn\f-precot-gral-expo.w
Compiling vtagn\f-preped-terceros-unificado.w
Compiling vtagn\f-review-npc-grupos.w
Compiling vtagn\i-cotizacion-general-v01.w
** Nombre de campo o variable desconocido - s-TpoPed. (201)
** d:\newsie\on_in_co\APLIC\vta2\descuentoxvolumenxlinearesumida.i No se entiende línea 26. (198)
Compiling vtagn\l-conped.w
Compiling vtagn\l-gn-clie-01.w
Compiling vtagn\l-listpr-01-back.w
Compiling vtagn\l-listpr-01.w
Compiling vtagn\l-listpr-02.w
Compiling vtagn\l-listpr-02bak.w
Compiling vtagn\l-listpr-exp.w
Compiling vtagn\l-promotor-v01.w
Compiling vtagn\l-uniabc.w
Compiling vtagn\l-vtaalmdiv-01.w
Compiling vtagn\l-vtacdocu-01.w
Compiling vtagn\l-vtaddocu-01.w
Compiling vtagn\mainmenu.w
Compiling vtagn\q-alerta-margen-min.w
Compiling vtagn\q-catmarco.w
Compiling vtagn\q-condiciones-de-venta.w
Compiling vtagn\q-ctickets.w
Compiling vtagn\q-detart-insti.w
Compiling vtagn\q-detart-may-p2.w
Compiling vtagn\q-detart-may.w
Compiling vtagn\q-detart-min.w
Compiling vtagn\q-dsctos-cndvta-propios.w
Compiling vtagn\q-dsctos-cndvta-terceros.w
Compiling vtagn\q-dtoprom-may.w
Compiling vtagn\q-gn-vend.w
Compiling vtagn\q-log-fchent.w
Compiling vtagn\q-matriz-selec.w
Compiling vtagn\q-prepedido-terceros.w
Compiling vtagn\q-vtacdocu-01.w
Compiling vtagn\q-vtacdocu-02.w
Compiling vtagn\r-ped-sin-cerrar.w
Compiling vtagn\t-cotcre-01.w
Compiling vtagn\t-cotcre-02.w
Compiling vtagn\t-cotcre-02A.w
Compiling vtagn\t-cotizacion-dcto-sunat.w
Compiling vtagn\t-cotizacion-general-v01 - copia (2).w
Compiling vtagn\t-cotizacion-general-v01 - copia.w
Compiling vtagn\t-cotizacion-general-v01.w
Compiling vtagn\t-cotizacion-general-v02.w
Compiling vtagn\t-cotizacion-general-v2.w
Compiling vtagn\t-cotizacion-sunat.w
Compiling vtagn\t-cotizacion-unif-express.w
Compiling vtagn\t-cotizacion-unificada-v2.w
Compiling vtagn\t-cotizacion-unificada.w
Compiling vtagn\t-import-edi-ibc-sede.w
Compiling vtagn\t-import-edi-ibc-sedec.w
Compiling vtagn\t-import-edi-ibc-unif.w
Compiling vtagn\t-matriz-det.w
Compiling vtagn\t-nota-de-pedido-v1 - copia.w
Compiling vtagn\t-nota-de-pedido-v1.w
Compiling vtagn\t-nota-de-pedido-v2.w
Compiling vtagn\t-orddes-01.w
Compiling vtagn\t-ped-market-sunat.w
Compiling vtagn\t-ped-market-unificado-v2.w
Compiling vtagn\t-ped-market-unificado.w
Compiling vtagn\t-ped-mostrador-gral.w
Compiling vtagn\t-ped-mostrador-sunat.w
Compiling vtagn\t-ped-mostrador-unificado-v2.w
Compiling vtagn\t-ped-mostrador-unificado.w
Compiling vtagn\t-ped-utilex-sunat.w
Compiling vtagn\t-ped-utilex-unificado-copia.w
Compiling vtagn\t-ped-utilex-unificado-v2.w
Compiling vtagn\t-ped-utilex-unificado.w
Compiling vtagn\t-pedcre-01.w
Compiling vtagn\t-pedido-cont-may.w
Compiling vtagn\t-pedido-credito-sunat.w
Compiling vtagn\t-pedido-utilex.w
Compiling vtagn\t-precotizacion-general-v01.w
Compiling vtagn\t-precotizacion-unificada-v2.w
Compiling vtagn\t-precotizacion-unificada.w
Compiling vtagn\t-preped-terceros-unificado.w
Compiling vtagn\v-alerta-margen-min.w
Compiling vtagn\v-condiciones-de-venta.w
Compiling vtagn\v-cotcre-01-bkp.w
Compiling vtagn\v-cotcre-01.w
Compiling vtagn\v-cotcre-02.w
Compiling vtagn\v-cotexp-01.w
Compiling vtagn\v-cotizacion-dcto-sunat.w
Compiling vtagn\v-cotizacion-general-v01.w
Compiling vtagn\v-cotizacion-general-v02.w
Compiling vtagn\v-cotizacion-general-v2.w
Compiling vtagn\v-cotizacion-sunat.w
Compiling vtagn\v-cotizacion-unificada-old.w
Compiling vtagn\v-cotizacion-unificada-v2.w
Compiling vtagn\v-cotizacion-unificada.w
Compiling vtagn\v-ctickets.w
Compiling vtagn\v-dsctos-cndvta.w
Compiling vtagn\v-dtoprom-insti - copia.w
Compiling vtagn\v-dtoprom-insti.w
Compiling vtagn\v-dtoprom-may-p2.w
Compiling vtagn\v-dtoprom-may.w
Compiling vtagn\v-dtoprom-min.w
Compiling vtagn\v-dtovol-may.w
Compiling vtagn\v-dtovol-min.w
Compiling vtagn\v-dtovolmarco.w
Compiling vtagn\v-gn-divi-01.w
Compiling vtagn\v-log-fchent.w
Compiling vtagn\v-nota-de-pedido-v1.w
Compiling vtagn\v-nota-de-pedido-v2.w
Compiling vtagn\v-orddes-01.w
Compiling vtagn\v-orden-de-venta.w
Compiling vtagn\v-ped-market-sunat.w
Compiling vtagn\v-ped-market-unificado-v2.w
Compiling vtagn\v-ped-market-unificado.w
Compiling vtagn\v-ped-mostrador-gral.w
Compiling vtagn\v-ped-mostrador-sunat.w
Compiling vtagn\v-ped-mostrador-unificado.w
Compiling vtagn\v-ped-utilex-sunat.w
Compiling vtagn\v-ped-utilex-unificado-copia.w
Compiling vtagn\v-ped-utilex-unificado-v2.w
Compiling vtagn\v-ped-utilex-unificado.w
Compiling vtagn\v-pedcre-01.w
Compiling vtagn\v-pedido-cont-may.w
Compiling vtagn\v-pedido-credito-sunat.w
Compiling vtagn\v-pedido-utilex.w
Compiling vtagn\v-precotizacion-general-v01.w
* AVISO- palabra TRANSACTION dentro de una transacción actual. (214)
Compiling vtagn\v-precotizacion-unificada-v2.w
Compiling vtagn\v-precotizacion-unificada.w
* AVISO- palabra TRANSACTION dentro de una transacción actual. (214)
Compiling vtagn\v-preped-terceros-unificado.w
Compiling vtagn\v-prepedido-terceros.w
Compiling vtagn\v-totcotcre-01.w
Compiling vtagn\v-uniofi-01.w
Compiling vtagn\vpedidocreditomay.w
Compiling vtagn\w-alerta-margen-min.w
Compiling vtagn\w-anexo-fac-bcp.w
Compiling vtagn\w-anular-pedidos.w
Compiling vtagn\w-aprobar-nota-de-pedido.w
Compiling vtagn\w-atenc-parcial.w
Compiling vtagn\w-campanas.w
Compiling vtagn\w-cfg-clie-emb-esp-sede.w
Compiling vtagn\w-cfg-clie-emb-especial.w
Compiling vtagn\w-ciecot.w
Compiling vtagn\w-cieo_d.w
Compiling vtagn\w-cieped.w
Compiling vtagn\w-clie-agrupados.w
Compiling vtagn\w-condiciones-de-venta.w
Compiling vtagn\w-confg-dcto-niveles-borrar.w
Compiling vtagn\w-confg-dcto-niveles-jefelineas.w
Compiling vtagn\w-confg-dcto-niveles-v2.w
Compiling vtagn\w-confg-dcto-niveles.w
Compiling vtagn\w-confg-listas-abast.w
Compiling vtagn\w-config-divisiones.w
Compiling vtagn\w-cotcre-01.w
Compiling vtagn\w-cotcre-02.w
Compiling vtagn\w-cotcre-02a.w
Compiling vtagn\w-cotcre-03.w
Compiling vtagn\w-cotexp-01.w
Compiling vtagn\w-cotizacion-dcto-sunat.w
Compiling vtagn\w-cotizacion-general-v01.w
Compiling vtagn\w-cotizacion-general-v02.w
Compiling vtagn\w-cotizacion-general-v2.w
Compiling vtagn\w-cotizacion-sunat.w
Compiling vtagn\w-cotizacion-unificada - copia.w
Compiling vtagn\w-cotizacion-unificada-v2.w
Compiling vtagn\w-cotizacion-unificada.w
Compiling vtagn\w-ctickets.w
Compiling vtagn\w-dcto-eventos.w
Compiling vtagn\w-dsblct.w
Compiling vtagn\w-dscto-despacho.w
Compiling vtagn\w-dscto-recojo.w
Compiling vtagn\w-ecom-comisiones.w
Compiling vtagn\w-factabla.w
Compiling vtagn\w-factura-por-fais-v2.w
Compiling vtagn\w-factura-por-fais-v3.w
Compiling vtagn\w-factura-por-fais-v4.w
Compiling vtagn\w-factura-por-fais-v4a-copia.w
Compiling vtagn\w-factura-por-fais-v4a.w
Compiling vtagn\w-factura-por-fais.w
Compiling vtagn\w-genera-ped-edi-ibc.w
Compiling vtagn\w-generacion_gr_x_fai_consolidado - copia.w
Compiling vtagn\w-generacion_gr_x_fai_consolidado.w
Compiling vtagn\w-gn-divi-01.w
Compiling vtagn\w-grupo-div-lin.w
Compiling vtagn\w-grupo-divi-gg.w
Compiling vtagn\w-ht-promociones.w
Compiling vtagn\w-import-edi-ibc.w
Compiling vtagn\w-lista-huancayo.w
Compiling vtagn\w-listacupones.w
Compiling vtagn\w-listainsti.w
Compiling vtagn\w-listamay-e12.w
Compiling vtagn\w-listamay-p2.w
Compiling vtagn\w-listamay.w
Compiling vtagn\w-listamin.w
Compiling vtagn\w-listaremates.w
Compiling vtagn\w-log-fchent.w
Compiling vtagn\w-margen-esperado-gg.w
Compiling vtagn\w-margen-utilidad-v2.w
Compiling vtagn\w-margen-utilidad.w
Compiling vtagn\w-nomrglin.w
Compiling vtagn\w-nota-de-pedido-v1.w
Compiling vtagn\w-nota-de-pedido-v2.w
Compiling vtagn\w-orddes-01.w
Compiling vtagn\w-orden-de-venta.w
Compiling vtagn\w-ped-market-gral.w
Compiling vtagn\w-ped-market-sunat.w
Compiling vtagn\w-ped-market-unificado-v2.w
Compiling vtagn\w-ped-market-unificado.w
Compiling vtagn\w-ped-mostrador-gral.w
Compiling vtagn\w-ped-mostrador-sunat.w
Compiling vtagn\w-ped-mostrador-unificado-v2.w
Compiling vtagn\w-ped-mostrador-unificado.w
Compiling vtagn\w-ped-utilex-sunat.w
Compiling vtagn\w-ped-utilex-unificado-copia.w
Compiling vtagn\w-ped-utilex-unificado-v2.w
Compiling vtagn\w-ped-utilex-unificado.w
Compiling vtagn\w-pedcre-01.w
Compiling vtagn\w-pedcre-02.w
Compiling vtagn\w-pedexp-01.w
Compiling vtagn\w-pedido-cont-may.w
Compiling vtagn\w-pedido-credito-sunat.w
Compiling vtagn\w-pedido-utilex.w
Compiling vtagn\w-precotizacion-general-v01.w
Compiling vtagn\w-precotizacion-unificada-v2.w
Compiling vtagn\w-precotizacion-unificada.w
Compiling vtagn\w-preped-terceros-unificado.w
Compiling vtagn\w-prepedido-terceros.w
Compiling vtagn\w-prom-2x1.w
Compiling vtagn\w-semaforo-margen-util-v2.w
Compiling vtagn\w-semaforo-margen-util.w
Compiling vtagn\w-switch-lf.w
Compiling vtagn\w-vigencia-lp-evento.w
Compiling vtagn\w-vtadtoesp.w
Compiling vtagn\w-vtalnegra-01.w
Compiling vtagn\wpedidocreditomay.w
Compiling vtagn\xxx.w
16:38:16 Looking for vtamay\*.p in d:\newsie\on_in_co\APLIC
Compiling vtamay\genera-cotizacion.p
Compiling vtamay\GLOBAL.P
Compiling vtamay\LINCRE.P
Compiling vtamay\p-comisiones-x-vtas.p
Compiling vtamay\precioconta-2.p
Compiling vtamay\precioconta-3.p
Compiling vtamay\precioconta.p
Compiling vtamay\PrecioVenta-2.p
Compiling vtamay\PrecioVenta-3.p
Compiling vtamay\PrecioVenta.p
Compiling vtamay\promociones-manuales.p
Compiling vtamay\PuntosBonus.p
Compiling vtamay\r-bole00005.P
Compiling vtamay\R-BOLE01-1.P
WARNING: modificador diferente a AT, TO, BGCOLOR, DCOLOR, FGCOLOR, FONT, o VIEW-AS TEXT para la constante " ADELANTO " fue ignorado. (3077)
Compiling vtamay\R-BOLE01-2.P
WARNING: modificador diferente a AT, TO, BGCOLOR, DCOLOR, FGCOLOR, FONT, o VIEW-AS TEXT para la constante " ADELANTO " fue ignorado. (3077)
Compiling vtamay\R-BOLE01.P
WARNING: modificador diferente a AT, TO, BGCOLOR, DCOLOR, FGCOLOR, FONT, o VIEW-AS TEXT para la constante " ADELANTO " fue ignorado. (3077)
Compiling vtamay\r-cotexplib-1.p
WARNING: modificador diferente a AT, TO, BGCOLOR, DCOLOR, FGCOLOR, FONT, o VIEW-AS TEXT para la constante " NETO A PAGAR :  " fue ignorado. (3077)
WARNING: modificador diferente a AT, TO, BGCOLOR, DCOLOR, FGCOLOR, FONT, o VIEW-AS TEXT para la constante " OBSERVACIONES :  " fue ignorado. (3077)
**No cabe LITERAL <OFICINA>  con TO dentro de FRAME F-HdrPed. (4027)
Ignorando la información de posición del TO (2054)
Compiling vtamay\r-cotexplib.p
WARNING: modificador diferente a AT, TO, BGCOLOR, DCOLOR, FGCOLOR, FONT, o VIEW-AS TEXT para la constante "   DTO.GLOBAL : " fue ignorado. (3077)
WARNING: modificador diferente a AT, TO, BGCOLOR, DCOLOR, FGCOLOR, FONT, o VIEW-AS TEXT para la constante " NETO A PAGAR :  " fue ignorado. (3077)
WARNING: modificador diferente a AT, TO, BGCOLOR, DCOLOR, FGCOLOR, FONT, o VIEW-AS TEXT para la constante " OBSERVACIONES :  " fue ignorado. (3077)
**No cabe LITERAL <OFICINA>  con TO dentro de FRAME F-HdrPed. (4027)
Ignorando la información de posición del TO (2054)
Compiling vtamay\r-cotiza-4-1.p
WARNING: modificador diferente a AT, TO, BGCOLOR, DCOLOR, FGCOLOR, FONT, o VIEW-AS TEXT para la constante "   DTO.GLOBAL : " fue ignorado. (3077)
WARNING: modificador diferente a AT, TO, BGCOLOR, DCOLOR, FGCOLOR, FONT, o VIEW-AS TEXT para la constante " NETO A PAGAR :  " fue ignorado. (3077)
WARNING: modificador diferente a AT, TO, BGCOLOR, DCOLOR, FGCOLOR, FONT, o VIEW-AS TEXT para la constante " OBSERVACIONES :  " fue ignorado. (3077)
**No cabe LITERAL <OFICINA>  con TO dentro de FRAME F-HdrPed. (4027)
Ignorando la información de posición del TO (2054)
Compiling vtamay\r-cotiza-4.p
WARNING: modificador diferente a AT, TO, BGCOLOR, DCOLOR, FGCOLOR, FONT, o VIEW-AS TEXT para la constante "   DTO.GLOBAL : " fue ignorado. (3077)
WARNING: modificador diferente a AT, TO, BGCOLOR, DCOLOR, FGCOLOR, FONT, o VIEW-AS TEXT para la constante " NETO A PAGAR :  " fue ignorado. (3077)
WARNING: modificador diferente a AT, TO, BGCOLOR, DCOLOR, FGCOLOR, FONT, o VIEW-AS TEXT para la constante " OBSERVACIONES :  " fue ignorado. (3077)
**No cabe LITERAL <OFICINA>  con TO dentro de FRAME F-HdrPed. (4027)
Ignorando la información de posición del TO (2054)
Compiling vtamay\r-fac00002-1.p
WARNING: modificador diferente a AT, TO, BGCOLOR, DCOLOR, FGCOLOR, FONT, o VIEW-AS TEXT para la constante "  " fue ignorado. (3077)
WARNING: modificador diferente a AT, TO, BGCOLOR, DCOLOR, FGCOLOR, FONT, o VIEW-AS TEXT para la constante " % " fue ignorado. (3077)
WARNING: modificador diferente a AT, TO, BGCOLOR, DCOLOR, FGCOLOR, FONT, o VIEW-AS TEXT para la constante " % " fue ignorado. (3077)
WARNING: modificador diferente a AT, TO, BGCOLOR, DCOLOR, FGCOLOR, FONT, o VIEW-AS TEXT para la constante " ADELANTO " fue ignorado. (3077)
Compiling vtamay\r-fac00002-1anda.p
WARNING: modificador diferente a AT, TO, BGCOLOR, DCOLOR, FGCOLOR, FONT, o VIEW-AS TEXT para la constante "  " fue ignorado. (3077)
WARNING: modificador diferente a AT, TO, BGCOLOR, DCOLOR, FGCOLOR, FONT, o VIEW-AS TEXT para la constante " % " fue ignorado. (3077)
WARNING: modificador diferente a AT, TO, BGCOLOR, DCOLOR, FGCOLOR, FONT, o VIEW-AS TEXT para la constante " % " fue ignorado. (3077)
WARNING: modificador diferente a AT, TO, BGCOLOR, DCOLOR, FGCOLOR, FONT, o VIEW-AS TEXT para la constante " ADELANTO " fue ignorado. (3077)
Compiling vtamay\r-fac00002-hori.p
WARNING: modificador diferente a AT, TO, BGCOLOR, DCOLOR, FGCOLOR, FONT, o VIEW-AS TEXT para la constante "  " fue ignorado. (3077)
WARNING: modificador diferente a AT, TO, BGCOLOR, DCOLOR, FGCOLOR, FONT, o VIEW-AS TEXT para la constante " % " fue ignorado. (3077)
WARNING: modificador diferente a AT, TO, BGCOLOR, DCOLOR, FGCOLOR, FONT, o VIEW-AS TEXT para la constante " % " fue ignorado. (3077)
WARNING: modificador diferente a AT, TO, BGCOLOR, DCOLOR, FGCOLOR, FONT, o VIEW-AS TEXT para la constante " ADELANTO " fue ignorado. (3077)
Compiling vtamay\r-fac00002.p
WARNING: modificador diferente a AT, TO, BGCOLOR, DCOLOR, FGCOLOR, FONT, o VIEW-AS TEXT para la constante "  " fue ignorado. (3077)
WARNING: modificador diferente a AT, TO, BGCOLOR, DCOLOR, FGCOLOR, FONT, o VIEW-AS TEXT para la constante " % " fue ignorado. (3077)
WARNING: modificador diferente a AT, TO, BGCOLOR, DCOLOR, FGCOLOR, FONT, o VIEW-AS TEXT para la constante " % " fue ignorado. (3077)
WARNING: modificador diferente a AT, TO, BGCOLOR, DCOLOR, FGCOLOR, FONT, o VIEW-AS TEXT para la constante " ADELANTO " fue ignorado. (3077)
Compiling vtamay\r-fac00002a-1.p
WARNING: modificador diferente a AT, TO, BGCOLOR, DCOLOR, FGCOLOR, FONT, o VIEW-AS TEXT para la constante "  " fue ignorado. (3077)
WARNING: modificador diferente a AT, TO, BGCOLOR, DCOLOR, FGCOLOR, FONT, o VIEW-AS TEXT para la constante " % " fue ignorado. (3077)
WARNING: modificador diferente a AT, TO, BGCOLOR, DCOLOR, FGCOLOR, FONT, o VIEW-AS TEXT para la constante " % " fue ignorado. (3077)
WARNING: modificador diferente a AT, TO, BGCOLOR, DCOLOR, FGCOLOR, FONT, o VIEW-AS TEXT para la constante " ADELANTO " fue ignorado. (3077)
Compiling vtamay\r-fac00002a.p
WARNING: modificador diferente a AT, TO, BGCOLOR, DCOLOR, FGCOLOR, FONT, o VIEW-AS TEXT para la constante "  " fue ignorado. (3077)
WARNING: modificador diferente a AT, TO, BGCOLOR, DCOLOR, FGCOLOR, FONT, o VIEW-AS TEXT para la constante " % " fue ignorado. (3077)
WARNING: modificador diferente a AT, TO, BGCOLOR, DCOLOR, FGCOLOR, FONT, o VIEW-AS TEXT para la constante " % " fue ignorado. (3077)
WARNING: modificador diferente a AT, TO, BGCOLOR, DCOLOR, FGCOLOR, FONT, o VIEW-AS TEXT para la constante " ADELANTO " fue ignorado. (3077)
Compiling vtamay\r-fac00003.p
WARNING: modificador diferente a AT, TO, BGCOLOR, DCOLOR, FGCOLOR, FONT, o VIEW-AS TEXT para la constante "  " fue ignorado. (3077)
WARNING: modificador diferente a AT, TO, BGCOLOR, DCOLOR, FGCOLOR, FONT, o VIEW-AS TEXT para la constante " % " fue ignorado. (3077)
WARNING: modificador diferente a AT, TO, BGCOLOR, DCOLOR, FGCOLOR, FONT, o VIEW-AS TEXT para la constante " % " fue ignorado. (3077)
Compiling vtamay\r-fac00005.p
WARNING: modificador diferente a AT, TO, BGCOLOR, DCOLOR, FGCOLOR, FONT, o VIEW-AS TEXT para la constante "  " fue ignorado. (3077)
WARNING: modificador diferente a AT, TO, BGCOLOR, DCOLOR, FGCOLOR, FONT, o VIEW-AS TEXT para la constante " % " fue ignorado. (3077)
WARNING: modificador diferente a AT, TO, BGCOLOR, DCOLOR, FGCOLOR, FONT, o VIEW-AS TEXT para la constante " % " fue ignorado. (3077)
Compiling vtamay\r-fac00011.p
Compiling vtamay\r-faccon.p
**No cabe EXPRESSION NomCli con AT dentro de FRAME F-Ftrfac. (4027)
Ignorando la información de posición del AT (2054)
Compiling vtamay\r-impgma-00026.p
Compiling vtamay\r-impgma-01.P
Compiling vtamay\r-impgma-03.p
Compiling vtamay\R-IMPGma.P
WARNING: modificador diferente a AT, TO, BGCOLOR, DCOLOR, FGCOLOR, FONT, o VIEW-AS TEXT para la constante " R E M I T E N T E " fue ignorado. (3077)
WARNING: modificador diferente a AT, TO, BGCOLOR, DCOLOR, FGCOLOR, FONT, o VIEW-AS TEXT para la constante " GUIA #  " fue ignorado. (3077)
Compiling vtamay\R-IMPGma00005.P
WARNING: modificador diferente a AT, TO, BGCOLOR, DCOLOR, FGCOLOR, FONT, o VIEW-AS TEXT para la constante " GUIA #  " fue ignorado. (3077)
Compiling vtamay\R-IMPPED-1.P
**No cabe LITERAL HORA :  con TO dentro de FRAME F-FtrPed. (4027)
Ignorando la información de posición del TO (2054)
**No cabe LITERAL << OFICINA >>  con TO dentro de FRAME F-HdrPed. (4027)
Ignorando la información de posición del TO (2054)
Compiling vtamay\R-IMPPED-2.P
**No cabe LITERAL HORA :  con TO dentro de FRAME F-FtrPed. (4027)
Ignorando la información de posición del TO (2054)
**No cabe LITERAL << OFICINA >>  con TO dentro de FRAME F-HdrPed. (4027)
Ignorando la información de posición del TO (2054)
Compiling vtamay\R-IMPPED.P
**No cabe LITERAL HORA :  con TO dentro de FRAME F-FtrPed. (4027)
Ignorando la información de posición del TO (2054)
**No cabe LITERAL << OFICINA >>  con TO dentro de FRAME F-HdrPed. (4027)
Ignorando la información de posición del TO (2054)
Compiling vtamay\r-imppmr.p
**No cabe LITERAL HORA :  con TO dentro de FRAME F-FtrPed. (4027)
Ignorando la información de posición del TO (2054)
Compiling vtamay\R-IMPVM-1.P
Compiling vtamay\r-impvm-2.P
Compiling vtamay\R-IMPVM.P
Compiling vtamay\R-ODES2.P
Compiling vtamay\r-odesp-001a.P
WARNING: modificador diferente a AT, TO, BGCOLOR, DCOLOR, FGCOLOR, FONT, o VIEW-AS TEXT para la constante " Sacador: ____________________ " fue ignorado. (3077)
WARNING: modificador diferente a AT, TO, BGCOLOR, DCOLOR, FGCOLOR, FONT, o VIEW-AS TEXT para la constante " Chequeador: ____________________ " fue ignorado. (3077)
Compiling vtamay\r-odesp-001b.P
WARNING: modificador diferente a AT, TO, BGCOLOR, DCOLOR, FGCOLOR, FONT, o VIEW-AS TEXT para la constante " Sacador: ____________________ " fue ignorado. (3077)
WARNING: modificador diferente a AT, TO, BGCOLOR, DCOLOR, FGCOLOR, FONT, o VIEW-AS TEXT para la constante " Chequeador: ____________________ " fue ignorado. (3077)
Compiling vtamay\r-odesp-01.P
Compiling vtamay\r-odesp-01a.P
WARNING: modificador diferente a AT, TO, BGCOLOR, DCOLOR, FGCOLOR, FONT, o VIEW-AS TEXT para la constante " Sacador: ____________________ " fue ignorado. (3077)
WARNING: modificador diferente a AT, TO, BGCOLOR, DCOLOR, FGCOLOR, FONT, o VIEW-AS TEXT para la constante " Cliente: ____________________ " fue ignorado. (3077)
Compiling vtamay\r-odesp-01b.P
WARNING: modificador diferente a AT, TO, BGCOLOR, DCOLOR, FGCOLOR, FONT, o VIEW-AS TEXT para la constante " Sacador    : ____________________ " fue ignorado. (3077)
WARNING: modificador diferente a AT, TO, BGCOLOR, DCOLOR, FGCOLOR, FONT, o VIEW-AS TEXT para la constante " Chequeador : ____________________ " fue ignorado. (3077)
Compiling vtamay\R-ODESP.P
Compiling vtamay\STKDISPO.P
16:38:26 Looking for vtamay\*.w in d:\newsie\on_in_co\APLIC
Compiling vtamay\b-almvta.w
Compiling vtamay\b-aprode-4.w
Compiling vtamay\b-aprpce-3.w
Compiling vtamay\b-aprpce.w
Compiling vtamay\b-aprpcr-3.w
Compiling vtamay\b-aprpcr-4.w
Compiling vtamay\b-aprpcr.w
Compiling vtamay\b-bono01.w
Compiling vtamay\b-catmrd.w
Compiling vtamay\b-chqorden-4.w
Compiling vtamay\b-chqped.w
** "Detalle de C-Detalle"--Indice de tabla 1 debe ser campo en tabla 2. (230)
** d:\newsie\on_in_co\APLIC\vtamay\b-chqped.w No se entiende línea 692. (196)
Compiling vtamay\b-chqpedcre.w
Compiling vtamay\b-chqpedmos-01.w
Compiling vtamay\b-chqpedmos.bak.w
Compiling vtamay\b-chqpedmos.w
Compiling vtamay\b-ciecot-1.w
Compiling vtamay\b-ciecot-2.w
Compiling vtamay\b-cieord-04-1.w
Compiling vtamay\b-cieped-4.w
Compiling vtamay\b-cotiza-2-1.w
Compiling vtamay\b-cotiza-2.w
Compiling vtamay\b-cotiza-3.w
Compiling vtamay\b-cotiza-4-1.w
Compiling vtamay\b-cotiza-4-2a.w
Compiling vtamay\b-cotiza-4.w
Compiling vtamay\b-cotiza-4exp.w
Compiling vtamay\B-COTPEN.W
Compiling vtamay\b-cotven-2.w
Compiling vtamay\B-COTVEN.W
Compiling vtamay\b-dacti-1.w
Compiling vtamay\b-dacti.w
Compiling vtamay\b-detcatvta.w
Compiling vtamay\b-docmto-1.w
Compiling vtamay\B-DOCMTO.W
Compiling vtamay\b-dpromo-1.w
Compiling vtamay\b-dpromo-2.w
Compiling vtamay\b-dtoclfter.w
Compiling vtamay\b-dtocot-2-1.w
Compiling vtamay\b-dtocot-2.w
Compiling vtamay\b-dtocot.w
Compiling vtamay\b-dtomos-1.w
Compiling vtamay\B-DTOMOS.W
Compiling vtamay\b-faccre-04.w
Compiling vtamay\b-factab.w
Compiling vtamay\B-factu.w
Compiling vtamay\b-guias-04.w
Compiling vtamay\B-GUIman.W
Compiling vtamay\b-listaprov.w
Compiling vtamay\b-pedid1.w
Compiling vtamay\b-pedid2.w
Compiling vtamay\b-pedido-3-1.w
Compiling vtamay\b-pedido-3.w
Compiling vtamay\b-pedido-4.w
Compiling vtamay\B-PEDIDO.W
Compiling vtamay\b-pedmos-2-1.w
Compiling vtamay\b-pedmos-2.w
Compiling vtamay\b-pedmos-4.w
Compiling vtamay\b-pedmos-4min.w
Compiling vtamay\B-PEDPEN.W
Compiling vtamay\b-pedpropen.w
Compiling vtamay\b-pickorden-4.w
Compiling vtamay\b-pickpedcre.w
** "FacDPedi de PEDI"--Indice de tabla 1 debe ser campo en tabla 2. (230)
** d:\newsie\on_in_co\APLIC\vtamay\b-pickpedcre.w No se entiende línea 656. (196)
Compiling vtamay\b-pickpedido.w
Compiling vtamay\b-por-comision-x-vtas.w
Compiling vtamay\b-precotiza.w
Compiling vtamay\b-rcl002.w
Compiling vtamay\b-rcl002a.w
Compiling vtamay\b-rcl002_01.w
Compiling vtamay\b-rcl003.w
Compiling vtamay\b-resped.w
Compiling vtamay\b-stkalm.w
Compiling vtamay\b-tabbon.w
Compiling vtamay\b-tdtoco-1.w
Compiling vtamay\b-tdtoco-2-1.w
Compiling vtamay\b-tdtoco.w
Compiling vtamay\b-tdtomo-1.w
Compiling vtamay\B-TDTOMO.W
Compiling vtamay\b-tmpdoc-1.w
Compiling vtamay\b-tmpdoc-3-1.w
Compiling vtamay\b-tmpdoc-3.w
Compiling vtamay\B-TMPDOC.W
Compiling vtamay\B-TMPGUm.W
Compiling vtamay\b-tmpvtm.w
Compiling vtamay\b-tmpvtm02.w
Compiling vtamay\b-tmpvtm03.w
Compiling vtamay\b-vtamos.w
Compiling vtamay\b-vtamrd.w
Compiling vtamay\b-vtaprov.w
Compiling vtamay\bConRecl.w
** El carácter número 11 del formato 99/99/9999 HH:MM:SS.SSS es inválido. (22)
** d:\newsie\on_in_co\APLIC\vtamay\bConRecl.w No se entiende línea 211. (196)
Compiling vtamay\c-conped - copia.w
Compiling vtamay\c-conped.w
Compiling vtamay\c-cotpen-2-2.w
Compiling vtamay\c-cotpen-2.w
Compiling vtamay\C-uniabc.w
Compiling vtamay\C-uniofi.w
Compiling vtamay\d-cacti.w
Compiling vtamay\d-chqped.w
Compiling vtamay\D-clave.w
Compiling vtamay\D-CMPBT1.W
Compiling vtamay\D-CMPBTE.W
Compiling vtamay\d-cotiz2.w
Compiling vtamay\d-cotiza-3.w
Compiling vtamay\d-cotiza-4.w
Compiling vtamay\d-cotiza.w
Compiling vtamay\d-cotmos-4.w
Compiling vtamay\d-cotpen.w
WARNING: modificador diferente a AT, TO, BGCOLOR, DCOLOR, FGCOLOR, FONT, o VIEW-AS TEXT para la constante " COTIZACIONES POR ATENDER OFICINA " fue ignorado. (3077)
WARNING: modificador diferente a AT, TO, BGCOLOR, DCOLOR, FGCOLOR, FONT, o VIEW-AS TEXT para la constante " Pag.  :  " fue ignorado. (3077)
WARNING: modificador diferente a AT, TO, BGCOLOR, DCOLOR, FGCOLOR, FONT, o VIEW-AS TEXT para la constante " Desde :  " fue ignorado. (3077)
WARNING: modificador diferente a AT, TO, BGCOLOR, DCOLOR, FGCOLOR, FONT, o VIEW-AS TEXT para la constante " Fecha :  " fue ignorado. (3077)
WARNING: modificador diferente a AT, TO, BGCOLOR, DCOLOR, FGCOLOR, FONT, o VIEW-AS TEXT para la constante " COTIZACIONES POR ATENDER OFICINA " fue ignorado. (3077)
WARNING: modificador diferente a AT, TO, BGCOLOR, DCOLOR, FGCOLOR, FONT, o VIEW-AS TEXT para la constante " Pag.  :  " fue ignorado. (3077)
WARNING: modificador diferente a AT, TO, BGCOLOR, DCOLOR, FGCOLOR, FONT, o VIEW-AS TEXT para la constante " Desde :  " fue ignorado. (3077)
WARNING: modificador diferente a AT, TO, BGCOLOR, DCOLOR, FGCOLOR, FONT, o VIEW-AS TEXT para la constante " Fecha :  " fue ignorado. (3077)
WARNING: modificador diferente a AT, TO, BGCOLOR, DCOLOR, FGCOLOR, FONT, o VIEW-AS TEXT para la constante " COTIZACIONES POR ATENDER OFICINA " fue ignorado. (3077)
WARNING: modificador diferente a AT, TO, BGCOLOR, DCOLOR, FGCOLOR, FONT, o VIEW-AS TEXT para la constante " Pag.  :  " fue ignorado. (3077)
WARNING: modificador diferente a AT, TO, BGCOLOR, DCOLOR, FGCOLOR, FONT, o VIEW-AS TEXT para la constante " Desde :  " fue ignorado. (3077)
WARNING: modificador diferente a AT, TO, BGCOLOR, DCOLOR, FGCOLOR, FONT, o VIEW-AS TEXT para la constante " Fecha :  " fue ignorado. (3077)
Compiling vtamay\d-despto.w
Compiling vtamay\d-factur.w
Compiling vtamay\d-impped.w
Compiling vtamay\d-listpr2.w
Compiling vtamay\d-mrgped.w
Compiling vtamay\d-mrgpem.w
Compiling vtamay\d-pedapr-4.w
Compiling vtamay\D-pedapr.w
Compiling vtamay\D-PEDCON-2.w
Compiling vtamay\D-PEDCON.W
Compiling vtamay\d-pedido-2.w
Compiling vtamay\d-pedmos-3.w
Compiling vtamay\d-pedmos-4.w
Compiling vtamay\d-pingreso-afectan-pnc-dif-precio.w
Compiling vtamay\d-promociones-manuales.w
Compiling vtamay\D-PTOACUM.W
Compiling vtamay\d-rcl002.w
Compiling vtamay\D-regcar.w
Compiling vtamay\d-regcli.w
Compiling vtamay\d-rescot-2.w
Compiling vtamay\d-rescot.w
Compiling vtamay\d-sdocot.w
Compiling vtamay\d-stkalm.w
Compiling vtamay\d-trfsal-01.w
Compiling vtamay\d-vtacorr-ped.w
Compiling vtamay\d-vtacorr.w
Compiling vtamay\d-vtafru.w
Compiling vtamay\d-vtamrd.w
Compiling vtamay\d-vtaprov.w
Compiling vtamay\g-CLAVE.W
Compiling vtamay\galmdesped.w
Compiling vtamay\galmdespm.w
Compiling vtamay\gCiePedCre.w
Compiling vtamay\gCiePedMos.w
Compiling vtamay\gResPed-4.w
Compiling vtamay\gResPed-4a.w
Compiling vtamay\gVtaCli.w
Compiling vtamay\l-cmpbte-2.w
Compiling vtamay\l-cmpbte-3.w
Compiling vtamay\L-CMPBTE.W
Compiling vtamay\l-cmpbte3.w
Compiling vtamay\l-conped-bak.w
Compiling vtamay\l-conped.w
Compiling vtamay\l-cotpen-2-2.w
Compiling vtamay\l-cotpen-2.w
Compiling vtamay\l-pages.w
Compiling vtamay\l-reiode.w
Compiling vtamay\l-uniabc.w
Compiling vtamay\MAINMENU.W
Compiling vtamay\q-cacti-1.w
Compiling vtamay\q-cacti.w
Compiling vtamay\Q-CMPBTE.W
Compiling vtamay\q-cotexp-4-2.w
Compiling vtamay\q-cpromo.w
Compiling vtamay\Q-DOCMTO.W
Compiling vtamay\q-dtocot-4.w
Compiling vtamay\Q-DTOMOS.W
Compiling vtamay\Q-DTOPED.W
Compiling vtamay\q-faccon.w
Compiling vtamay\q-faccpe.w
Compiling vtamay\Q-GUIman.W
Compiling vtamay\q-orddes-4.w
Compiling vtamay\Q-PEDCON.W
Compiling vtamay\q-pedcond2.w
Compiling vtamay\q-pedido-2.w
Compiling vtamay\q-pedido-2a.w
Compiling vtamay\q-pedido-3.w
Compiling vtamay\q-pedido-4.w
Compiling vtamay\Q-PEDIDO.W
Compiling vtamay\q-rcl001.w
Compiling vtamay\q-rcl001_01.w
Compiling vtamay\q-tarcre.w
Compiling vtamay\Q-VTAMOS.W
Compiling vtamay\r-frumos.w
Compiling vtamay\r-mrd001.w
Compiling vtamay\r-rcl001.w
Compiling vtamay\r-repo01.w
Compiling vtamay\r-repo02.w
Compiling vtamay\r-repo03.w
Compiling vtamay\r-repo05.w
Compiling vtamay\r-repo07.w
Compiling vtamay\r-repo08.w
Compiling vtamay\r-rescot-2.w
Compiling vtamay\r-rescot.w
Compiling vtamay\t-cotexp-2x-1.w
Compiling vtamay\t-cotiza-2.w
Compiling vtamay\t-cotiza-3-1.w
Compiling vtamay\t-cotiza-3.w
Compiling vtamay\t-cotiza-3a.w
Compiling vtamay\t-cotiza-4-1.w
Compiling vtamay\t-cotiza-4-2a.w
Compiling vtamay\t-cotiza-4.w
Compiling vtamay\t-cotiza-4a.w
Compiling vtamay\t-cotiza-4exp-1.w
Compiling vtamay\t-cotiza-4exp.w
Compiling vtamay\t-cotiza-p.w
Compiling vtamay\t-cotmos-2-1.w
Compiling vtamay\t-cotmos-2.w
Compiling vtamay\t-cotmos-4.w
Compiling vtamay\t-cotmos-4a.w
Compiling vtamay\t-dtocot-4-1.w
Compiling vtamay\t-dtocot-4.w
Compiling vtamay\t-faccre-04.w
Compiling vtamay\t-gncard.w
Compiling vtamay\t-orddes-4.w
Compiling vtamay\t-pedido-2.w
Compiling vtamay\t-pedido-3-1.w
Compiling vtamay\t-pedido-3.w
Compiling vtamay\t-pedido-4.w
Compiling vtamay\t-pedido-xxx.w
Compiling vtamay\t-pedmos-2.w
Compiling vtamay\t-pedmos-3-1.w
Compiling vtamay\t-pedmos-3.w
Compiling vtamay\t-pedmos-3a.w
Compiling vtamay\t-pedmos-3old.w
Compiling vtamay\t-pedmos-4.w
Compiling vtamay\t-pedmos-4a.w
Compiling vtamay\t-pedmos-4b.w
Compiling vtamay\t-pedmos-4min.w
Compiling vtamay\t-vtacorr-ped.w
Compiling vtamay\t-vtacorr.w
Compiling vtamay\t-vtafru.w
Compiling vtamay\v-cacti.w
Compiling vtamay\v-cotiza-2.w
Compiling vtamay\v-cotiza-3-1.w
Compiling vtamay\v-cotiza-3.w
Compiling vtamay\v-cotiza-4-1.w
Compiling vtamay\v-cotiza-4.w
Compiling vtamay\v-cotiza-4exp-1.w
Compiling vtamay\v-cotiza-4exp-2.w
Compiling vtamay\v-cotiza-4exp-2a.w
Compiling vtamay\v-cotiza-4exp.w
Compiling vtamay\v-cotiza-p.w
Compiling vtamay\V-COTIZA.W
Compiling vtamay\v-cotizad2.w
Compiling vtamay\v-cotmos-2-1.w
Compiling vtamay\v-cotmos-2.w
Compiling vtamay\v-cotmos-4.w
Compiling vtamay\v-cpromo.w
Compiling vtamay\v-docmto.w
Compiling vtamay\v-dtocot-1.w
Compiling vtamay\v-dtocot-2-1.w
Compiling vtamay\v-dtocot-4-1.w
Compiling vtamay\v-dtocot-4.w
Compiling vtamay\v-dtocot.w
Compiling vtamay\v-dtomos-1.w
Compiling vtamay\V-DTOMOS.W
Compiling vtamay\v-faccon.w
Compiling vtamay\v-faccre-04.w
Compiling vtamay\v-faccre-4ade.w
Compiling vtamay\v-faccre-4adeback.w
Compiling vtamay\v-factur-01.w
** Nombre de campo duplicado CodRef. (697)
** d:\newsie\on_in_co\APLIC\vtamay\v-factur-01.w No se entiende línea 94. (196)
Compiling vtamay\v-factur-1.w
Compiling vtamay\v-factur-3-1.w
Compiling vtamay\v-factur-3.w
ADVERTENCIA: La frase EXCEPT de la instrucción BUFFER-COPY solo cumple con los campos en el buffer de origen. Ignorando  'ImpTot2'. (5378)
Compiling vtamay\V-FACTUR.W
** Nombre de campo duplicado CodRef. (697)
** d:\newsie\on_in_co\APLIC\vtamay\V-FACTUR.W No se entiende línea 94. (196)
Compiling vtamay\v-guias-04.w
Compiling vtamay\v-guiman-01.w
Compiling vtamay\V-GUIman.W
Compiling vtamay\v-obscre.w
Compiling vtamay\v-obsvta.w
Compiling vtamay\v-orddes-4.w
** Variable o nombre de propiedad duplicado --LocalCounter. (218)
** d:\newsie\on_in_co\APLIC\lib\lock.i No se entiende línea 66. (196)
Compiling vtamay\v-pedido-2.w
Compiling vtamay\v-pedido-3-1.w
Compiling vtamay\v-pedido-3.w
Compiling vtamay\v-pedido-4 - Copy.w
Compiling vtamay\v-pedido-4.w
Compiling vtamay\V-PEDIDO.W
Compiling vtamay\v-pedmos-2.w
Compiling vtamay\v-pedmos-3-1.w
Compiling vtamay\v-pedmos-3.w
Compiling vtamay\v-pedmos-4.w
Compiling vtamay\v-pedmos-4min-1.w
Compiling vtamay\v-pedmos-4min.w
Compiling vtamay\v-precotiza.w
Compiling vtamay\v-rcl001.w
Compiling vtamay\v-rcl001_01.w
Compiling vtamay\v-rcl002.w
Compiling vtamay\v-resped.w
Compiling vtamay\v-tarcre.w
Compiling vtamay\v-totales-4.w
Compiling vtamay\v-uniofi.w
Compiling vtamay\v-vtabch.w
Compiling vtamay\v-vtabch03.w
Compiling vtamay\v-vtacli.w
Compiling vtamay\v-vtamrd-1.w
Compiling vtamay\v-vtamrd.w
Compiling vtamay\w-agtrans-02.w
Compiling vtamay\w-agtrans-03.w
Compiling vtamay\w-almvta.w
Compiling vtamay\w-aprode-4.w
Compiling vtamay\w-aprpce-3.w
Compiling vtamay\w-aprpce.w
Compiling vtamay\w-aprpcr-3.w
Compiling vtamay\w-aprpcr-4.w
Compiling vtamay\w-aprpcr.w
Compiling vtamay\w-bono01.w
Compiling vtamay\w-cacti-1.w
Compiling vtamay\w-cacti.w
Compiling vtamay\w-catmrd.w
Compiling vtamay\w-chqorden-4.w
Compiling vtamay\w-chqped.w
Compiling vtamay\w-chqpedcre.w
Compiling vtamay\w-chqpedmos-01.w
Compiling vtamay\w-chqpedmos.w
Compiling vtamay\w-ciecot.w
Compiling vtamay\w-cieord-04.w
Compiling vtamay\w-cieped-4.w
Compiling vtamay\w-cmpbte-2.w
Compiling vtamay\W-CMPBTE.W
Compiling vtamay\W-CMPBTE3.w
Compiling vtamay\w-comisiones-x-vtas.w
Nombre de Base de Datos estavtas desconocida. (855)
Nombre de Base de Datos estavtas desconocida. (855)
Tabla desconocida o ambigua ventas (725)
** d:\newsie\on_in_co\APLIC\vtamay\w-comisiones-x-vtas.w No se entiende línea 540. (196)
Compiling vtamay\w-cotiza-2.w
Compiling vtamay\w-cotiza-3-1.w
Compiling vtamay\w-cotiza-3.w
Compiling vtamay\w-cotiza-4.w
Compiling vtamay\w-cotiza-4ate-1.w
Compiling vtamay\w-cotiza-4ate.w
Compiling vtamay\w-cotiza-4exp-1.w
Compiling vtamay\w-cotiza-4exp-2.w
Compiling vtamay\w-cotiza-4exp-2a.w
Compiling vtamay\w-cotiza-4exp.w
Compiling vtamay\w-cotiza-4expb.w
Compiling vtamay\w-cotiza-4sup.w
Compiling vtamay\w-cotiza-p.w
Compiling vtamay\w-cotmos-2-1.w
Compiling vtamay\w-cotmos-2.w
Compiling vtamay\w-cotmos-4.w
Compiling vtamay\W-COTPEN.W
Compiling vtamay\w-cotven-2.w
Compiling vtamay\W-COTVEN.W
Compiling vtamay\w-cpromo.w
Compiling vtamay\w-dtoclfter.w
Compiling vtamay\w-dtocot-1.w
Compiling vtamay\w-dtocot-2-1.w
Compiling vtamay\w-dtocot-2.w
Compiling vtamay\w-dtocot-4-1.w
Compiling vtamay\w-dtocot-4.w
Compiling vtamay\W-DTOMOS-1.W
Compiling vtamay\W-DTOMOS.W
Compiling vtamay\W-DTOMOSC.W
Compiling vtamay\w-faccon.w
Compiling vtamay\w-faccre-04.w
Compiling vtamay\w-faccre-4ade.w
Compiling vtamay\w-factab.w
Compiling vtamay\w-factur-01.w
Compiling vtamay\w-factur-3-1.w
Compiling vtamay\w-factur-3.w
Compiling vtamay\W-FACTUR.W
Compiling vtamay\w-guias-04.w
Compiling vtamay\w-guiman-01.w
Compiling vtamay\W-GUiman.W
Compiling vtamay\w-ingmate.w
Compiling vtamay\w-odpend2.w
Compiling vtamay\w-odpend2a.w
Compiling vtamay\w-orddes-4.w
Compiling vtamay\w-ordmos-4.w
Compiling vtamay\w-pedido-2.w
Compiling vtamay\w-pedido-3-1.w
Compiling vtamay\w-pedido-3.w
Compiling vtamay\w-pedido-4.w
Compiling vtamay\w-pedmos-2.w
Compiling vtamay\w-pedmos-3-1.w
Compiling vtamay\w-pedmos-3.w
Compiling vtamay\w-pedmos-4.w
Compiling vtamay\w-pedmos-4min.w
Compiling vtamay\W-PEDOFI.W
Compiling vtamay\w-pedpro-1.w
Compiling vtamay\W-PEDPRO.W
Compiling vtamay\w-pickorden-4.w
Compiling vtamay\w-pickpedcred.w
Compiling vtamay\w-pickpedido.w
Compiling vtamay\w-pingreso-afectan-pnc-dif-precio.w
Compiling vtamay\w-por-comision-x-vtas.w
Compiling vtamay\w-precotiza.w
Compiling vtamay\w-rcl001.w
Compiling vtamay\w-rcl001_01.w
Compiling vtamay\w-rcl002.w
Compiling vtamay\w-rcl002_01.w
Compiling vtamay\w-rcl003.w
Compiling vtamay\w-reiode.W
Compiling vtamay\w-resped.w
Compiling vtamay\w-tabbon.w
Compiling vtamay\W-tarcre.w
Compiling vtamay\W-vtabch.w
Compiling vtamay\W-vtabch02.w
Compiling vtamay\W-vtabch03.w
Compiling vtamay\w-vtacli.w
Compiling vtamay\w-vtamrd.w
Compiling vtamay\wConRecl.w
